10-31 14:54:25.066 D/GSM     (  907): [DataConnectionTracker] cid[1] rx:0 preRx:0, tx:0 preTx:0
10-31 14:54:25.097 D/GSM     (  907): [DataConnectionTracker] cid[2] rx:0 preRx:0, tx:0 preTx:0
10-31 14:54:25.167 D/GSM     (  907): [DataConnectionTracker] netStatPollPeriod: 1000
10-31 14:54:25.167 D/GSM     (  907): [DataConnectionTracker]                                      
10-31 14:54:26.175 D/GSM     (  907): [DataConnectionTracker] cid[0] rx:3842 preRx:3833, tx:2579 preTx:2573
10-31 14:54:26.175 D/GSM     (  907): [DataConnectionTracker] cid[0] sent:6 received: 9 sentSinceLastRecv:0
10-31 14:54:26.214 D/GSM     (  907): [DataConnectionTracker] cid[1] rx:0 preRx:0, tx:0 preTx:0
10-31 14:54:26.261 D/GSM     (  907): [DataConnectionTracker] cid[2] rx:0 preRx:0, tx:0 preTx:0
10-31 14:54:26.300 D/GSM     (  907): [DataConnectionTracker] netStatPollPeriod: 1000
10-31 14:54:26.300 D/GSM     (  907): [DataConnectionTracker]                                      
10-31 14:54:26.683 D/RILJ    (  907): [0519]> SCREEN_STATE: false
10-31 14:54:26.683 V/RILJ    (  907): >>>>RIL Send: 
10-31 14:54:26.683 I/RILC    (  749): onRequest: SCREEN_STATE ,token=519
10-31 14:54:26.683 I/RILC    (  749): OnRequest: RIL_REQUEST_SCREEN_STATE
10-31 14:54:26.683 I/RILC    (  749): AT[1]> AT+CREG=0
10-31 14:54:26.691 I/RILC    (  749): monitor receive begin
10-31 14:54:26.691 I/RILC    (  749): monitor receive pCh[1]< 1 bytes 
10-31 14:54:26.691 I/RILC    (  749): monitor receive end
10-31 14:54:26.691 I/RILC    (  749): AT[1]< 
10-31 14:54:26.691 I/RILC    (  749): monitor receive begin
10-31 14:54:26.691 I/RILC    (  749): monitor receive pCh[1]< 1 bytes 
10-31 14:54:26.691 I/RILC    (  749): monitor receive end
10-31 14:54:26.691 I/RILC    (  749): AT[1]< 
10-31 14:54:26.691 I/RILC    (  749): monitor receive begin
10-31 14:54:26.691 I/RILC    (  749): monitor receive pCh[1]< 3 bytes OK
10-31 14:54:26.691 I/RILC    (  749): monitor receive end
10-31 14:54:26.691 I/RILC    (  749): AT[1]< OK
10-31 14:54:26.691 I/RILC    (  749): monitor receive begin
10-31 14:54:26.691 I/RILC    (  749): monitor receive pCh[1]< 1 bytes 
10-31 14:54:26.691 I/RILC    (  749): monitor receive end
10-31 14:54:26.691 I/RILC    (  749): AT[1]< 
10-31 14:54:26.691 I/RILC    (  749): [RILD:1] response ready = [OK]
10-31 14:54:26.691 I/RILC    (  749): AT[1]> AT+CGREG=0
10-31 14:54:26.700 D/GSM     (  907): [DataConnectionTracker] Received Intent: android.intent.action.SCREEN_OFF
10-31 14:54:26.700 D/GSM     (  907): [DataConnectionTracker] Stop poll NetStat
10-31 14:54:26.700 D/GSM     (  907): [DataConnectionTracker] Start poll NetStat
10-31 14:54:26.722 I/RILC    (  749): monitor receive begin
10-31 14:54:26.722 I/RILC    (  749): monitor receive pCh[1]< 1 bytes 
10-31 14:54:26.722 I/RILC    (  749): monitor receive end
10-31 14:54:26.722 I/RILC    (  749): AT[1]< 
10-31 14:54:26.722 I/RILC    (  749): monitor receive begin
10-31 14:54:26.722 I/RILC    (  749): monitor receive pCh[1]< 1 bytes 
10-31 14:54:26.722 I/RILC    (  749): monitor receive end
10-31 14:54:26.722 I/RILC    (  749): AT[1]< 
10-31 14:54:26.722 I/RILC    (  749): monitor receive begin
10-31 14:54:26.722 I/RILC    (  749): monitor receive pCh[1]< 3 bytes OK
10-31 14:54:26.722 I/RILC    (  749): monitor receive end
10-31 14:54:26.722 I/RILC    (  749): AT[1]< OK
10-31 14:54:26.722 I/RILC    (  749): monitor receive begin
10-31 14:54:26.722 I/RILC    (  749): monitor receive pCh[1]< 1 bytes 
10-31 14:54:26.722 I/RILC    (  749): monitor receive end
10-31 14:54:26.722 I/RILC    (  749): AT[1]< 
10-31 14:54:26.722 I/RILC    (  749): [RILD:1] response ready = [OK]
10-31 14:54:26.722 I/RILC    (  749): AT[1]> AT+ESQOPT=2
10-31 14:54:26.722 D/GSM     (  907): [DataConnectionTracker] cid[0] rx:3845 preRx:-1, tx:2581 preTx:-1
10-31 14:54:26.746 I/RILC    (  749): monitor receive begin
10-31 14:54:26.746 I/RILC    (  749): monitor receive pCh[1]< 1 bytes 
10-31 14:54:26.746 I/RILC    (  749): monitor receive end
10-31 14:54:26.746 I/RILC    (  749): AT[1]< 
10-31 14:54:26.746 I/RILC    (  749): monitor receive begin
10-31 14:54:26.746 I/RILC    (  749): monitor receive pCh[1]< 1 bytes 
10-31 14:54:26.746 I/RILC    (  749): monitor receive end
10-31 14:54:26.746 I/RILC    (  749): AT[1]< 
10-31 14:54:26.746 I/RILC    (  749): monitor receive begin
10-31 14:54:26.746 I/RILC    (  749): monitor receive pCh[1]< 3 bytes OK
10-31 14:54:26.746 I/RILC    (  749): monitor receive end
10-31 14:54:26.746 I/RILC    (  749): AT[1]< OK
10-31 14:54:26.746 I/RILC    (  749): monitor receive begin
10-31 14:54:26.746 I/RILC    (  749): monitor receive pCh[1]< 1 bytes 
10-31 14:54:26.746 I/RILC    (  749): monitor receive end
10-31 14:54:26.746 I/RILC    (  749): AT[1]< 
10-31 14:54:26.746 I/RILC    (  749): [RILD:1] response ready = [OK]
10-31 14:54:26.746 I/RILC    (  749): AT[1]> AT+EEMOPT=0
10-31 14:54:26.746 I/RILC    (  749): monitor receive begin
10-31 14:54:26.746 I/RILC    (  749): monitor receive pCh[1]< 3 bytes OK
10-31 14:54:26.746 I/RILC    (  749): monitor receive end
10-31 14:54:26.746 I/RILC    (  749): AT[1]< OK
10-31 14:54:26.746 I/RILC    (  749): monitor receive begin
10-31 14:54:26.746 I/RILC    (  749): monitor receive pCh[1]< 1 bytes 
10-31 14:54:26.746 I/RILC    (  749): monitor receive end
10-31 14:54:26.746 I/RILC    (  749): AT[1]< 
10-31 14:54:26.746 I/RILC    (  749): [RILD:1] response ready = [OK]
10-31 14:54:26.746 V/RILJ    (  907): <<<<<RIL Recv: 
10-31 14:54:26.746 D/RILJ    (  907): [0519]< SCREEN_STATE 
10-31 14:54:26.964 D/GSM     (  907): [DataConnectionTracker] cid[1] rx:0 preRx:-1, tx:0 preTx:-1
10-31 14:54:27.160 D/GSM     (  907): [DataConnectionTracker] cid[2] rx:0 preRx:-1, tx:0 preTx:-1
10-31 14:54:27.183 D/GSM     (  907): [DataConnectionTracker] netStatPollPeriod: 600000
10-31 14:54:27.183 D/GSM     (  907): [DataConnectionTracker]                                      
10-31 14:54:46.871 D/RILJ    (  907): [0520]> SCREEN_STATE: true
10-31 14:54:46.871 V/RILJ    (  907): >>>>RIL Send: 
10-31 14:54:46.879 I/RILC    (  749): onRequest: SCREEN_STATE ,token=520
10-31 14:54:46.879 I/RILC    (  749): OnRequest: RIL_REQUEST_SCREEN_STATE
10-31 14:54:46.894 D/GSM     (  907): [DataConnectionTracker] Received Intent: android.intent.action.SCREEN_ON
10-31 14:54:46.894 D/GSM     (  907): [DataConnectionTracker] Stop poll NetStat
10-31 14:54:46.894 D/GSM     (  907): [DataConnectionTracker] Start poll NetStat
10-31 14:54:46.894 I/RILC    (  749): AT[1]> AT+CREG=2
10-31 14:54:46.902 I/RILC    (  749): monitor receive begin
10-31 14:54:46.902 I/RILC    (  749): monitor receive pCh[1]< 1 bytes 
10-31 14:54:46.902 I/RILC    (  749): monitor receive end
10-31 14:54:46.902 I/RILC    (  749): AT[1]< 
10-31 14:54:46.902 I/RILC    (  749): monitor receive begin
10-31 14:54:46.902 I/RILC    (  749): monitor receive pCh[1]< 1 bytes 
10-31 14:54:46.902 I/RILC    (  749): monitor receive end
10-31 14:54:46.902 I/RILC    (  749): AT[1]< 
10-31 14:54:46.902 I/RILC    (  749): monitor receive begin
10-31 14:54:46.902 I/RILC    (  749): monitor receive pCh[1]< 3 bytes OK
10-31 14:54:46.902 I/RILC    (  749): monitor receive end
10-31 14:54:46.902 I/RILC    (  749): AT[1]< OK
10-31 14:54:46.902 I/RILC    (  749): monitor receive begin
10-31 14:54:46.902 I/RILC    (  749): monitor receive pCh[1]< 1 bytes 
10-31 14:54:46.902 I/RILC    (  749): monitor receive end
10-31 14:54:46.902 I/RILC    (  749): AT[1]< 
10-31 14:54:46.911 I/RILC    (  749): [RILD:1] response ready = [OK]
10-31 14:54:46.911 D/GSM     (  907): [DataConnectionTracker] cid[0] rx:4061 preRx:-1, tx:2709 preTx:-1
10-31 14:54:46.926 I/RILC    (  749): AT[1]> AT+CGREG=2
10-31 14:54:46.926 I/RILC    (  749): monitor receive begin
10-31 14:54:46.926 I/RILC    (  749): monitor receive pCh[1]< 1 bytes 
10-31 14:54:46.926 I/RILC    (  749): monitor receive end
10-31 14:54:46.926 I/RILC    (  749): AT[1]< 
10-31 14:54:46.926 I/RILC    (  749): monitor receive begin
10-31 14:54:46.926 I/RILC    (  749): monitor receive pCh[1]< 1 bytes 
10-31 14:54:46.926 I/RILC    (  749): monitor receive end
10-31 14:54:46.926 I/RILC    (  749): AT[1]< 
10-31 14:54:46.926 I/RILC    (  749): monitor receive begin
10-31 14:54:46.926 I/RILC    (  749): monitor receive pCh[1]< 3 bytes OK
10-31 14:54:46.926 I/RILC    (  749): monitor receive end
10-31 14:54:46.926 I/RILC    (  749): AT[1]< OK
10-31 14:54:46.926 I/RILC    (  749): monitor receive begin
10-31 14:54:46.926 I/RILC    (  749): monitor receive pCh[1]< 1 bytes 
10-31 14:54:46.926 I/RILC    (  749): monitor receive end
10-31 14:54:46.926 I/RILC    (  749): AT[1]< 
10-31 14:54:46.926 I/RILC    (  749): [RILD:1] response ready = [OK]
10-31 14:54:46.926 I/RILC    (  749): AT[1]> AT+CREG?
10-31 14:54:46.933 I/RILC    (  749): monitor receive begin
10-31 14:54:46.950 I/RILC    (  749): monitor receive pCh[1]< 1 bytes 
10-31 14:54:46.950 I/RILC    (  749): monitor receive end
10-31 14:54:46.950 I/RILC    (  749): AT[1]< 
10-31 14:54:46.950 I/RILC    (  749): monitor receive begin
10-31 14:54:46.950 I/RILC    (  749): monitor receive pCh[1]< 1 bytes 
10-31 14:54:46.950 I/RILC    (  749): monitor receive end
10-31 14:54:46.950 I/RILC    (  749): AT[1]< 
10-31 14:54:46.950 I/RILC    (  749): monitor receive begin
10-31 14:54:46.950 I/RILC    (  749): monitor receive pCh[1]< 27 bytes +CREG: 2,1,"10A6","25F2",3
10-31 14:54:46.950 I/RILC    (  749): monitor receive end
10-31 14:54:46.950 I/RILC    (  749): AT[1]< +CREG: 2,1,"10A6","25F2",3
10-31 14:54:46.950 I/RILC    (  749): monitor receive begin
10-31 14:54:46.950 I/RILC    (  749): monitor receive pCh[1]< 1 bytes 
10-31 14:54:46.950 I/RILC    (  749): monitor receive end
10-31 14:54:46.950 I/RILC    (  749): AT[1]< 
10-31 14:54:46.950 I/RILC    (  749): monitor receive begin
10-31 14:54:46.950 I/RILC    (  749): monitor receive pCh[1]< 1 bytes 
10-31 14:54:46.950 I/RILC    (  749): monitor receive end
10-31 14:54:46.950 I/RILC    (  749): AT[1]< 
10-31 14:54:46.950 I/RILC    (  749): monitor receive begin
10-31 14:54:46.950 I/RILC    (  749): monitor receive pCh[1]< 1 bytes 
10-31 14:54:46.950 I/RILC    (  749): monitor receive end
10-31 14:54:46.950 I/RILC    (  749): AT[1]< 
10-31 14:54:46.950 I/RILC    (  749): monitor receive begin
10-31 14:54:46.950 I/RILC    (  749): monitor receive pCh[1]< 3 bytes OK
10-31 14:54:46.950 I/RILC    (  749): monitor receive end
10-31 14:54:46.950 I/RILC    (  749): AT[1]< OK
10-31 14:54:46.950 I/RILC    (  749): [RILD:1] response ready = [OK]
10-31 14:54:46.950 I/RILC    (  749): processRegModeByScreenState CREG: statusO 1, lacO 4262, cidO 9714, actO 3, status 1, lac 4262, cid 9714,  act 3 
10-31 14:54:46.950 I/RILC    (  749): AT[1]> AT+CGREG?
10-31 14:54:46.950 I/RILC    (  749): monitor receive begin
10-31 14:54:46.950 I/RILC    (  749): monitor receive pCh[1]< 1 bytes 
10-31 14:54:46.950 I/RILC    (  749): monitor receive end
10-31 14:54:46.950 I/RILC    (  749): AT[1]< 
10-31 14:54:46.957 I/RILC    (  749): monitor receive begin
10-31 14:54:46.957 I/RILC    (  749): monitor receive pCh[1]< 1 bytes 
10-31 14:54:46.957 I/RILC    (  749): monitor receive end
10-31 14:54:46.957 I/RILC    (  749): AT[1]< 
10-31 14:54:46.957 I/RILC    (  749): monitor receive begin
10-31 14:54:46.957 I/RILC    (  749): monitor receive pCh[1]< 1 bytes 
10-31 14:54:46.957 I/RILC    (  749): monitor receive end
10-31 14:54:46.957 I/RILC    (  749): AT[1]< 
10-31 14:54:46.957 I/RILC    (  749): monitor receive begin
10-31 14:54:46.957 I/RILC    (  749): monitor receive pCh[1]< 28 bytes +CGREG: 2,1,"10A6","25F2",3
10-31 14:54:46.957 I/RILC    (  749): monitor receive end
10-31 14:54:46.957 I/RILC    (  749): AT[1]< +CGREG: 2,1,"10A6","25F2",3
10-31 14:54:46.957 I/RILC    (  749): monitor receive begin
10-31 14:54:46.957 I/RILC    (  749): monitor receive pCh[1]< 1 bytes 
10-31 14:54:46.957 I/RILC    (  749): monitor receive end
10-31 14:54:46.957 I/RILC    (  749): AT[1]< 
10-31 14:54:46.957 I/RILC    (  749): monitor receive begin
10-31 14:54:46.957 I/RILC    (  749): monitor receive pCh[1]< 1 bytes 
10-31 14:54:46.957 I/RILC    (  749): monitor receive end
10-31 14:54:46.957 I/RILC    (  749): AT[1]< 
10-31 14:54:46.957 I/RILC    (  749): monitor receive begin
10-31 14:54:46.957 I/RILC    (  749): monitor receive pCh[1]< 1 bytes 
10-31 14:54:46.957 I/RILC    (  749): monitor receive end
10-31 14:54:46.957 I/RILC    (  749): AT[1]< 
10-31 14:54:46.957 I/RILC    (  749): monitor receive begin
10-31 14:54:46.957 I/RILC    (  749): monitor receive pCh[1]< 3 bytes OK
10-31 14:54:46.957 I/RILC    (  749): monitor receive end
10-31 14:54:46.957 I/RILC    (  749): AT[1]< OK
10-31 14:54:46.957 I/RILC    (  749): [RILD:1] response ready = [OK]
10-31 14:54:46.957 I/RILC    (  749): processRegModeByScreenState CGREG: statusO 1, lacO 4262, cidO 9714, actO 3, status 1, lac 4262, cid 9714,  act 3 
10-31 14:54:46.957 I/RILC    (  749): AT[1]> AT+ESQOPT=1
10-31 14:54:46.957 I/RILC    (  749): monitor receive begin
10-31 14:54:46.957 I/RILC    (  749): monitor receive pCh[1]< 1 bytes 
10-31 14:54:46.957 I/RILC    (  749): monitor receive end
10-31 14:54:46.957 I/RILC    (  749): AT[1]< 
10-31 14:54:46.980 I/RILC    (  749): monitor receive begin
10-31 14:54:46.980 I/RILC    (  749): monitor receive pCh[1]< 1 bytes 
10-31 14:54:46.980 I/RILC    (  749): monitor receive end
10-31 14:54:46.980 I/RILC    (  749): AT[1]< 
10-31 14:54:46.980 I/RILC    (  749): monitor receive begin
10-31 14:54:46.980 I/RILC    (  749): monitor receive pCh[1]< 1 bytes 
10-31 14:54:46.980 I/RILC    (  749): monitor receive end
10-31 14:54:46.980 I/RILC    (  749): AT[1]< 
10-31 14:54:46.980 I/RILC    (  749): monitor receive begin
10-31 14:54:46.980 I/RILC    (  749): monitor receive pCh[1]< 3 bytes OK
10-31 14:54:46.980 I/RILC    (  749): monitor receive end
10-31 14:54:46.980 I/RILC    (  749): AT[1]< OK
10-31 14:54:46.980 I/RILC    (  749): [RILD:1] response ready = [OK]
10-31 14:54:46.980 I/RILC    (  749): AT[1]> AT+EEMOPT=2, 30
10-31 14:54:46.980 I/RILC    (  749): monitor receive begin
10-31 14:54:46.980 I/RILC    (  749): monitor receive pCh[1]< 1 bytes 
10-31 14:54:46.980 I/RILC    (  749): monitor receive end
10-31 14:54:46.980 I/RILC    (  749): AT[1]< 
10-31 14:54:47.012 I/RILC    (  749): monitor receive begin
10-31 14:54:47.012 I/RILC    (  749): monitor receive pCh[1]< 3 bytes OK
10-31 14:54:47.012 I/RILC    (  749): monitor receive end
10-31 14:54:47.012 I/RILC    (  749): AT[1]< OK
10-31 14:54:47.012 I/RILC    (  749): monitor receive begin
10-31 14:54:47.012 I/RILC    (  749): monitor receive pCh[1]< 1 bytes 
10-31 14:54:47.012 I/RILC    (  749): monitor receive end
10-31 14:54:47.012 I/RILC    (  749): AT[1]< 
10-31 14:54:47.020 I/RILC    (  749): [RILD:1] response ready = [OK]
10-31 14:54:47.020 V/RILJ    (  907): <<<<<RIL Recv: 
10-31 14:54:47.020 D/RILJ    (  907): [0520]< SCREEN_STATE 
10-31 14:54:47.020 D/GSM     (  907): [DataConnectionTracker] cid[1] rx:0 preRx:-1, tx:0 preTx:-1
10-31 14:54:47.050 D/GSM     (  907): [DataConnectionTracker] cid[2] rx:0 preRx:-1, tx:0 preTx:-1
10-31 14:54:47.090 D/GSM     (  907): [DataConnectionTracker] netStatPollPeriod: 1000
10-31 14:54:47.090 D/GSM     (  907): [DataConnectionTracker]                                      
10-31 14:54:48.098 D/GSM     (  907): [DataConnectionTracker] cid[0] rx:4077 preRx:4061, tx:2719 preTx:2709
10-31 14:54:48.098 D/GSM     (  907): [DataConnectionTracker] cid[0] sent:10 received: 16 sentSinceLastRecv:0
10-31 14:54:48.144 D/GSM     (  907): [DataConnectionTracker] cid[1] rx:0 preRx:0, tx:0 preTx:0
10-31 14:54:48.183 D/GSM     (  907): [DataConnectionTracker] cid[2] rx:0 preRx:0, tx:0 preTx:0
10-31 14:54:48.215 D/GSM     (  907): [DataConnectionTracker] netStatPollPeriod: 1000
10-31 14:54:48.215 D/GSM     (  907): [DataConnectionTracker]                                      
10-31 14:54:49.230 D/GSM     (  907): [DataConnectionTracker] cid[0] rx:4092 preRx:4077, tx:2728 preTx:2719
10-31 14:54:49.230 D/GSM     (  907): [DataConnectionTracker] cid[0] sent:9 received: 15 sentSinceLastRecv:0
10-31 14:54:49.285 D/GSM     (  907): [DataConnectionTracker] cid[1] rx:0 preRx:0, tx:0 preTx:0
10-31 14:54:49.347 D/GSM     (  907): [DataConnectionTracker] cid[2] rx:0 preRx:0, tx:0 preTx:0
10-31 14:54:49.371 D/GSM     (  907): [DataConnectionTracker] netStatPollPeriod: 1000
10-31 14:54:49.371 D/GSM     (  907): [DataConnectionTracker]                                      
10-31 14:54:50.379 D/GSM     (  907): [DataConnectionTracker] cid[0] rx:4101 preRx:4092, tx:2734 preTx:2728
10-31 14:54:50.379 D/GSM     (  907): [DataConnectionTracker] cid[0] sent:6 received: 9 sentSinceLastRecv:0
10-31 14:54:50.410 D/GSM     (  907): [DataConnectionTracker] cid[1] rx:0 preRx:0, tx:0 preTx:0
10-31 14:54:50.739 D/GSM     (  907): [DataConnectionTracker] cid[2] rx:0 preRx:0, tx:0 preTx:0
10-31 14:54:50.964 D/GSM     (  907): [DataConnectionTracker] netStatPollPeriod: 1000
10-31 14:54:50.964 D/GSM     (  907): [DataConnectionTracker]                                      
10-31 14:54:51.980 D/GSM     (  907): [DataConnectionTracker] cid[0] rx:4110 preRx:4101, tx:2739 preTx:2734
10-31 14:54:51.980 D/GSM     (  907): [DataConnectionTracker] cid[0] sent:5 received: 9 sentSinceLastRecv:0
10-31 14:54:52.066 D/GSM     (  907): [DataConnectionTracker] cid[1] rx:0 preRx:0, tx:0 preTx:0
10-31 14:54:52.121 D/GSM     (  907): [DataConnectionTracker] cid[2] rx:0 preRx:0, tx:0 preTx:0
10-31 14:54:52.161 D/GSM     (  907): [DataConnectionTracker] netStatPollPeriod: 1000
10-31 14:54:52.161 D/GSM     (  907): [DataConnectionTracker]                                      
10-31 14:54:53.175 D/GSM     (  907): [DataConnectionTracker] cid[0] rx:4120 preRx:4110, tx:2744 preTx:2739
10-31 14:54:53.175 D/GSM     (  907): [DataConnectionTracker] cid[0] sent:5 received: 10 sentSinceLastRecv:0
10-31 14:54:53.222 D/GSM     (  907): [DataConnectionTracker] cid[1] rx:0 preRx:0, tx:0 preTx:0
10-31 14:54:53.261 D/GSM     (  907): [DataConnectionTracker] cid[2] rx:0 preRx:0, tx:0 preTx:0
10-31 14:54:53.332 D/GSM     (  907): [DataConnectionTracker] netStatPollPeriod: 1000
10-31 14:54:53.332 D/GSM     (  907): [DataConnectionTracker]                                      
10-31 14:54:54.355 D/GSM     (  907): [DataConnectionTracker] cid[0] rx:4130 preRx:4120, tx:2751 preTx:2744
10-31 14:54:54.355 D/GSM     (  907): [DataConnectionTracker] cid[0] sent:7 received: 10 sentSinceLastRecv:0
10-31 14:54:54.425 D/GSM     (  907): [DataConnectionTracker] cid[1] rx:0 preRx:0, tx:0 preTx:0
10-31 14:54:54.503 D/GSM     (  907): [DataConnectionTracker] cid[2] rx:0 preRx:0, tx:0 preTx:0
10-31 14:54:54.542 D/GSM     (  907): [DataConnectionTracker] netStatPollPeriod: 1000
10-31 14:54:54.542 D/GSM     (  907): [DataConnectionTracker]                                      
10-31 14:54:55.426 I/RILC    (  749): monitor receive begin
10-31 14:54:55.426 I/RILC    (  749): monitor receive pCh[0]< 1 bytes 
10-31 14:54:55.426 I/RILC    (  749): monitor receive end
10-31 14:54:55.426 I/RILC    (  749): AT[0]< 
10-31 14:54:55.426 I/RILC    (  749): monitor receive begin
10-31 14:54:55.426 I/RILC    (  749): monitor receive pCh[0]< 1 bytes 
10-31 14:54:55.426 I/RILC    (  749): monitor receive end
10-31 14:54:55.426 I/RILC    (  749): AT[0]< 
10-31 14:54:55.426 I/RILC    (  749): monitor receive begin
10-31 14:54:55.426 I/RILC    (  749): monitor receive pCh[0]< 13 bytes +ECSQ: 19,99
10-31 14:54:55.426 I/RILC    (  749): monitor receive end
10-31 14:54:55.426 I/RILC    (  749): AT[0]< +ECSQ: 19,99
10-31 14:54:55.426 I/RILC    (  749): monitor receive begin
10-31 14:54:55.426 I/RILC    (  749): monitor receive pCh[0]< 1 bytes 
10-31 14:54:55.426 I/RILC    (  749): monitor receive end
10-31 14:54:55.426 I/RILC    (  749): AT[0]< 
10-31 14:54:55.426 V/RILJ    (  907): <<<<<RIL Recv: 
10-31 14:54:55.566 D/GSM     (  907): [DataConnectionTracker] cid[0] rx:4140 preRx:4130, tx:2761 preTx:2751
10-31 14:54:55.574 D/GSM     (  907): [DataConnectionTracker] cid[0] sent:10 received: 10 sentSinceLastRecv:0
10-31 14:54:55.605 D/GSM     (  907): [DataConnectionTracker] cid[1] rx:0 preRx:0, tx:0 preTx:0
10-31 14:54:55.636 D/GSM     (  907): [DataConnectionTracker] cid[2] rx:0 preRx:0, tx:0 preTx:0
10-31 14:54:55.675 D/GSM     (  907): [DataConnectionTracker] netStatPollPeriod: 1000
10-31 14:54:55.675 D/GSM     (  907): [DataConnectionTracker]                                      
10-31 14:54:56.684 D/GSM     (  907): [DataConnectionTracker] cid[0] rx:4151 preRx:4140, tx:2772 preTx:2761
10-31 14:54:56.684 D/GSM     (  907): [DataConnectionTracker] cid[0] sent:11 received: 11 sentSinceLastRecv:0
10-31 14:54:56.761 D/GSM     (  907): [DataConnectionTracker] cid[1] rx:0 preRx:0, tx:0 preTx:0
10-31 14:54:56.847 D/GSM     (  907): [DataConnectionTracker] cid[2] rx:0 preRx:0, tx:0 preTx:0
10-31 14:54:56.879 D/GSM     (  907): [DataConnectionTracker] netStatPollPeriod: 1000
10-31 14:54:56.879 D/GSM     (  907): [DataConnectionTracker]                                      
10-31 14:54:57.886 D/GSM     (  907): [DataConnectionTracker] cid[0] rx:4156 preRx:4151, tx:2776 preTx:2772
10-31 14:54:57.886 D/GSM     (  907): [DataConnectionTracker] cid[0] sent:4 received: 5 sentSinceLastRecv:0
10-31 14:54:57.972 D/GSM     (  907): [DataConnectionTracker] cid[1] rx:0 preRx:0, tx:0 preTx:0
10-31 14:54:58.027 D/GSM     (  907): [DataConnectionTracker] cid[2] rx:0 preRx:0, tx:0 preTx:0
10-31 14:54:58.067 D/GSM     (  907): [DataConnectionTracker] netStatPollPeriod: 1000
10-31 14:54:58.067 D/GSM     (  907): [DataConnectionTracker]                                      
10-31 14:54:59.082 D/GSM     (  907): [DataConnectionTracker] cid[0] rx:4167 preRx:4156, tx:2783 preTx:2776
10-31 14:54:59.097 D/GSM     (  907): [DataConnectionTracker] cid[0] sent:7 received: 11 sentSinceLastRecv:0
10-31 14:54:59.199 D/GSM     (  907): [DataConnectionTracker] cid[1] rx:0 preRx:0, tx:0 preTx:0
10-31 14:54:59.253 D/GSM     (  907): [DataConnectionTracker] cid[2] rx:0 preRx:0, tx:0 preTx:0
10-31 14:54:59.293 D/GSM     (  907): [DataConnectionTracker] netStatPollPeriod: 1000
10-31 14:54:59.293 D/GSM     (  907): [DataConnectionTracker]                                      
10-31 14:55:00.308 D/GSM     (  907): [DataConnectionTracker] cid[0] rx:4179 preRx:4167, tx:2790 preTx:2783
10-31 14:55:00.308 D/GSM     (  907): [DataConnectionTracker] cid[0] sent:7 received: 12 sentSinceLastRecv:0
10-31 14:55:00.364 D/GSM     (  907): [DataConnectionTracker] cid[1] rx:0 preRx:0, tx:0 preTx:0
10-31 14:55:00.402 D/GSM     (  907): [DataConnectionTracker] cid[2] rx:0 preRx:0, tx:0 preTx:0
10-31 14:55:00.426 D/GSM     (  907): [DataConnectionTracker] netStatPollPeriod: 1000
10-31 14:55:00.426 D/GSM     (  907): [DataConnectionTracker]                                      
10-31 14:55:01.434 D/GSM     (  907): [DataConnectionTracker] cid[0] rx:4189 preRx:4179, tx:2796 preTx:2790
10-31 14:55:01.434 D/GSM     (  907): [DataConnectionTracker] cid[0] sent:6 received: 10 sentSinceLastRecv:0
10-31 14:55:01.464 D/GSM     (  907): [DataConnectionTracker] cid[1] rx:0 preRx:0, tx:0 preTx:0
10-31 14:55:01.747 D/GSM     (  907): [DataConnectionTracker] cid[2] rx:0 preRx:0, tx:0 preTx:0
10-31 14:55:01.816 D/GSM     (  907): [DataConnectionTracker] netStatPollPeriod: 1000
10-31 14:55:01.816 D/GSM     (  907): [DataConnectionTracker]                                      
10-31 14:55:02.839 D/GSM     (  907): [DataConnectionTracker] cid[0] rx:4200 preRx:4189, tx:2802 preTx:2796
10-31 14:55:02.839 D/GSM     (  907): [DataConnectionTracker] cid[0] sent:6 received: 11 sentSinceLastRecv:0
10-31 14:55:02.957 D/GSM     (  907): [DataConnectionTracker] cid[1] rx:0 preRx:0, tx:0 preTx:0
10-31 14:55:03.019 D/GSM     (  907): [DataConnectionTracker] cid[2] rx:0 preRx:0, tx:0 preTx:0
10-31 14:55:03.082 D/GSM     (  907): [DataConnectionTracker] netStatPollPeriod: 1000
10-31 14:55:03.082 D/GSM     (  907): [DataConnectionTracker]                                      
10-31 14:55:04.113 D/GSM     (  907): [DataConnectionTracker] cid[0] rx:4212 preRx:4200, tx:2809 preTx:2802
10-31 14:55:04.113 D/GSM     (  907): [DataConnectionTracker] cid[0] sent:7 received: 12 sentSinceLastRecv:0
10-31 14:55:04.207 D/GSM     (  907): [DataConnectionTracker] cid[1] rx:0 preRx:0, tx:0 preTx:0
10-31 14:55:04.261 D/GSM     (  907): [DataConnectionTracker] cid[2] rx:0 preRx:0, tx:0 preTx:0
10-31 14:55:04.543 D/GSM     (  907): [DataConnectionTracker] netStatPollPeriod: 1000
10-31 14:55:04.543 D/GSM     (  907): [DataConnectionTracker]                                      
10-31 14:55:05.558 D/GSM     (  907): [DataConnectionTracker] cid[0] rx:4221 preRx:4212, tx:2815 preTx:2809
10-31 14:55:05.558 D/GSM     (  907): [DataConnectionTracker] cid[0] sent:6 received: 9 sentSinceLastRecv:0
10-31 14:55:05.621 D/GSM     (  907): [DataConnectionTracker] cid[1] rx:0 preRx:0, tx:0 preTx:0
10-31 14:55:05.675 D/GSM     (  907): [DataConnectionTracker] cid[2] rx:0 preRx:0, tx:0 preTx:0
10-31 14:55:05.707 D/GSM     (  907): [DataConnectionTracker] netStatPollPeriod: 1000
10-31 14:55:05.707 D/GSM     (  907): [DataConnectionTracker]                                      
10-31 14:55:06.754 D/GSM     (  907): [DataConnectionTracker] cid[0] rx:4234 preRx:4221, tx:2822 preTx:2815
10-31 14:55:06.754 D/GSM     (  907): [DataConnectionTracker] cid[0] sent:7 received: 13 sentSinceLastRecv:0
10-31 14:55:06.786 D/GSM     (  907): [DataConnectionTracker] cid[1] rx:0 preRx:0, tx:0 preTx:0
10-31 14:55:06.817 D/GSM     (  907): [DataConnectionTracker] cid[2] rx:0 preRx:0, tx:0 preTx:0
10-31 14:55:06.840 D/GSM     (  907): [DataConnectionTracker] netStatPollPeriod: 1000
10-31 14:55:06.840 D/GSM     (  907): [DataConnectionTracker]                                      
10-31 14:55:07.848 D/GSM     (  907): [DataConnectionTracker] cid[0] rx:4242 preRx:4234, tx:2828 preTx:2822
10-31 14:55:07.848 D/GSM     (  907): [DataConnectionTracker] cid[0] sent:6 received: 8 sentSinceLastRecv:0
10-31 14:55:07.894 D/GSM     (  907): [DataConnectionTracker] cid[1] rx:0 preRx:0, tx:0 preTx:0
10-31 14:55:07.941 D/GSM     (  907): [DataConnectionTracker] cid[2] rx:0 preRx:0, tx:0 preTx:0
10-31 14:55:08.020 D/GSM     (  907): [DataConnectionTracker] netStatPollPeriod: 1000
10-31 14:55:08.020 D/GSM     (  907): [DataConnectionTracker]                                      
10-31 14:55:08.871 I/RILC    (  749): monitor receive begin
10-31 14:55:08.871 I/RILC    (  749): monitor receive pCh[0]< 1 bytes 
10-31 14:55:08.871 I/RILC    (  749): monitor receive end
10-31 14:55:08.871 I/RILC    (  749): AT[0]< 
10-31 14:55:08.871 I/RILC    (  749): monitor receive begin
10-31 14:55:08.871 I/RILC    (  749): monitor receive pCh[0]< 1 bytes 
10-31 14:55:08.871 I/RILC    (  749): monitor receive end
10-31 14:55:08.871 I/RILC    (  749): AT[0]< 
10-31 14:55:08.871 I/RILC    (  749): monitor receive begin
10-31 14:55:08.871 I/RILC    (  749): monitor receive pCh[0]< 13 bytes +ECSQ: 15,99
10-31 14:55:08.871 I/RILC    (  749): monitor receive end
10-31 14:55:08.871 I/RILC    (  749): AT[0]< +ECSQ: 15,99
10-31 14:55:08.871 I/RILC    (  749): monitor receive begin
10-31 14:55:08.871 I/RILC    (  749): monitor receive pCh[0]< 1 bytes 
10-31 14:55:08.871 I/RILC    (  749): monitor receive end
10-31 14:55:08.871 I/RILC    (  749): AT[0]< 
10-31 14:55:08.871 V/RILJ    (  907): <<<<<RIL Recv: 
10-31 14:55:09.028 D/GSM     (  907): [DataConnectionTracker] cid[0] rx:4253 preRx:4242, tx:2835 preTx:2828
10-31 14:55:09.028 D/GSM     (  907): [DataConnectionTracker] cid[0] sent:7 received: 11 sentSinceLastRecv:0
10-31 14:55:09.051 D/GSM     (  907): [DataConnectionTracker] cid[1] rx:0 preRx:0, tx:0 preTx:0
10-31 14:55:09.082 D/GSM     (  907): [DataConnectionTracker] cid[2] rx:0 preRx:0, tx:0 preTx:0
10-31 14:55:09.105 D/GSM     (  907): [DataConnectionTracker] netStatPollPeriod: 1000
10-31 14:55:09.105 D/GSM     (  907): [DataConnectionTracker]                                      
10-31 14:55:10.121 D/GSM     (  907): [DataConnectionTracker] cid[0] rx:4266 preRx:4253, tx:2843 preTx:2835
10-31 14:55:10.121 D/GSM     (  907): [DataConnectionTracker] cid[0] sent:8 received: 13 sentSinceLastRecv:0
10-31 14:55:10.152 D/GSM     (  907): [DataConnectionTracker] cid[1] rx:0 preRx:0, tx:0 preTx:0
10-31 14:55:10.183 D/GSM     (  907): [DataConnectionTracker] cid[2] rx:0 preRx:0, tx:0 preTx:0
10-31 14:55:10.214 D/GSM     (  907): [DataConnectionTracker] netStatPollPeriod: 1000
10-31 14:55:10.214 D/GSM     (  907): [DataConnectionTracker]                                      
10-31 14:55:11.223 D/GSM     (  907): [DataConnectionTracker] cid[0] rx:4282 preRx:4266, tx:2852 preTx:2843
10-31 14:55:11.223 D/GSM     (  907): [DataConnectionTracker] cid[0] sent:9 received: 16 sentSinceLastRecv:0
10-31 14:55:11.254 D/GSM     (  907): [DataConnectionTracker] cid[1] rx:0 preRx:0, tx:0 preTx:0
10-31 14:55:11.278 D/GSM     (  907): [DataConnectionTracker] cid[2] rx:0 preRx:0, tx:0 preTx:0
10-31 14:55:11.481 D/GSM     (  907): [DataConnectionTracker] netStatPollPeriod: 1000
10-31 14:55:11.481 D/GSM     (  907): [DataConnectionTracker]                                      
10-31 14:55:12.527 D/GSM     (  907): [DataConnectionTracker] cid[0] rx:4296 preRx:4282, tx:2861 preTx:2852
10-31 14:55:12.527 D/GSM     (  907): [DataConnectionTracker] cid[0] sent:9 received: 14 sentSinceLastRecv:0
10-31 14:55:12.613 D/GSM     (  907): [DataConnectionTracker] cid[1] rx:0 preRx:0, tx:0 preTx:0
10-31 14:55:12.714 D/GSM     (  907): [DataConnectionTracker] cid[2] rx:0 preRx:0, tx:0 preTx:0
10-31 14:55:12.761 D/GSM     (  907): [DataConnectionTracker] netStatPollPeriod: 1000
10-31 14:55:12.761 D/GSM     (  907): [DataConnectionTracker]                                      
10-31 14:55:13.777 D/GSM     (  907): [DataConnectionTracker] cid[0] rx:4310 preRx:4296, tx:2869 preTx:2861
10-31 14:55:13.777 D/GSM     (  907): [DataConnectionTracker] cid[0] sent:8 received: 14 sentSinceLastRecv:0
10-31 14:55:13.808 D/GSM     (  907): [DataConnectionTracker] cid[1] rx:0 preRx:0, tx:0 preTx:0
10-31 14:55:13.839 D/GSM     (  907): [DataConnectionTracker] cid[2] rx:0 preRx:0, tx:0 preTx:0
10-31 14:55:13.871 D/GSM     (  907): [DataConnectionTracker] netStatPollPeriod: 1000
10-31 14:55:13.871 D/GSM     (  907): [DataConnectionTracker]                                      
10-31 14:55:14.746 I/RILC    (  749): monitor receive begin
10-31 14:55:14.746 I/RILC    (  749): monitor receive pCh[0]< 1 bytes 
10-31 14:55:14.746 I/RILC    (  749): monitor receive end
10-31 14:55:14.746 I/RILC    (  749): AT[0]< 
10-31 14:55:14.746 I/RILC    (  749): monitor receive begin
10-31 14:55:14.746 I/RILC    (  749): monitor receive pCh[0]< 1 bytes 
10-31 14:55:14.746 I/RILC    (  749): monitor receive end
10-31 14:55:14.746 I/RILC    (  749): AT[0]< 
10-31 14:55:14.746 I/RILC    (  749): monitor receive begin
10-31 14:55:14.746 I/RILC    (  749): monitor receive pCh[0]< 13 bytes +ECSQ: 12,99
10-31 14:55:14.746 I/RILC    (  749): monitor receive end
10-31 14:55:14.746 I/RILC    (  749): AT[0]< +ECSQ: 12,99
10-31 14:55:14.746 I/RILC    (  749): monitor receive begin
10-31 14:55:14.746 I/RILC    (  749): monitor receive pCh[0]< 1 bytes 
10-31 14:55:14.746 I/RILC    (  749): monitor receive end
10-31 14:55:14.746 I/RILC    (  749): AT[0]< 
10-31 14:55:14.746 V/RILJ    (  907): <<<<<RIL Recv: 
10-31 14:55:14.886 D/GSM     (  907): [DataConnectionTracker] cid[0] rx:4313 preRx:4310, tx:2871 preTx:2869
10-31 14:55:14.886 D/GSM     (  907): [DataConnectionTracker] cid[0] sent:2 received: 3 sentSinceLastRecv:0
10-31 14:55:14.933 D/GSM     (  907): [DataConnectionTracker] cid[1] rx:0 preRx:0, tx:0 preTx:0
10-31 14:55:14.965 D/GSM     (  907): [DataConnectionTracker] cid[2] rx:0 preRx:0, tx:0 preTx:0
10-31 14:55:14.989 D/GSM     (  907): [DataConnectionTracker] netStatPollPeriod: 1000
10-31 14:55:14.989 D/GSM     (  907): [DataConnectionTracker]                                      
10-31 14:55:15.997 D/GSM     (  907): [DataConnectionTracker] cid[0] rx:4317 preRx:4313, tx:2873 preTx:2871
10-31 14:55:15.997 D/GSM     (  907): [DataConnectionTracker] cid[0] sent:2 received: 4 sentSinceLastRecv:0
10-31 14:55:16.028 D/GSM     (  907): [DataConnectionTracker] cid[1] rx:0 preRx:0, tx:0 preTx:0
10-31 14:55:16.059 D/GSM     (  907): [DataConnectionTracker] cid[2] rx:0 preRx:0, tx:0 preTx:0
10-31 14:55:16.090 D/GSM     (  907): [DataConnectionTracker] netStatPollPeriod: 1000
10-31 14:55:16.090 D/GSM     (  907): [DataConnectionTracker]                                      
10-31 14:55:17.105 D/GSM     (  907): [DataConnectionTracker] cid[0] rx:4323 preRx:4317, tx:2878 preTx:2873
10-31 14:55:17.105 D/GSM     (  907): [DataConnectionTracker] cid[0] sent:5 received: 6 sentSinceLastRecv:0
10-31 14:55:17.214 D/GSM     (  907): [DataConnectionTracker] cid[1] rx:0 preRx:0, tx:0 preTx:0
10-31 14:55:17.293 D/GSM     (  907): [DataConnectionTracker] cid[2] rx:0 preRx:0, tx:0 preTx:0
10-31 14:55:17.363 D/GSM     (  907): [DataConnectionTracker] netStatPollPeriod: 1000
10-31 14:55:17.363 D/GSM     (  907): [DataConnectionTracker]                                      
10-31 14:55:18.372 D/GSM     (  907): [DataConnectionTracker] cid[0] rx:4337 preRx:4323, tx:2885 preTx:2878
10-31 14:55:18.372 D/GSM     (  907): [DataConnectionTracker] cid[0] sent:7 received: 14 sentSinceLastRecv:0
10-31 14:55:18.675 D/GSM     (  907): [DataConnectionTracker] cid[1] rx:0 preRx:0, tx:0 preTx:0
10-31 14:55:18.714 D/GSM     (  907): [DataConnectionTracker] cid[2] rx:0 preRx:0, tx:0 preTx:0
10-31 14:55:18.753 D/GSM     (  907): [DataConnectionTracker] netStatPollPeriod: 1000
10-31 14:55:18.753 D/GSM     (  907): [DataConnectionTracker]                                      
10-31 14:55:19.754 D/GSM     (  907): [DataConnectionTracker] cid[0] rx:4354 preRx:4337, tx:2895 preTx:2885
10-31 14:55:19.754 D/GSM     (  907): [DataConnectionTracker] cid[0] sent:10 received: 17 sentSinceLastRecv:0
10-31 14:55:19.785 D/GSM     (  907): [DataConnectionTracker] cid[1] rx:0 preRx:0, tx:0 preTx:0
10-31 14:55:19.824 D/GSM     (  907): [DataConnectionTracker] cid[2] rx:0 preRx:0, tx:0 preTx:0
10-31 14:55:19.855 D/GSM     (  907): [DataConnectionTracker] netStatPollPeriod: 1000
10-31 14:55:19.855 D/GSM     (  907): [DataConnectionTracker]                                      
10-31 14:55:20.856 D/GSM     (  907): [DataConnectionTracker] cid[0] rx:4357 preRx:4354, tx:2897 preTx:2895
10-31 14:55:20.856 D/GSM     (  907): [DataConnectionTracker] cid[0] sent:2 received: 3 sentSinceLastRecv:0
10-31 14:55:20.886 D/GSM     (  907): [DataConnectionTracker] cid[1] rx:0 preRx:0, tx:0 preTx:0
10-31 14:55:20.917 D/GSM     (  907): [DataConnectionTracker] cid[2] rx:0 preRx:0, tx:0 preTx:0
10-31 14:55:20.949 D/GSM     (  907): [DataConnectionTracker] netStatPollPeriod: 1000
10-31 14:55:20.949 D/GSM     (  907): [DataConnectionTracker]                                      
10-31 14:55:21.965 D/GSM     (  907): [DataConnectionTracker] cid[0] rx:4372 preRx:4357, tx:2904 preTx:2897
10-31 14:55:21.965 D/GSM     (  907): [DataConnectionTracker] cid[0] sent:7 received: 15 sentSinceLastRecv:0
10-31 14:55:21.996 D/GSM     (  907): [DataConnectionTracker] cid[1] rx:0 preRx:0, tx:0 preTx:0
10-31 14:55:22.286 D/GSM     (  907): [DataConnectionTracker] cid[2] rx:0 preRx:0, tx:0 preTx:0
10-31 14:55:22.364 D/GSM     (  907): [DataConnectionTracker] netStatPollPeriod: 1000
10-31 14:55:22.364 D/GSM     (  907): [DataConnectionTracker]                                      
10-31 14:55:23.378 D/GSM     (  907): [DataConnectionTracker] cid[0] rx:4382 preRx:4372, tx:2910 preTx:2904
10-31 14:55:23.378 D/GSM     (  907): [DataConnectionTracker] cid[0] sent:6 received: 10 sentSinceLastRecv:0
10-31 14:55:23.449 D/GSM     (  907): [DataConnectionTracker] cid[1] rx:0 preRx:0, tx:0 preTx:0
10-31 14:55:23.503 D/GSM     (  907): [DataConnectionTracker] cid[2] rx:0 preRx:0, tx:0 preTx:0
10-31 14:55:23.598 D/GSM     (  907): [DataConnectionTracker] netStatPollPeriod: 1000
10-31 14:55:23.598 D/GSM     (  907): [DataConnectionTracker]                                      
10-31 14:55:24.613 D/GSM     (  907): [DataConnectionTracker] cid[0] rx:4397 preRx:4382, tx:2918 preTx:2910
10-31 14:55:24.613 D/GSM     (  907): [DataConnectionTracker] cid[0] sent:8 received: 15 sentSinceLastRecv:0
10-31 14:55:24.691 D/GSM     (  907): [DataConnectionTracker] cid[1] rx:0 preRx:0, tx:0 preTx:0
10-31 14:55:24.753 D/GSM     (  907): [DataConnectionTracker] cid[2] rx:0 preRx:0, tx:0 preTx:0
10-31 14:55:24.786 D/GSM     (  907): [DataConnectionTracker] netStatPollPeriod: 1000
10-31 14:55:24.786 D/GSM     (  907): [DataConnectionTracker]                                      
10-31 14:55:25.793 D/GSM     (  907): [DataConnectionTracker] cid[0] rx:4412 preRx:4397, tx:2927 preTx:2918
10-31 14:55:25.793 D/GSM     (  907): [DataConnectionTracker] cid[0] sent:9 received: 15 sentSinceLastRecv:0
10-31 14:55:25.840 D/GSM     (  907): [DataConnectionTracker] cid[1] rx:0 preRx:0, tx:0 preTx:0
10-31 14:55:25.863 D/GSM     (  907): [DataConnectionTracker] cid[2] rx:0 preRx:0, tx:0 preTx:0
10-31 14:55:25.894 D/GSM     (  907): [DataConnectionTracker] netStatPollPeriod: 1000
10-31 14:55:25.894 D/GSM     (  907): [DataConnectionTracker]                                      
10-31 14:55:26.387 I/RILC    (  749): monitor receive begin
10-31 14:55:26.387 I/RILC    (  749): monitor receive pCh[0]< 1 bytes 
10-31 14:55:26.387 I/RILC    (  749): monitor receive end
10-31 14:55:26.387 I/RILC    (  749): AT[0]< 
10-31 14:55:26.387 I/RILC    (  749): monitor receive begin
10-31 14:55:26.387 I/RILC    (  749): monitor receive pCh[0]< 1 bytes 
10-31 14:55:26.387 I/RILC    (  749): monitor receive end
10-31 14:55:26.387 I/RILC    (  749): AT[0]< 
10-31 14:55:26.387 I/RILC    (  749): monitor receive begin
10-31 14:55:26.387 I/RILC    (  749): monitor receive pCh[0]< 13 bytes +ECSQ: 16,99
10-31 14:55:26.387 I/RILC    (  749): monitor receive end
10-31 14:55:26.387 I/RILC    (  749): AT[0]< +ECSQ: 16,99
10-31 14:55:26.387 I/RILC    (  749): monitor receive begin
10-31 14:55:26.387 I/RILC    (  749): monitor receive pCh[0]< 1 bytes 
10-31 14:55:26.387 I/RILC    (  749): monitor receive end
10-31 14:55:26.387 I/RILC    (  749): AT[0]< 
10-31 14:55:26.387 V/RILJ    (  907): <<<<<RIL Recv: 
10-31 14:55:26.903 D/GSM     (  907): [DataConnectionTracker] cid[0] rx:4423 preRx:4412, tx:2933 preTx:2927
10-31 14:55:26.903 D/GSM     (  907): [DataConnectionTracker] cid[0] sent:6 received: 11 sentSinceLastRecv:0
10-31 14:55:26.934 D/GSM     (  907): [DataConnectionTracker] cid[1] rx:0 preRx:0, tx:0 preTx:0
10-31 14:55:26.957 D/GSM     (  907): [DataConnectionTracker] cid[2] rx:0 preRx:0, tx:0 preTx:0
10-31 14:55:26.997 D/GSM     (  907): [DataConnectionTracker] netStatPollPeriod: 1000
10-31 14:55:26.997 D/GSM     (  907): [DataConnectionTracker]                                      
10-31 14:55:28.027 D/GSM     (  907): [DataConnectionTracker] cid[0] rx:4428 preRx:4423, tx:2936 preTx:2933
10-31 14:55:28.027 D/GSM     (  907): [DataConnectionTracker] cid[0] sent:3 received: 5 sentSinceLastRecv:0
10-31 14:55:28.097 D/GSM     (  907): [DataConnectionTracker] cid[1] rx:0 preRx:0, tx:0 preTx:0
10-31 14:55:28.144 D/GSM     (  907): [DataConnectionTracker] cid[2] rx:0 preRx:0, tx:0 preTx:0
10-31 14:55:28.191 D/GSM     (  907): [DataConnectionTracker] netStatPollPeriod: 1000
10-31 14:55:28.191 D/GSM     (  907): [DataConnectionTracker]                                      
10-31 14:55:29.200 D/GSM     (  907): [DataConnectionTracker] cid[0] rx:4432 preRx:4428, tx:2939 preTx:2936
10-31 14:55:29.200 D/GSM     (  907): [DataConnectionTracker] cid[0] sent:3 received: 4 sentSinceLastRecv:0
10-31 14:55:29.238 D/GSM     (  907): [DataConnectionTracker] cid[1] rx:0 preRx:0, tx:0 preTx:0
10-31 14:55:29.269 D/GSM     (  907): [DataConnectionTracker] cid[2] rx:0 preRx:0, tx:0 preTx:0
10-31 14:55:29.301 D/GSM     (  907): [DataConnectionTracker] netStatPollPeriod: 1000
10-31 14:55:29.309 D/GSM     (  907): [DataConnectionTracker]                                      
10-31 14:55:30.332 D/GSM     (  907): [DataConnectionTracker] cid[0] rx:4436 preRx:4432, tx:2942 preTx:2939
10-31 14:55:30.332 D/GSM     (  907): [DataConnectionTracker] cid[0] sent:3 received: 4 sentSinceLastRecv:0
10-31 14:55:30.410 D/GSM     (  907): [DataConnectionTracker] cid[1] rx:0 preRx:0, tx:0 preTx:0
10-31 14:55:30.464 D/GSM     (  907): [DataConnectionTracker] cid[2] rx:0 preRx:0, tx:0 preTx:0
10-31 14:55:30.496 D/GSM     (  907): [DataConnectionTracker] netStatPollPeriod: 1000
10-31 14:55:30.496 D/GSM     (  907): [DataConnectionTracker]                                      
10-31 14:55:31.504 D/GSM     (  907): [DataConnectionTracker] cid[0] rx:4441 preRx:4436, tx:2945 preTx:2942
10-31 14:55:31.504 D/GSM     (  907): [DataConnectionTracker] cid[0] sent:3 received: 5 sentSinceLastRecv:0
10-31 14:55:31.535 D/GSM     (  907): [DataConnectionTracker] cid[1] rx:0 preRx:0, tx:0 preTx:0
10-31 14:55:31.739 D/GSM     (  907): [DataConnectionTracker] cid[2] rx:0 preRx:0, tx:0 preTx:0
10-31 14:55:31.786 D/GSM     (  907): [DataConnectionTracker] netStatPollPeriod: 1000
10-31 14:55:31.786 D/GSM     (  907): [DataConnectionTracker]                                      
10-31 14:55:32.793 D/GSM     (  907): [DataConnectionTracker] cid[0] rx:4446 preRx:4441, tx:2948 preTx:2945
10-31 14:55:32.793 D/GSM     (  907): [DataConnectionTracker] cid[0] sent:3 received: 5 sentSinceLastRecv:0
10-31 14:55:32.839 D/GSM     (  907): [DataConnectionTracker] cid[1] rx:0 preRx:0, tx:0 preTx:0
10-31 14:55:33.145 D/GSM     (  907): [DataConnectionTracker] cid[2] rx:0 preRx:0, tx:0 preTx:0
10-31 14:55:33.168 D/GSM     (  907): [DataConnectionTracker] netStatPollPeriod: 1000
10-31 14:55:33.168 D/GSM     (  907): [DataConnectionTracker]                                      
10-31 14:55:34.176 D/GSM     (  907): [DataConnectionTracker] cid[0] rx:4451 preRx:4446, tx:2953 preTx:2948
10-31 14:55:34.176 D/GSM     (  907): [DataConnectionTracker] cid[0] sent:5 received: 5 sentSinceLastRecv:0
10-31 14:55:34.207 D/GSM     (  907): [DataConnectionTracker] cid[1] rx:0 preRx:0, tx:0 preTx:0
10-31 14:55:34.246 D/GSM     (  907): [DataConnectionTracker] cid[2] rx:0 preRx:0, tx:0 preTx:0
10-31 14:55:34.277 D/GSM     (  907): [DataConnectionTracker] netStatPollPeriod: 1000
10-31 14:55:34.277 D/GSM     (  907): [DataConnectionTracker]                                      
10-31 14:55:35.292 D/GSM     (  907): [DataConnectionTracker] cid[0] rx:4455 preRx:4451, tx:2955 preTx:2953
10-31 14:55:35.292 D/GSM     (  907): [DataConnectionTracker] cid[0] sent:2 received: 4 sentSinceLastRecv:0
10-31 14:55:35.339 D/GSM     (  907): [DataConnectionTracker] cid[1] rx:0 preRx:0, tx:0 preTx:0
10-31 14:55:35.386 D/GSM     (  907): [DataConnectionTracker] cid[2] rx:0 preRx:0, tx:0 preTx:0
10-31 14:55:35.418 D/GSM     (  907): [DataConnectionTracker] netStatPollPeriod: 1000
10-31 14:55:35.418 D/GSM     (  907): [DataConnectionTracker]                                      
10-31 14:55:36.106 I/RILC    (  749): monitor receive begin
10-31 14:55:36.106 I/RILC    (  749): monitor receive pCh[0]< 1 bytes 
10-31 14:55:36.106 I/RILC    (  749): monitor receive end
10-31 14:55:36.106 I/RILC    (  749): AT[0]< 
10-31 14:55:36.106 I/RILC    (  749): monitor receive begin
10-31 14:55:36.106 I/RILC    (  749): monitor receive pCh[0]< 1 bytes 
10-31 14:55:36.106 I/RILC    (  749): monitor receive end
10-31 14:55:36.106 I/RILC    (  749): AT[0]< 
10-31 14:55:36.106 I/RILC    (  749): monitor receive begin
10-31 14:55:36.106 I/RILC    (  749): monitor receive pCh[0]< 13 bytes +ECSQ: 18,99
10-31 14:55:36.106 I/RILC    (  749): monitor receive end
10-31 14:55:36.106 I/RILC    (  749): AT[0]< +ECSQ: 18,99
10-31 14:55:36.106 I/RILC    (  749): monitor receive begin
10-31 14:55:36.106 I/RILC    (  749): monitor receive pCh[0]< 1 bytes 
10-31 14:55:36.106 I/RILC    (  749): monitor receive end
10-31 14:55:36.106 I/RILC    (  749): AT[0]< 
10-31 14:55:36.113 V/RILJ    (  907): <<<<<RIL Recv: 
10-31 14:55:36.441 D/GSM     (  907): [DataConnectionTracker] cid[0] rx:4460 preRx:4455, tx:2958 preTx:2955
10-31 14:55:36.441 D/GSM     (  907): [DataConnectionTracker] cid[0] sent:3 received: 5 sentSinceLastRecv:0
10-31 14:55:36.511 D/GSM     (  907): [DataConnectionTracker] cid[1] rx:0 preRx:0, tx:0 preTx:0
10-31 14:55:36.542 D/GSM     (  907): [DataConnectionTracker] cid[2] rx:0 preRx:0, tx:0 preTx:0
10-31 14:55:36.582 D/GSM     (  907): [DataConnectionTracker] netStatPollPeriod: 1000
10-31 14:55:36.582 D/GSM     (  907): [DataConnectionTracker]                                      
10-31 14:55:37.605 D/GSM     (  907): [DataConnectionTracker] cid[0] rx:4465 preRx:4460, tx:2963 preTx:2958
10-31 14:55:37.605 D/GSM     (  907): [DataConnectionTracker] cid[0] sent:5 received: 5 sentSinceLastRecv:0
10-31 14:55:37.722 D/GSM     (  907): [DataConnectionTracker] cid[1] rx:0 preRx:0, tx:0 preTx:0
10-31 14:55:37.777 D/GSM     (  907): [DataConnectionTracker] cid[2] rx:0 preRx:0, tx:0 preTx:0
10-31 14:55:37.808 D/GSM     (  907): [DataConnectionTracker] netStatPollPeriod: 1000
10-31 14:55:37.808 D/GSM     (  907): [DataConnectionTracker]                                      
10-31 14:55:38.832 D/GSM     (  907): [DataConnectionTracker] cid[0] rx:4471 preRx:4465, tx:2966 preTx:2963
10-31 14:55:38.832 D/GSM     (  907): [DataConnectionTracker] cid[0] sent:3 received: 6 sentSinceLastRecv:0
10-31 14:55:38.917 D/GSM     (  907): [DataConnectionTracker] cid[1] rx:0 preRx:0, tx:0 preTx:0
10-31 14:55:38.957 D/GSM     (  907): [DataConnectionTracker] cid[2] rx:0 preRx:0, tx:0 preTx:0
10-31 14:55:38.988 D/GSM     (  907): [DataConnectionTracker] netStatPollPeriod: 1000
10-31 14:55:38.988 D/GSM     (  907): [DataConnectionTracker]                                      
10-31 14:55:39.997 D/GSM     (  907): [DataConnectionTracker] cid[0] rx:4476 preRx:4471, tx:2970 preTx:2966
10-31 14:55:39.997 D/GSM     (  907): [DataConnectionTracker] cid[0] sent:4 received: 5 sentSinceLastRecv:0
10-31 14:55:40.042 D/GSM     (  907): [DataConnectionTracker] cid[1] rx:0 preRx:0, tx:0 preTx:0
10-31 14:55:40.089 D/GSM     (  907): [DataConnectionTracker] cid[2] rx:0 preRx:0, tx:0 preTx:0
10-31 14:55:40.128 D/GSM     (  907): [DataConnectionTracker] netStatPollPeriod: 1000
10-31 14:55:40.128 D/GSM     (  907): [DataConnectionTracker]                                      
10-31 14:55:41.160 D/GSM     (  907): [DataConnectionTracker] cid[0] rx:4481 preRx:4476, tx:2972 preTx:2970
10-31 14:55:41.160 D/GSM     (  907): [DataConnectionTracker] cid[0] sent:2 received: 5 sentSinceLastRecv:0
10-31 14:55:41.222 D/GSM     (  907): [DataConnectionTracker] cid[1] rx:0 preRx:0, tx:0 preTx:0
10-31 14:55:41.269 D/GSM     (  907): [DataConnectionTracker] cid[2] rx:0 preRx:0, tx:0 preTx:0
10-31 14:55:41.301 D/GSM     (  907): [DataConnectionTracker] netStatPollPeriod: 1000
10-31 14:55:41.301 D/GSM     (  907): [DataConnectionTracker]                                      
10-31 14:55:42.324 D/GSM     (  907): [DataConnectionTracker] cid[0] rx:4487 preRx:4481, tx:2977 preTx:2972
10-31 14:55:42.324 D/GSM     (  907): [DataConnectionTracker] cid[0] sent:5 received: 6 sentSinceLastRecv:0
10-31 14:55:42.464 D/GSM     (  907): [DataConnectionTracker] cid[1] rx:0 preRx:0, tx:0 preTx:0
10-31 14:55:42.519 D/GSM     (  907): [DataConnectionTracker] cid[2] rx:0 preRx:0, tx:0 preTx:0
10-31 14:55:42.816 D/GSM     (  907): [DataConnectionTracker] netStatPollPeriod: 1000
10-31 14:55:42.816 D/GSM     (  907): [DataConnectionTracker]                                      
10-31 14:55:43.825 D/GSM     (  907): [DataConnectionTracker] cid[0] rx:4493 preRx:4487, tx:2981 preTx:2977
10-31 14:55:43.825 D/GSM     (  907): [DataConnectionTracker] cid[0] sent:4 received: 6 sentSinceLastRecv:0
10-31 14:55:43.871 D/GSM     (  907): [DataConnectionTracker] cid[1] rx:0 preRx:0, tx:0 preTx:0
10-31 14:55:43.941 D/GSM     (  907): [DataConnectionTracker] cid[2] rx:0 preRx:0, tx:0 preTx:0
10-31 14:55:44.004 D/GSM     (  907): [DataConnectionTracker] netStatPollPeriod: 1000
10-31 14:55:44.019 D/GSM     (  907): [DataConnectionTracker]                                      
10-31 14:55:45.036 D/GSM     (  907): [DataConnectionTracker] cid[0] rx:4499 preRx:4493, tx:2986 preTx:2981
10-31 14:55:45.036 D/GSM     (  907): [DataConnectionTracker] cid[0] sent:5 received: 6 sentSinceLastRecv:0
10-31 14:55:45.082 D/GSM     (  907): [DataConnectionTracker] cid[1] rx:0 preRx:0, tx:0 preTx:0
10-31 14:55:45.128 D/GSM     (  907): [DataConnectionTracker] cid[2] rx:0 preRx:0, tx:0 preTx:0
10-31 14:55:45.317 D/GSM     (  907): [DataConnectionTracker] netStatPollPeriod: 1000
10-31 14:55:45.317 D/GSM     (  907): [DataConnectionTracker]                                      
10-31 14:55:46.339 D/GSM     (  907): [DataConnectionTracker] cid[0] rx:4504 preRx:4499, tx:2991 preTx:2986
10-31 14:55:46.339 D/GSM     (  907): [DataConnectionTracker] cid[0] sent:5 received: 5 sentSinceLastRecv:0
10-31 14:55:46.410 D/GSM     (  907): [DataConnectionTracker] cid[1] rx:0 preRx:0, tx:0 preTx:0
10-31 14:55:46.488 D/GSM     (  907): [DataConnectionTracker] cid[2] rx:0 preRx:0, tx:0 preTx:0
10-31 14:55:46.519 D/GSM     (  907): [DataConnectionTracker] netStatPollPeriod: 1000
10-31 14:55:46.519 D/GSM     (  907): [DataConnectionTracker]                                      
10-31 14:55:47.528 D/GSM     (  907): [DataConnectionTracker] cid[0] rx:4514 preRx:4504, tx:2997 preTx:2991
10-31 14:55:47.528 D/GSM     (  907): [DataConnectionTracker] cid[0] sent:6 received: 10 sentSinceLastRecv:0
10-31 14:55:47.559 D/GSM     (  907): [DataConnectionTracker] cid[1] rx:0 preRx:0, tx:0 preTx:0
10-31 14:55:47.597 D/GSM     (  907): [DataConnectionTracker] cid[2] rx:0 preRx:0, tx:0 preTx:0
