10-31 14:44:54.886 I/RILC    (  749): monitor receive begin
10-31 14:44:54.886 I/RILC    (  749): monitor receive pCh[0]< 1 bytes 
10-31 14:44:54.886 I/RILC    (  749): monitor receive end
10-31 14:44:54.886 I/RILC    (  749): AT[0]< 
10-31 14:44:54.886 I/RILC    (  749): monitor receive begin
10-31 14:44:54.886 I/RILC    (  749): monitor receive pCh[0]< 13 bytes +ECSQ: 17,99
10-31 14:44:54.886 I/RILC    (  749): monitor receive end
10-31 14:44:54.886 I/RILC    (  749): AT[0]< +ECSQ: 17,99
10-31 14:44:54.886 I/RILC    (  749): monitor receive begin
10-31 14:44:54.886 I/RILC    (  749): monitor receive pCh[0]< 1 bytes 
10-31 14:44:54.886 I/RILC    (  749): monitor receive end
10-31 14:44:54.886 I/RILC    (  749): AT[0]< 
10-31 14:44:54.894 V/RILJ    (  907): <<<<<RIL Recv: 
10-31 14:44:55.316 D/GSM     (  907): [DataConnectionTracker] cid[0] rx:1008 preRx:1008, tx:766 preTx:766
10-31 14:44:55.316 D/GSM     (  907): [DataConnectionTracker] cid[0] sent:0 received: 0 sentSinceLastRecv:0
10-31 14:44:55.606 D/GSM     (  907): [DataConnectionTracker] cid[1] rx:0 preRx:0, tx:0 preTx:0
10-31 14:44:55.652 D/GSM     (  907): [DataConnectionTracker] cid[2] rx:0 preRx:0, tx:0 preTx:0
10-31 14:44:55.676 D/GSM     (  907): [DataConnectionTracker] netStatPollPeriod: 1000
10-31 14:44:55.684 D/GSM     (  907): [DataConnectionTracker]                                      
10-31 14:44:56.699 D/GSM     (  907): [DataConnectionTracker] cid[0] rx:1008 preRx:1008, tx:766 preTx:766
10-31 14:44:56.699 D/GSM     (  907): [DataConnectionTracker] cid[0] sent:0 received: 0 sentSinceLastRecv:0
10-31 14:44:56.769 D/GSM     (  907): [DataConnectionTracker] cid[1] rx:0 preRx:0, tx:0 preTx:0
10-31 14:44:56.878 D/GSM     (  907): [DataConnectionTracker] cid[2] rx:0 preRx:0, tx:0 preTx:0
10-31 14:44:56.910 D/GSM     (  907): [DataConnectionTracker] netStatPollPeriod: 1000
10-31 14:44:56.910 D/GSM     (  907): [DataConnectionTracker]                                      
10-31 14:44:57.925 D/GSM     (  907): [DataConnectionTracker] cid[0] rx:1008 preRx:1008, tx:766 preTx:766
10-31 14:44:57.925 D/GSM     (  907): [DataConnectionTracker] cid[0] sent:0 received: 0 sentSinceLastRecv:0
10-31 14:44:57.996 D/GSM     (  907): [DataConnectionTracker] cid[1] rx:0 preRx:0, tx:0 preTx:0
10-31 14:44:58.058 D/GSM     (  907): [DataConnectionTracker] cid[2] rx:0 preRx:0, tx:0 preTx:0
10-31 14:44:58.113 D/GSM     (  907): [DataConnectionTracker] netStatPollPeriod: 1000
10-31 14:44:58.113 D/GSM     (  907): [DataConnectionTracker]                                      
10-31 14:44:59.144 D/GSM     (  907): [DataConnectionTracker] cid[0] rx:1008 preRx:1008, tx:766 preTx:766
10-31 14:44:59.152 D/GSM     (  907): [DataConnectionTracker] cid[0] sent:0 received: 0 sentSinceLastRecv:0
10-31 14:44:59.238 D/GSM     (  907): [DataConnectionTracker] cid[1] rx:0 preRx:0, tx:0 preTx:0
10-31 14:44:59.300 D/GSM     (  907): [DataConnectionTracker] cid[2] rx:0 preRx:0, tx:0 preTx:0
10-31 14:44:59.378 D/GSM     (  907): [DataConnectionTracker] netStatPollPeriod: 1000
10-31 14:44:59.378 D/GSM     (  907): [DataConnectionTracker]                                      
10-31 14:45:00.387 D/GSM     (  907): [DataConnectionTracker] cid[0] rx:1008 preRx:1008, tx:766 preTx:766
10-31 14:45:00.387 D/GSM     (  907): [DataConnectionTracker] cid[0] sent:0 received: 0 sentSinceLastRecv:0
10-31 14:45:00.449 D/GSM     (  907): [DataConnectionTracker] cid[1] rx:0 preRx:0, tx:0 preTx:0
10-31 14:45:00.519 D/GSM     (  907): [DataConnectionTracker] cid[2] rx:0 preRx:0, tx:0 preTx:0
10-31 14:45:00.589 D/GSM     (  907): [DataConnectionTracker] netStatPollPeriod: 1000
10-31 14:45:00.597 D/GSM     (  907): [DataConnectionTracker]                                      
10-31 14:45:01.605 D/GSM     (  907): [DataConnectionTracker] cid[0] rx:1008 preRx:1008, tx:766 preTx:766
10-31 14:45:01.605 D/GSM     (  907): [DataConnectionTracker] cid[0] sent:0 received: 0 sentSinceLastRecv:0
10-31 14:45:01.675 D/GSM     (  907): [DataConnectionTracker] cid[1] rx:0 preRx:0, tx:0 preTx:0
10-31 14:45:01.730 D/GSM     (  907): [DataConnectionTracker] cid[2] rx:0 preRx:0, tx:0 preTx:0
10-31 14:45:01.941 D/GSM     (  907): [DataConnectionTracker] netStatPollPeriod: 1000
10-31 14:45:01.941 D/GSM     (  907): [DataConnectionTracker]                                      
10-31 14:45:02.964 D/GSM     (  907): [DataConnectionTracker] cid[0] rx:1008 preRx:1008, tx:766 preTx:766
10-31 14:45:02.964 D/GSM     (  907): [DataConnectionTracker] cid[0] sent:0 received: 0 sentSinceLastRecv:0
10-31 14:45:03.027 D/GSM     (  907): [DataConnectionTracker] cid[1] rx:0 preRx:0, tx:0 preTx:0
10-31 14:45:03.082 D/GSM     (  907): [DataConnectionTracker] cid[2] rx:0 preRx:0, tx:0 preTx:0
10-31 14:45:03.160 D/GSM     (  907): [DataConnectionTracker] netStatPollPeriod: 1000
10-31 14:45:03.160 D/GSM     (  907): [DataConnectionTracker]                                      
10-31 14:45:04.183 D/GSM     (  907): [DataConnectionTracker] cid[0] rx:1008 preRx:1008, tx:766 preTx:766
10-31 14:45:04.183 D/GSM     (  907): [DataConnectionTracker] cid[0] sent:0 received: 0 sentSinceLastRecv:0
10-31 14:45:04.253 D/GSM     (  907): [DataConnectionTracker] cid[1] rx:0 preRx:0, tx:0 preTx:0
10-31 14:45:04.324 D/GSM     (  907): [DataConnectionTracker] cid[2] rx:0 preRx:0, tx:0 preTx:0
10-31 14:45:04.355 D/GSM     (  907): [DataConnectionTracker] netStatPollPeriod: 1000
10-31 14:45:04.355 D/GSM     (  907): [DataConnectionTracker]                                      
10-31 14:45:05.371 D/GSM     (  907): [DataConnectionTracker] cid[0] rx:1008 preRx:1008, tx:766 preTx:766
10-31 14:45:05.371 D/GSM     (  907): [DataConnectionTracker] cid[0] sent:0 received: 0 sentSinceLastRecv:0
10-31 14:45:05.441 D/GSM     (  907): [DataConnectionTracker] cid[1] rx:0 preRx:0, tx:0 preTx:0
10-31 14:45:05.519 D/GSM     (  907): [DataConnectionTracker] cid[2] rx:0 preRx:0, tx:0 preTx:0
10-31 14:45:05.551 D/GSM     (  907): [DataConnectionTracker] netStatPollPeriod: 1000
10-31 14:45:05.558 D/GSM     (  907): [DataConnectionTracker]                                      
10-31 14:45:06.566 D/GSM     (  907): [DataConnectionTracker] cid[0] rx:1008 preRx:1008, tx:766 preTx:766
10-31 14:45:06.566 D/GSM     (  907): [DataConnectionTracker] cid[0] sent:0 received: 0 sentSinceLastRecv:0
10-31 14:45:06.652 D/GSM     (  907): [DataConnectionTracker] cid[1] rx:0 preRx:0, tx:0 preTx:0
10-31 14:45:06.699 D/GSM     (  907): [DataConnectionTracker] cid[2] rx:0 preRx:0, tx:0 preTx:0
10-31 14:45:06.730 D/GSM     (  907): [DataConnectionTracker] netStatPollPeriod: 1000
10-31 14:45:06.730 D/GSM     (  907): [DataConnectionTracker]                                      
10-31 14:45:07.746 D/GSM     (  907): [DataConnectionTracker] cid[0] rx:1008 preRx:1008, tx:766 preTx:766
10-31 14:45:07.746 D/GSM     (  907): [DataConnectionTracker] cid[0] sent:0 received: 0 sentSinceLastRecv:0
10-31 14:45:07.847 D/GSM     (  907): [DataConnectionTracker] cid[1] rx:0 preRx:0, tx:0 preTx:0
10-31 14:45:07.894 D/GSM     (  907): [DataConnectionTracker] cid[2] rx:0 preRx:0, tx:0 preTx:0
10-31 14:45:07.942 D/GSM     (  907): [DataConnectionTracker] netStatPollPeriod: 1000
10-31 14:45:07.942 D/GSM     (  907): [DataConnectionTracker]                                      
10-31 14:45:08.980 D/GSM     (  907): [DataConnectionTracker] cid[0] rx:1008 preRx:1008, tx:766 preTx:766
10-31 14:45:08.980 D/GSM     (  907): [DataConnectionTracker] cid[0] sent:0 received: 0 sentSinceLastRecv:0
10-31 14:45:09.042 D/GSM     (  907): [DataConnectionTracker] cid[1] rx:0 preRx:0, tx:0 preTx:0
10-31 14:45:09.308 D/GSM     (  907): [DataConnectionTracker] cid[2] rx:0 preRx:0, tx:0 preTx:0
10-31 14:45:09.340 D/GSM     (  907): [DataConnectionTracker] netStatPollPeriod: 1000
10-31 14:45:09.340 D/GSM     (  907): [DataConnectionTracker]                                      
10-31 14:45:10.363 D/GSM     (  907): [DataConnectionTracker] cid[0] rx:1008 preRx:1008, tx:766 preTx:766
10-31 14:45:10.363 D/GSM     (  907): [DataConnectionTracker] cid[0] sent:0 received: 0 sentSinceLastRecv:0
10-31 14:45:10.425 D/GSM     (  907): [DataConnectionTracker] cid[1] rx:0 preRx:0, tx:0 preTx:0
10-31 14:45:10.496 D/GSM     (  907): [DataConnectionTracker] cid[2] rx:0 preRx:0, tx:0 preTx:0
10-31 14:45:10.558 D/GSM     (  907): [DataConnectionTracker] netStatPollPeriod: 1000
10-31 14:45:10.558 D/GSM     (  907): [DataConnectionTracker]                                      
10-31 14:45:11.574 D/GSM     (  907): [DataConnectionTracker] cid[0] rx:1008 preRx:1008, tx:766 preTx:766
10-31 14:45:11.574 D/GSM     (  907): [DataConnectionTracker] cid[0] sent:0 received: 0 sentSinceLastRecv:0
10-31 14:45:11.660 D/GSM     (  907): [DataConnectionTracker] cid[1] rx:0 preRx:0, tx:0 preTx:0
10-31 14:45:11.722 D/GSM     (  907): [DataConnectionTracker] cid[2] rx:0 preRx:0, tx:0 preTx:0
10-31 14:45:11.762 D/GSM     (  907): [DataConnectionTracker] netStatPollPeriod: 1000
10-31 14:45:11.762 D/GSM     (  907): [DataConnectionTracker]                                      
10-31 14:45:12.785 D/GSM     (  907): [DataConnectionTracker] cid[0] rx:1008 preRx:1008, tx:766 preTx:766
10-31 14:45:12.785 D/GSM     (  907): [DataConnectionTracker] cid[0] sent:0 received: 0 sentSinceLastRecv:0
10-31 14:45:12.878 D/GSM     (  907): [DataConnectionTracker] cid[1] rx:0 preRx:0, tx:0 preTx:0
10-31 14:45:13.176 D/GSM     (  907): [DataConnectionTracker] cid[2] rx:0 preRx:0, tx:0 preTx:0
10-31 14:45:13.200 D/GSM     (  907): [DataConnectionTracker] netStatPollPeriod: 1000
10-31 14:45:13.200 D/GSM     (  907): [DataConnectionTracker]                                      
10-31 14:45:14.222 D/GSM     (  907): [DataConnectionTracker] cid[0] rx:1008 preRx:1008, tx:766 preTx:766
10-31 14:45:14.222 D/GSM     (  907): [DataConnectionTracker] cid[0] sent:0 received: 0 sentSinceLastRecv:0
10-31 14:45:14.371 D/GSM     (  907): [DataConnectionTracker] cid[1] rx:0 preRx:0, tx:0 preTx:0
10-31 14:45:14.402 D/GSM     (  907): [DataConnectionTracker] cid[2] rx:0 preRx:0, tx:0 preTx:0
10-31 14:45:14.433 D/GSM     (  907): [DataConnectionTracker] netStatPollPeriod: 1000
10-31 14:45:14.433 D/GSM     (  907): [DataConnectionTracker]                                      
10-31 14:45:15.449 D/GSM     (  907): [DataConnectionTracker] cid[0] rx:1008 preRx:1008, tx:766 preTx:766
10-31 14:45:15.449 D/GSM     (  907): [DataConnectionTracker] cid[0] sent:0 received: 0 sentSinceLastRecv:0
10-31 14:45:15.550 D/GSM     (  907): [DataConnectionTracker] cid[1] rx:0 preRx:0, tx:0 preTx:0
10-31 14:45:15.582 D/GSM     (  907): [DataConnectionTracker] cid[2] rx:0 preRx:0, tx:0 preTx:0
10-31 14:45:15.613 D/GSM     (  907): [DataConnectionTracker] netStatPollPeriod: 1000
10-31 14:45:15.613 D/GSM     (  907): [DataConnectionTracker]                                      
10-31 14:45:16.636 D/GSM     (  907): [DataConnectionTracker] cid[0] rx:1008 preRx:1008, tx:766 preTx:766
10-31 14:45:16.636 D/GSM     (  907): [DataConnectionTracker] cid[0] sent:0 received: 0 sentSinceLastRecv:0
10-31 14:45:16.808 D/GSM     (  907): [DataConnectionTracker] cid[1] rx:0 preRx:0, tx:0 preTx:0
10-31 14:45:16.863 D/GSM     (  907): [DataConnectionTracker] cid[2] rx:0 preRx:0, tx:0 preTx:0
10-31 14:45:16.902 D/GSM     (  907): [DataConnectionTracker] netStatPollPeriod: 1000
10-31 14:45:16.902 D/GSM     (  907): [DataConnectionTracker]                                      
10-31 14:45:17.917 D/GSM     (  907): [DataConnectionTracker] cid[0] rx:1008 preRx:1008, tx:766 preTx:766
10-31 14:45:17.917 D/GSM     (  907): [DataConnectionTracker] cid[0] sent:0 received: 0 sentSinceLastRecv:0
10-31 14:45:17.988 D/GSM     (  907): [DataConnectionTracker] cid[1] rx:0 preRx:0, tx:0 preTx:0
10-31 14:45:18.058 D/GSM     (  907): [DataConnectionTracker] cid[2] rx:0 preRx:0, tx:0 preTx:0
10-31 14:45:18.089 D/GSM     (  907): [DataConnectionTracker] netStatPollPeriod: 1000
10-31 14:45:18.089 D/GSM     (  907): [DataConnectionTracker]                                      
10-31 14:45:19.105 D/GSM     (  907): [DataConnectionTracker] cid[0] rx:1008 preRx:1008, tx:766 preTx:766
10-31 14:45:19.105 D/GSM     (  907): [DataConnectionTracker] cid[0] sent:0 received: 0 sentSinceLastRecv:0
10-31 14:45:19.191 D/GSM     (  907): [DataConnectionTracker] cid[1] rx:0 preRx:0, tx:0 preTx:0
10-31 14:45:19.238 D/GSM     (  907): [DataConnectionTracker] cid[2] rx:0 preRx:0, tx:0 preTx:0
10-31 14:45:19.269 D/GSM     (  907): [DataConnectionTracker] netStatPollPeriod: 1000
10-31 14:45:19.269 D/GSM     (  907): [DataConnectionTracker]                                      
10-31 14:45:20.285 D/GSM     (  907): [DataConnectionTracker] cid[0] rx:1008 preRx:1008, tx:766 preTx:766
10-31 14:45:20.285 D/GSM     (  907): [DataConnectionTracker] cid[0] sent:0 received: 0 sentSinceLastRecv:0
10-31 14:45:20.386 D/GSM     (  907): [DataConnectionTracker] cid[1] rx:0 preRx:0, tx:0 preTx:0
10-31 14:45:20.417 D/GSM     (  907): [DataConnectionTracker] cid[2] rx:0 preRx:0, tx:0 preTx:0
10-31 14:45:20.449 D/GSM     (  907): [DataConnectionTracker] netStatPollPeriod: 1000
10-31 14:45:20.449 D/GSM     (  907): [DataConnectionTracker]                                      
10-31 14:45:21.464 D/GSM     (  907): [DataConnectionTracker] cid[0] rx:1008 preRx:1008, tx:766 preTx:766
10-31 14:45:21.464 D/GSM     (  907): [DataConnectionTracker] cid[0] sent:0 received: 0 sentSinceLastRecv:0
10-31 14:45:21.566 D/GSM     (  907): [DataConnectionTracker] cid[1] rx:0 preRx:0, tx:0 preTx:0
10-31 14:45:21.597 D/GSM     (  907): [DataConnectionTracker] cid[2] rx:0 preRx:0, tx:0 preTx:0
10-31 14:45:21.628 D/GSM     (  907): [DataConnectionTracker] netStatPollPeriod: 1000
10-31 14:45:21.628 D/GSM     (  907): [DataConnectionTracker]                                      
10-31 14:45:22.652 D/GSM     (  907): [DataConnectionTracker] cid[0] rx:1008 preRx:1008, tx:766 preTx:766
10-31 14:45:22.652 D/GSM     (  907): [DataConnectionTracker] cid[0] sent:0 received: 0 sentSinceLastRecv:0
10-31 14:45:22.753 D/GSM     (  907): [DataConnectionTracker] cid[1] rx:0 preRx:0, tx:0 preTx:0
10-31 14:45:22.800 D/GSM     (  907): [DataConnectionTracker] cid[2] rx:0 preRx:0, tx:0 preTx:0
10-31 14:45:22.996 D/GSM     (  907): [DataConnectionTracker] netStatPollPeriod: 1000
10-31 14:45:22.996 D/GSM     (  907): [DataConnectionTracker]                                      
10-31 14:45:23.132 I/RILC    (  749): monitor receive begin
10-31 14:45:23.132 I/RILC    (  749): monitor receive pCh[0]< 1 bytes 
10-31 14:45:23.132 I/RILC    (  749): monitor receive end
10-31 14:45:23.136 I/RILC    (  749): AT[0]< 
10-31 14:45:23.136 I/RILC    (  749): monitor receive begin
10-31 14:45:23.136 I/RILC    (  749): monitor receive pCh[0]< 1 bytes 
10-31 14:45:23.136 I/RILC    (  749): monitor receive end
10-31 14:45:23.136 I/RILC    (  749): AT[0]< 
10-31 14:45:23.136 I/RILC    (  749): monitor receive begin
10-31 14:45:23.136 I/RILC    (  749): monitor receive pCh[0]< 13 bytes +ECSQ: 14,99
10-31 14:45:23.144 I/RILC    (  749): monitor receive end
10-31 14:45:23.144 I/RILC    (  749): AT[0]< +ECSQ: 14,99
10-31 14:45:23.144 I/RILC    (  749): monitor receive begin
10-31 14:45:23.144 I/RILC    (  749): monitor receive pCh[0]< 1 bytes 
10-31 14:45:23.144 I/RILC    (  749): monitor receive end
10-31 14:45:23.144 I/RILC    (  749): AT[0]< 
10-31 14:45:23.144 V/RILJ    (  907): <<<<<RIL Recv: 
10-31 14:45:24.011 D/GSM     (  907): [DataConnectionTracker] cid[0] rx:1008 preRx:1008, tx:766 preTx:766
10-31 14:45:24.011 D/GSM     (  907): [DataConnectionTracker] cid[0] sent:0 received: 0 sentSinceLastRecv:0
10-31 14:45:24.387 D/GSM     (  907): [DataConnectionTracker] cid[1] rx:0 preRx:0, tx:0 preTx:0
10-31 14:45:24.418 D/GSM     (  907): [DataConnectionTracker] cid[2] rx:0 preRx:0, tx:0 preTx:0
10-31 14:45:24.442 D/GSM     (  907): [DataConnectionTracker] netStatPollPeriod: 1000
10-31 14:45:24.442 D/GSM     (  907): [DataConnectionTracker]                                      
10-31 14:45:25.019 I/RILC    (  749): monitor receive begin
10-31 14:45:25.019 I/RILC    (  749): monitor receive pCh[0]< 1 bytes 
10-31 14:45:25.019 I/RILC    (  749): monitor receive end
10-31 14:45:25.019 I/RILC    (  749): AT[0]< 
10-31 14:45:25.019 I/RILC    (  749): monitor receive begin
10-31 14:45:25.019 I/RILC    (  749): monitor receive pCh[0]< 1 bytes 
10-31 14:45:25.019 I/RILC    (  749): monitor receive end
10-31 14:45:25.019 I/RILC    (  749): AT[0]< 
10-31 14:45:25.019 I/RILC    (  749): monitor receive begin
10-31 14:45:25.019 I/RILC    (  749): monitor receive pCh[0]< 13 bytes +ECSQ: 11,99
10-31 14:45:25.019 I/RILC    (  749): monitor receive end
10-31 14:45:25.019 I/RILC    (  749): AT[0]< +ECSQ: 11,99
10-31 14:45:25.019 I/RILC    (  749): monitor receive begin
10-31 14:45:25.019 I/RILC    (  749): monitor receive pCh[0]< 1 bytes 
10-31 14:45:25.019 I/RILC    (  749): monitor receive end
10-31 14:45:25.019 I/RILC    (  749): AT[0]< 
10-31 14:45:25.019 V/RILJ    (  907): <<<<<RIL Recv: 
10-31 14:45:25.450 D/GSM     (  907): [DataConnectionTracker] cid[0] rx:1008 preRx:1008, tx:766 preTx:766
10-31 14:45:25.450 D/GSM     (  907): [DataConnectionTracker] cid[0] sent:0 received: 0 sentSinceLastRecv:0
10-31 14:45:25.488 D/GSM     (  907): [DataConnectionTracker] cid[1] rx:0 preRx:0, tx:0 preTx:0
10-31 14:45:25.528 D/GSM     (  907): [DataConnectionTracker] cid[2] rx:0 preRx:0, tx:0 preTx:0
10-31 14:45:25.550 D/GSM     (  907): [DataConnectionTracker] netStatPollPeriod: 1000
10-31 14:45:25.559 D/GSM     (  907): [DataConnectionTracker]                                      
10-31 14:45:26.574 D/GSM     (  907): [DataConnectionTracker] cid[0] rx:1008 preRx:1008, tx:766 preTx:766
10-31 14:45:26.574 D/GSM     (  907): [DataConnectionTracker] cid[0] sent:0 received: 0 sentSinceLastRecv:0
10-31 14:45:26.621 D/GSM     (  907): [DataConnectionTracker] cid[1] rx:0 preRx:0, tx:0 preTx:0
10-31 14:45:26.660 D/GSM     (  907): [DataConnectionTracker] cid[2] rx:0 preRx:0, tx:0 preTx:0
10-31 14:45:26.691 D/GSM     (  907): [DataConnectionTracker] netStatPollPeriod: 1000
10-31 14:45:26.691 D/GSM     (  907): [DataConnectionTracker]                                      
10-31 14:45:27.707 D/GSM     (  907): [DataConnectionTracker] cid[0] rx:1008 preRx:1008, tx:766 preTx:766
10-31 14:45:27.707 D/GSM     (  907): [DataConnectionTracker] cid[0] sent:0 received: 0 sentSinceLastRecv:0
10-31 14:45:27.769 D/GSM     (  907): [DataConnectionTracker] cid[1] rx:0 preRx:0, tx:0 preTx:0
10-31 14:45:27.824 D/GSM     (  907): [DataConnectionTracker] cid[2] rx:0 preRx:0, tx:0 preTx:0
10-31 14:45:27.878 D/GSM     (  907): [DataConnectionTracker] netStatPollPeriod: 1000
10-31 14:45:27.878 D/GSM     (  907): [DataConnectionTracker]                                      
10-31 14:45:28.886 D/GSM     (  907): [DataConnectionTracker] cid[0] rx:1008 preRx:1008, tx:766 preTx:766
10-31 14:45:28.886 D/GSM     (  907): [DataConnectionTracker] cid[0] sent:0 received: 0 sentSinceLastRecv:0
10-31 14:45:28.949 D/GSM     (  907): [DataConnectionTracker] cid[1] rx:0 preRx:0, tx:0 preTx:0
10-31 14:45:29.019 D/GSM     (  907): [DataConnectionTracker] cid[2] rx:0 preRx:0, tx:0 preTx:0
10-31 14:45:29.066 D/GSM     (  907): [DataConnectionTracker] netStatPollPeriod: 1000
10-31 14:45:29.066 D/GSM     (  907): [DataConnectionTracker]                                      
10-31 14:45:30.082 D/GSM     (  907): [DataConnectionTracker] cid[0] rx:1008 preRx:1008, tx:766 preTx:766
10-31 14:45:30.082 D/GSM     (  907): [DataConnectionTracker] cid[0] sent:0 received: 0 sentSinceLastRecv:0
10-31 14:45:30.152 D/GSM     (  907): [DataConnectionTracker] cid[1] rx:0 preRx:0, tx:0 preTx:0
10-31 14:45:30.222 D/GSM     (  907): [DataConnectionTracker] cid[2] rx:0 preRx:0, tx:0 preTx:0
10-31 14:45:30.253 D/GSM     (  907): [DataConnectionTracker] netStatPollPeriod: 1000
10-31 14:45:30.253 D/GSM     (  907): [DataConnectionTracker]                                      
10-31 14:45:31.269 D/GSM     (  907): [DataConnectionTracker] cid[0] rx:1008 preRx:1008, tx:766 preTx:766
10-31 14:45:31.269 D/GSM     (  907): [DataConnectionTracker] cid[0] sent:0 received: 0 sentSinceLastRecv:0
10-31 14:45:31.339 D/GSM     (  907): [DataConnectionTracker] cid[1] rx:0 preRx:0, tx:0 preTx:0
10-31 14:45:31.386 D/GSM     (  907): [DataConnectionTracker] cid[2] rx:0 preRx:0, tx:0 preTx:0
10-31 14:45:31.425 D/GSM     (  907): [DataConnectionTracker] netStatPollPeriod: 1000
10-31 14:45:31.425 D/GSM     (  907): [DataConnectionTracker]                                      
10-31 14:45:31.754 I/RILC    (  749): monitor receive begin
10-31 14:45:31.754 I/RILC    (  749): monitor receive pCh[0]< 1 bytes 
10-31 14:45:31.754 I/RILC    (  749): monitor receive end
10-31 14:45:31.754 I/RILC    (  749): AT[0]< 
10-31 14:45:31.754 I/RILC    (  749): monitor receive begin
10-31 14:45:31.754 I/RILC    (  749): monitor receive pCh[0]< 1 bytes 
10-31 14:45:31.754 I/RILC    (  749): monitor receive end
10-31 14:45:31.754 I/RILC    (  749): AT[0]< 
10-31 14:45:31.754 I/RILC    (  749): monitor receive begin
10-31 14:45:31.754 I/RILC    (  749): monitor receive pCh[0]< 13 bytes +ECSQ: 19,99
10-31 14:45:31.754 I/RILC    (  749): monitor receive end
10-31 14:45:31.754 I/RILC    (  749): AT[0]< +ECSQ: 19,99
10-31 14:45:31.754 I/RILC    (  749): monitor receive begin
10-31 14:45:31.754 I/RILC    (  749): monitor receive pCh[0]< 1 bytes 
10-31 14:45:31.754 I/RILC    (  749): monitor receive end
10-31 14:45:31.754 I/RILC    (  749): AT[0]< 
10-31 14:45:31.761 V/RILJ    (  907): <<<<<RIL Recv: 
10-31 14:45:32.434 D/GSM     (  907): [DataConnectionTracker] cid[0] rx:1008 preRx:1008, tx:766 preTx:766
10-31 14:45:32.434 D/GSM     (  907): [DataConnectionTracker] cid[0] sent:0 received: 0 sentSinceLastRecv:0
10-31 14:45:32.489 D/GSM     (  907): [DataConnectionTracker] cid[1] rx:0 preRx:0, tx:0 preTx:0
10-31 14:45:32.536 D/GSM     (  907): [DataConnectionTracker] cid[2] rx:0 preRx:0, tx:0 preTx:0
10-31 14:45:32.761 D/GSM     (  907): [DataConnectionTracker] netStatPollPeriod: 1000
10-31 14:45:32.761 D/GSM     (  907): [DataConnectionTracker]                                      
10-31 14:45:33.785 D/GSM     (  907): [DataConnectionTracker] cid[0] rx:1008 preRx:1008, tx:767 preTx:766
10-31 14:45:33.785 D/GSM     (  907): [DataConnectionTracker] cid[0] sent:1 received: 0 sentSinceLastRecv:1
10-31 14:45:33.855 D/GSM     (  907): [DataConnectionTracker] cid[1] rx:0 preRx:0, tx:0 preTx:0
10-31 14:45:33.933 D/GSM     (  907): [DataConnectionTracker] cid[2] rx:0 preRx:0, tx:0 preTx:0
10-31 14:45:33.964 D/GSM     (  907): [DataConnectionTracker] netStatPollPeriod: 1000
10-31 14:45:33.980 D/GSM     (  907): [DataConnectionTracker]                                      
10-31 14:45:34.996 D/GSM     (  907): [DataConnectionTracker] cid[0] rx:1008 preRx:1008, tx:767 preTx:767
10-31 14:45:34.996 D/GSM     (  907): [DataConnectionTracker] cid[0] sent:0 received: 0 sentSinceLastRecv:1
10-31 14:45:35.058 D/GSM     (  907): [DataConnectionTracker] cid[1] rx:0 preRx:0, tx:0 preTx:0
10-31 14:45:35.128 D/GSM     (  907): [DataConnectionTracker] cid[2] rx:0 preRx:0, tx:0 preTx:0
10-31 14:45:35.175 D/GSM     (  907): [DataConnectionTracker] netStatPollPeriod: 1000
10-31 14:45:35.175 D/GSM     (  907): [DataConnectionTracker]                                      
10-31 14:45:35.309 I/RILC    (  749): monitor receive begin
10-31 14:45:35.309 I/RILC    (  749): monitor receive pCh[0]< 1 bytes 
10-31 14:45:35.309 I/RILC    (  749): monitor receive end
10-31 14:45:35.309 I/RILC    (  749): AT[0]< 
10-31 14:45:35.309 I/RILC    (  749): monitor receive begin
10-31 14:45:35.309 I/RILC    (  749): monitor receive pCh[0]< 1 bytes 
10-31 14:45:35.309 I/RILC    (  749): monitor receive end
10-31 14:45:35.309 I/RILC    (  749): AT[0]< 
10-31 14:45:35.309 I/RILC    (  749): monitor receive begin
10-31 14:45:35.309 I/RILC    (  749): monitor receive pCh[0]< 13 bytes +ECSQ: 16,99
10-31 14:45:35.309 I/RILC    (  749): monitor receive end
10-31 14:45:35.309 I/RILC    (  749): AT[0]< +ECSQ: 16,99
10-31 14:45:35.309 I/RILC    (  749): monitor receive begin
10-31 14:45:35.309 I/RILC    (  749): monitor receive pCh[0]< 1 bytes 
10-31 14:45:35.309 I/RILC    (  749): monitor receive end
10-31 14:45:35.309 I/RILC    (  749): AT[0]< 
10-31 14:45:35.309 V/RILJ    (  907): <<<<<RIL Recv: 
10-31 14:45:36.184 D/GSM     (  907): [DataConnectionTracker] cid[0] rx:1008 preRx:1008, tx:769 preTx:767
10-31 14:45:36.184 D/GSM     (  907): [DataConnectionTracker] cid[0] sent:2 received: 0 sentSinceLastRecv:3
10-31 14:45:36.254 D/GSM     (  907): [DataConnectionTracker] cid[1] rx:0 preRx:0, tx:0 preTx:0
10-31 14:45:36.324 D/GSM     (  907): [DataConnectionTracker] cid[2] rx:0 preRx:0, tx:0 preTx:0
10-31 14:45:36.348 I/RILC    (  749): monitor receive begin
10-31 14:45:36.348 I/RILC    (  749): monitor receive pCh[0]< 1 bytes 
10-31 14:45:36.348 I/RILC    (  749): monitor receive end
10-31 14:45:36.348 I/RILC    (  749): AT[0]< 
10-31 14:45:36.348 I/RILC    (  749): monitor receive begin
10-31 14:45:36.348 I/RILC    (  749): monitor receive pCh[0]< 1 bytes 
10-31 14:45:36.348 I/RILC    (  749): monitor receive end
10-31 14:45:36.348 I/RILC    (  749): AT[0]< 
10-31 14:45:36.348 I/RILC    (  749): monitor receive begin
10-31 14:45:36.348 I/RILC    (  749): monitor receive pCh[0]< 26 bytes +CGREG: 1,"10A6","25F2",3
10-31 14:45:36.348 I/RILC    (  749): monitor receive end
10-31 14:45:36.348 I/RILC    (  749): AT[0]< +CGREG: 1,"10A6","25F2",3
10-31 14:45:36.348 I/RILC    (  749): +CREG or +CGREG
10-31 14:45:36.348 I/RILC    (  749): monitor receive begin
10-31 14:45:36.348 I/RILC    (  749): monitor receive pCh[0]< 1 bytes 
10-31 14:45:36.348 I/RILC    (  749): monitor receive end
10-31 14:45:36.348 I/RILC    (  749): AT[0]< 
10-31 14:45:36.348 I/RILC    (  749): monitor receive begin
10-31 14:45:36.348 I/RILC    (  749): monitor receive pCh[0]< 1 bytes 
10-31 14:45:36.348 I/RILC    (  749): monitor receive end
10-31 14:45:36.348 I/RILC    (  749): AT[0]< 
10-31 14:45:36.348 I/RILC    (  749): monitor receive begin
10-31 14:45:36.348 I/RILC    (  749): monitor receive pCh[0]< 1 bytes 
10-31 14:45:36.348 I/RILC    (  749): monitor receive end
10-31 14:45:36.348 I/RILC    (  749): AT[0]< 
10-31 14:45:36.348 I/RILC    (  749): monitor receive begin
10-31 14:45:36.348 I/RILC    (  749): monitor receive pCh[0]< 25 bytes +CREG: 1,"10A6","25F2",3
10-31 14:45:36.348 I/RILC    (  749): monitor receive end
10-31 14:45:36.348 I/RILC    (  749): AT[0]< +CREG: 1,"10A6","25F2",3
10-31 14:45:36.348 I/RILC    (  749): +CREG or +CGREG
10-31 14:45:36.348 I/RILC    (  749): monitor receive begin
10-31 14:45:36.348 I/RILC    (  749): monitor receive pCh[0]< 1 bytes 
10-31 14:45:36.348 I/RILC    (  749): monitor receive end
10-31 14:45:36.348 I/RILC    (  749): AT[0]< 
10-31 14:45:36.348 V/RILJ    (  907): <<<<<RIL Recv: 
10-31 14:45:36.348 D/RILJ    (  907): [UNSL]< UNSOL_RESPONSE_NETWORK_STATE_CHANGED
10-31 14:45:36.386 V/RILJ    (  907): <<<<<RIL Recv: 
10-31 14:45:36.386 D/RILJ    (  907): [UNSL]< UNSOL_RESPONSE_NETWORK_STATE_CHANGED
10-31 14:45:36.394 D/GSM     (  907): [DataConnectionTracker] netStatPollPeriod: 1000
10-31 14:45:36.394 D/GSM     (  907): [DataConnectionTracker]                                      
10-31 14:45:36.394 D/RILJ    (  907): [0504]> OPERATOR
10-31 14:45:36.403 V/RILJ    (  907): >>>>RIL Send: 
10-31 14:45:36.425 D/RILJ    (  907): [0505]> GPRS_REGISTRATION_STATE
10-31 14:45:36.441 I/RILC    (  749): onRequest: OPERATOR ,token=504
10-31 14:45:36.441 I/RILC    (  749): AT[1]> AT+COPS=3,0
10-31 14:45:36.441 I/RILC    (  749): monitor receive begin
10-31 14:45:36.441 I/RILC    (  749): monitor receive pCh[1]< 1 bytes 
10-31 14:45:36.441 I/RILC    (  749): monitor receive end
10-31 14:45:36.441 I/RILC    (  749): AT[1]< 
10-31 14:45:36.441 I/RILC    (  749): monitor receive begin
10-31 14:45:36.441 I/RILC    (  749): monitor receive pCh[1]< 1 bytes 
10-31 14:45:36.441 I/RILC    (  749): monitor receive end
10-31 14:45:36.441 I/RILC    (  749): AT[1]< 
10-31 14:45:36.441 I/RILC    (  749): monitor receive begin
10-31 14:45:36.441 I/RILC    (  749): monitor receive pCh[1]< 3 bytes OK
10-31 14:45:36.441 I/RILC    (  749): monitor receive end
10-31 14:45:36.441 I/RILC    (  749): AT[1]< OK
10-31 14:45:36.441 I/RILC    (  749): monitor receive begin
10-31 14:45:36.441 I/RILC    (  749): monitor receive pCh[1]< 1 bytes 
10-31 14:45:36.441 I/RILC    (  749): monitor receive end
10-31 14:45:36.441 I/RILC    (  749): AT[1]< 
10-31 14:45:36.441 I/RILC    (  749): [RILD:1] response ready = [OK]
10-31 14:45:36.441 I/RILC    (  749): AT[1]> AT+COPS?
10-31 14:45:36.460 I/RILC    (  749): monitor receive begin
10-31 14:45:36.460 I/RILC    (  749): monitor receive pCh[1]< 1 bytes 
10-31 14:45:36.460 I/RILC    (  749): monitor receive end
10-31 14:45:36.460 I/RILC    (  749): AT[1]< 
10-31 14:45:36.460 I/RILC    (  749): monitor receive begin
10-31 14:45:36.460 I/RILC    (  749): monitor receive pCh[1]< 1 bytes 
10-31 14:45:36.460 I/RILC    (  749): monitor receive end
10-31 14:45:36.460 I/RILC    (  749): AT[1]< 
10-31 14:45:36.460 I/RILC    (  749): monitor receive begin
10-31 14:45:36.460 I/RILC    (  749): monitor receive pCh[1]< 29 bytes +COPS: 0,0,"CHINA  MOBILE",0
10-31 14:45:36.460 I/RILC    (  749): monitor receive end
10-31 14:45:36.460 I/RILC    (  749): AT[1]< +COPS: 0,0,"CHINA  MOBILE",0
10-31 14:45:36.460 I/RILC    (  749): monitor receive begin
10-31 14:45:36.460 I/RILC    (  749): monitor receive pCh[1]< 1 bytes 
10-31 14:45:36.460 I/RILC    (  749): monitor receive end
10-31 14:45:36.460 I/RILC    (  749): AT[1]< 
10-31 14:45:36.465 D/RILJ    (  907): [0506]> REGISTRATION_STATE
10-31 14:45:36.472 V/RILJ    (  907): >>>>RIL Send: 
10-31 14:45:36.472 D/RILJ    (  907): [0507]> QUERY_NETWORK_SELECTION_MODE
10-31 14:45:36.472 D/RILJ    (  907): [0508]> OPERATOR
10-31 14:45:36.480 D/RILJ    (  907): [0509]> GPRS_REGISTRATION_STATE
10-31 14:45:36.480 D/RILJ    (  907): [0510]> REGISTRATION_STATE
10-31 14:45:36.489 V/RILJ    (  907): >>>>RIL Send: 
10-31 14:45:36.489 V/RILJ    (  907): >>>>RIL Send: 
10-31 14:45:36.489 V/RILJ    (  907): >>>>RIL Send: 
10-31 14:45:36.489 V/RILJ    (  907): >>>>RIL Send: 
10-31 14:45:36.489 I/RILC    (  749): monitor receive begin
10-31 14:45:36.489 I/RILC    (  749): monitor receive pCh[1]< 1 bytes 
10-31 14:45:36.489 I/RILC    (  749): monitor receive end
10-31 14:45:36.489 I/RILC    (  749): AT[1]< 
10-31 14:45:36.489 I/RILC    (  749): monitor receive begin
10-31 14:45:36.489 I/RILC    (  749): monitor receive pCh[1]< 1 bytes 
10-31 14:45:36.489 I/RILC    (  749): monitor receive end
10-31 14:45:36.489 I/RILC    (  749): AT[1]< 
10-31 14:45:36.489 I/RILC    (  749): monitor receive begin
10-31 14:45:36.489 I/RILC    (  749): monitor receive pCh[1]< 3 bytes OK
10-31 14:45:36.489 I/RILC    (  749): monitor receive end
10-31 14:45:36.489 I/RILC    (  749): AT[1]< OK
10-31 14:45:36.497 I/RILC    (  749): [RILD:1] response ready = [OK]
10-31 14:45:36.497 I/RILC    (  749): BORQS DEBUG: response[0] = CHINA  MOBILE
10-31 14:45:36.497 I/RILC    (  749): AT[1]> AT+COPS=3,1
10-31 14:45:36.497 I/RILC    (  749): monitor receive begin
10-31 14:45:36.497 I/RILC    (  749): monitor receive pCh[1]< 1 bytes 
10-31 14:45:36.497 I/RILC    (  749): monitor receive end
10-31 14:45:36.497 I/RILC    (  749): AT[1]< 
10-31 14:45:36.520 I/RILC    (  749): monitor receive begin
10-31 14:45:36.520 I/RILC    (  749): monitor receive pCh[1]< 1 bytes 
10-31 14:45:36.520 I/RILC    (  749): monitor receive end
10-31 14:45:36.520 I/RILC    (  749): AT[1]< 
10-31 14:45:36.520 I/RILC    (  749): monitor receive begin
10-31 14:45:36.520 I/RILC    (  749): monitor receive pCh[1]< 1 bytes 
10-31 14:45:36.520 I/RILC    (  749): monitor receive end
10-31 14:45:36.520 I/RILC    (  749): AT[1]< 
10-31 14:45:36.520 I/RILC    (  749): monitor receive begin
10-31 14:45:36.520 I/RILC    (  749): monitor receive pCh[1]< 3 bytes OK
10-31 14:45:36.520 I/RILC    (  749): monitor receive end
10-31 14:45:36.520 I/RILC    (  749): AT[1]< OK
10-31 14:45:36.520 I/RILC    (  749): [RILD:1] response ready = [OK]
10-31 14:45:36.520 I/RILC    (  749): AT[1]> AT+COPS?
10-31 14:45:36.520 I/RILC    (  749): monitor receive begin
10-31 14:45:36.520 I/RILC    (  749): monitor receive pCh[1]< 1 bytes 
10-31 14:45:36.520 I/RILC    (  749): monitor receive end
10-31 14:45:36.520 I/RILC    (  749): AT[1]< 
10-31 14:45:36.528 D/RILJ    (  907): [0511]> QUERY_NETWORK_SELECTION_MODE
10-31 14:45:36.528 V/RILJ    (  907): >>>>RIL Send: 
10-31 14:45:36.536 V/RILJ    (  907): >>>>RIL Send: 
10-31 14:45:36.551 I/RILC    (  749): monitor receive begin
10-31 14:45:36.551 I/RILC    (  749): monitor receive pCh[1]< 1 bytes 
10-31 14:45:36.551 I/RILC    (  749): monitor receive end
10-31 14:45:36.551 I/RILC    (  749): AT[1]< 
10-31 14:45:36.551 I/RILC    (  749): monitor receive begin
10-31 14:45:36.551 I/RILC    (  749): monitor receive pCh[1]< 1 bytes 
10-31 14:45:36.551 I/RILC    (  749): monitor receive end
10-31 14:45:36.551 I/RILC    (  749): AT[1]< 
10-31 14:45:36.566 I/RILC    (  749): monitor receive begin
10-31 14:45:36.566 I/RILC    (  749): monitor receive pCh[1]< 20 bytes +COPS: 0,1,"CMCC",0
10-31 14:45:36.566 I/RILC    (  749): monitor receive end
10-31 14:45:36.566 I/RILC    (  749): AT[1]< +COPS: 0,1,"CMCC",0
10-31 14:45:36.574 I/RILC    (  749): monitor receive begin
10-31 14:45:36.574 I/RILC    (  749): monitor receive pCh[1]< 1 bytes 
10-31 14:45:36.574 I/RILC    (  749): monitor receive end
10-31 14:45:36.574 I/RILC    (  749): AT[1]< 
10-31 14:45:36.574 I/RILC    (  749): monitor receive begin
10-31 14:45:36.574 I/RILC    (  749): monitor receive pCh[1]< 1 bytes 
10-31 14:45:36.574 I/RILC    (  749): monitor receive end
10-31 14:45:36.574 I/RILC    (  749): AT[1]< 
10-31 14:45:36.574 I/RILC    (  749): monitor receive begin
10-31 14:45:36.574 I/RILC    (  749): monitor receive pCh[1]< 1 bytes 
10-31 14:45:36.574 I/RILC    (  749): monitor receive end
10-31 14:45:36.574 I/RILC    (  749): AT[1]< 
10-31 14:45:36.574 I/RILC    (  749): monitor receive begin
10-31 14:45:36.574 I/RILC    (  749): monitor receive pCh[1]< 3 bytes OK
10-31 14:45:36.574 I/RILC    (  749): monitor receive end
10-31 14:45:36.574 I/RILC    (  749): AT[1]< OK
10-31 14:45:36.574 I/RILC    (  749): [RILD:1] response ready = [OK]
10-31 14:45:36.574 I/RILC    (  749): BORQS DEBUG: response[1] = CMCC
10-31 14:45:36.574 I/RILC    (  749): AT[1]> AT+COPS=3,2
10-31 14:45:36.574 I/RILC    (  749): monitor receive begin
10-31 14:45:36.574 I/RILC    (  749): monitor receive pCh[1]< 1 bytes 
10-31 14:45:36.574 I/RILC    (  749): monitor receive end
10-31 14:45:36.574 I/RILC    (  749): AT[1]< 
10-31 14:45:37.417 D/GSM     (  907): [DataConnectionTracker] cid[0] rx:1008 preRx:1008, tx:770 preTx:769
10-31 14:45:37.417 D/GSM     (  907): [DataConnectionTracker] cid[0] sent:1 received: 0 sentSinceLastRecv:4
10-31 14:45:37.800 D/GSM     (  907): [DataConnectionTracker] cid[1] rx:0 preRx:0, tx:0 preTx:0
10-31 14:45:37.825 D/GSM     (  907): [DataConnectionTracker] cid[2] rx:0 preRx:0, tx:0 preTx:0
10-31 14:45:37.871 D/GSM     (  907): [DataConnectionTracker] netStatPollPeriod: 1000
10-31 14:45:37.871 D/GSM     (  907): [DataConnectionTracker]                                      
10-31 14:45:38.887 D/GSM     (  907): [DataConnectionTracker] cid[0] rx:1008 preRx:1008, tx:770 preTx:770
10-31 14:45:38.887 D/GSM     (  907): [DataConnectionTracker] cid[0] sent:0 received: 0 sentSinceLastRecv:4
10-31 14:45:38.933 D/GSM     (  907): [DataConnectionTracker] cid[1] rx:0 preRx:0, tx:0 preTx:0
10-31 14:45:38.988 D/GSM     (  907): [DataConnectionTracker] cid[2] rx:0 preRx:0, tx:0 preTx:0
10-31 14:45:39.036 D/GSM     (  907): [DataConnectionTracker] netStatPollPeriod: 1000
10-31 14:45:39.036 D/GSM     (  907): [DataConnectionTracker]                                      
10-31 14:45:39.161 I/RILC    (  749): monitor receive begin
10-31 14:45:39.161 I/RILC    (  749): monitor receive pCh[1]< 1 bytes 
10-31 14:45:39.161 I/RILC    (  749): monitor receive end
10-31 14:45:39.161 I/RILC    (  749): AT[1]< 
10-31 14:45:39.161 I/RILC    (  749): monitor receive begin
10-31 14:45:39.161 I/RILC    (  749): monitor receive pCh[1]< 1 bytes 
10-31 14:45:39.161 I/RILC    (  749): monitor receive end
10-31 14:45:39.161 I/RILC    (  749): AT[1]< 
10-31 14:45:39.161 I/RILC    (  749): monitor receive begin
10-31 14:45:39.161 I/RILC    (  749): monitor receive pCh[1]< 3 bytes OK
10-31 14:45:39.161 I/RILC    (  749): monitor receive end
10-31 14:45:39.161 I/RILC    (  749): AT[1]< OK
10-31 14:45:39.161 I/RILC    (  749): monitor receive begin
10-31 14:45:39.161 I/RILC    (  749): monitor receive pCh[1]< 1 bytes 
10-31 14:45:39.161 I/RILC    (  749): monitor receive end
10-31 14:45:39.161 I/RILC    (  749): AT[1]< 
10-31 14:45:39.161 I/RILC    (  749): [RILD:1] response ready = [OK]
10-31 14:45:39.161 I/RILC    (  749): AT[1]> AT+COPS?
10-31 14:45:39.175 I/RILC    (  749): monitor receive begin
10-31 14:45:39.175 I/RILC    (  749): monitor receive pCh[1]< 1 bytes 
10-31 14:45:39.175 I/RILC    (  749): monitor receive end
10-31 14:45:39.175 I/RILC    (  749): AT[1]< 
10-31 14:45:39.175 I/RILC    (  749): monitor receive begin
10-31 14:45:39.175 I/RILC    (  749): monitor receive pCh[1]< 1 bytes 
10-31 14:45:39.175 I/RILC    (  749): monitor receive end
10-31 14:45:39.175 I/RILC    (  749): AT[1]< 
10-31 14:45:39.175 I/RILC    (  749): monitor receive begin
10-31 14:45:39.175 I/RILC    (  749): monitor receive pCh[1]< 21 bytes +COPS: 0,2,"46000",0
10-31 14:45:39.175 I/RILC    (  749): monitor receive end
10-31 14:45:39.175 I/RILC    (  749): AT[1]< +COPS: 0,2,"46000",0
10-31 14:45:39.175 I/RILC    (  749): monitor receive begin
10-31 14:45:39.175 I/RILC    (  749): monitor receive pCh[1]< 1 bytes 
10-31 14:45:39.175 I/RILC    (  749): monitor receive end
10-31 14:45:39.175 I/RILC    (  749): AT[1]< 
10-31 14:45:39.175 I/RILC    (  749): monitor receive begin
10-31 14:45:39.175 I/RILC    (  749): monitor receive pCh[1]< 1 bytes 
10-31 14:45:39.175 I/RILC    (  749): monitor receive end
10-31 14:45:39.175 I/RILC    (  749): AT[1]< 
10-31 14:45:39.175 I/RILC    (  749): monitor receive begin
10-31 14:45:39.175 I/RILC    (  749): monitor receive pCh[1]< 1 bytes 
10-31 14:45:39.175 I/RILC    (  749): monitor receive end
10-31 14:45:39.175 I/RILC    (  749): AT[1]< 
10-31 14:45:39.175 I/RILC    (  749): monitor receive begin
10-31 14:45:39.175 I/RILC    (  749): monitor receive pCh[1]< 3 bytes OK
10-31 14:45:39.175 I/RILC    (  749): monitor receive end
10-31 14:45:39.175 I/RILC    (  749): AT[1]< OK
10-31 14:45:39.175 I/RILC    (  749): monitor receive begin
10-31 14:45:39.175 I/RILC    (  749): monitor receive pCh[1]< 1 bytes 
10-31 14:45:39.175 I/RILC    (  749): monitor receive end
10-31 14:45:39.175 I/RILC    (  749): AT[1]< 
10-31 14:45:39.175 I/RILC    (  749): [RILD:1] response ready = [OK]
10-31 14:45:39.175 I/RILC    (  749): BORQS DEBUG: response[2] = 46000
10-31 14:45:39.175 I/RILC    (  749): BORQS DEBUG: response[3] = 0
10-31 14:45:39.183 V/RILJ    (  907): <<<<<RIL Recv: 
10-31 14:45:39.183 D/RILJ    (  907): [0504]< OPERATOR {CHINA  MOBILE, CMCC, 46000, 0}
10-31 14:45:39.183 I/RILC    (  749): onRequest: GPRS_REGISTRATION_STATE ,token=505
10-31 14:45:39.183 I/RILC    (  749): AT[1]> AT+CGREG?
10-31 14:45:39.191 I/RILC    (  749): monitor receive begin
10-31 14:45:39.191 I/RILC    (  749): monitor receive pCh[1]< 1 bytes 
10-31 14:45:39.191 I/RILC    (  749): monitor receive end
10-31 14:45:39.191 I/RILC    (  749): AT[1]< 
10-31 14:45:39.191 I/RILC    (  749): monitor receive begin
10-31 14:45:39.191 I/RILC    (  749): monitor receive pCh[1]< 1 bytes 
10-31 14:45:39.191 I/RILC    (  749): monitor receive end
10-31 14:45:39.191 I/RILC    (  749): AT[1]< 
10-31 14:45:39.191 I/RILC    (  749): monitor receive begin
10-31 14:45:39.191 I/RILC    (  749): monitor receive pCh[1]< 28 bytes +CGREG: 2,1,"10A6","25F2",3
10-31 14:45:39.191 I/RILC    (  749): monitor receive end
10-31 14:45:39.191 I/RILC    (  749): AT[1]< +CGREG: 2,1,"10A6","25F2",3
10-31 14:45:39.191 I/RILC    (  749): monitor receive begin
10-31 14:45:39.191 I/RILC    (  749): monitor receive pCh[1]< 1 bytes 
10-31 14:45:39.191 I/RILC    (  749): monitor receive end
10-31 14:45:39.191 I/RILC    (  749): AT[1]< 
10-31 14:45:39.191 I/RILC    (  749): monitor receive begin
10-31 14:45:39.191 I/RILC    (  749): monitor receive pCh[1]< 1 bytes 
10-31 14:45:39.191 I/RILC    (  749): monitor receive end
10-31 14:45:39.191 I/RILC    (  749): AT[1]< 
10-31 14:45:39.191 I/RILC    (  749): monitor receive begin
10-31 14:45:39.191 I/RILC    (  749): monitor receive pCh[1]< 1 bytes 
10-31 14:45:39.191 I/RILC    (  749): monitor receive end
10-31 14:45:39.191 I/RILC    (  749): AT[1]< 
10-31 14:45:39.191 I/RILC    (  749): monitor receive begin
10-31 14:45:39.191 I/RILC    (  749): monitor receive pCh[1]< 3 bytes OK
10-31 14:45:39.191 I/RILC    (  749): monitor receive end
10-31 14:45:39.191 I/RILC    (  749): AT[1]< OK
10-31 14:45:39.191 I/RILC    (  749): monitor receive begin
10-31 14:45:39.191 I/RILC    (  749): monitor receive pCh[1]< 1 bytes 
10-31 14:45:39.191 I/RILC    (  749): monitor receive end
10-31 14:45:39.191 I/RILC    (  749): AT[1]< 
10-31 14:45:39.191 I/RILC    (  749): [RILD:1] response ready = [OK]
10-31 14:45:39.191 V/RILJ    (  907): <<<<<RIL Recv: 
10-31 14:45:39.191 D/RILJ    (  907): [0505]< GPRS_REGISTRATION_STATE {1, 4262, 9714, 2}
10-31 14:45:39.199 I/RILC    (  749): onRequest: REGISTRATION_STATE ,token=506
10-31 14:45:39.199 I/RILC    (  749): AT[1]> AT+CREG?
10-31 14:45:39.199 I/RILC    (  749): monitor receive begin
10-31 14:45:39.199 I/RILC    (  749): monitor receive pCh[1]< 1 bytes 
10-31 14:45:39.199 I/RILC    (  749): monitor receive end
10-31 14:45:39.199 I/RILC    (  749): AT[1]< 
10-31 14:45:39.199 I/RILC    (  749): monitor receive begin
10-31 14:45:39.199 I/RILC    (  749): monitor receive pCh[1]< 1 bytes 
10-31 14:45:39.199 I/RILC    (  749): monitor receive end
10-31 14:45:39.199 I/RILC    (  749): AT[1]< 
10-31 14:45:39.199 I/RILC    (  749): monitor receive begin
10-31 14:45:39.199 I/RILC    (  749): monitor receive pCh[1]< 27 bytes +CREG: 2,1,"10A6","25F2",3
10-31 14:45:39.199 I/RILC    (  749): monitor receive end
10-31 14:45:39.199 I/RILC    (  749): AT[1]< +CREG: 2,1,"10A6","25F2",3
10-31 14:45:39.207 I/RILC    (  749): monitor receive begin
10-31 14:45:39.207 I/RILC    (  749): monitor receive pCh[1]< 1 bytes 
10-31 14:45:39.207 I/RILC    (  749): monitor receive end
10-31 14:45:39.207 I/RILC    (  749): AT[1]< 
10-31 14:45:39.207 I/RILC    (  749): monitor receive begin
10-31 14:45:39.207 I/RILC    (  749): monitor receive pCh[1]< 1 bytes 
10-31 14:45:39.207 I/RILC    (  749): monitor receive end
10-31 14:45:39.207 I/RILC    (  749): AT[1]< 
10-31 14:45:39.207 I/RILC    (  749): monitor receive begin
10-31 14:45:39.207 I/RILC    (  749): monitor receive pCh[1]< 1 bytes 
10-31 14:45:39.207 I/RILC    (  749): monitor receive end
10-31 14:45:39.207 I/RILC    (  749): AT[1]< 
10-31 14:45:39.207 I/RILC    (  749): monitor receive begin
10-31 14:45:39.207 I/RILC    (  749): monitor receive pCh[1]< 3 bytes OK
10-31 14:45:39.207 I/RILC    (  749): monitor receive end
10-31 14:45:39.207 I/RILC    (  749): AT[1]< OK
10-31 14:45:39.207 I/RILC    (  749): monitor receive begin
10-31 14:45:39.207 I/RILC    (  749): monitor receive pCh[1]< 1 bytes 
10-31 14:45:39.207 I/RILC    (  749): monitor receive end
10-31 14:45:39.207 I/RILC    (  749): AT[1]< 
10-31 14:45:39.207 I/RILC    (  749): [RILD:1] response ready = [OK]
10-31 14:45:39.207 I/RILC    (  749): onRequest: QUERY_NETWORK_SELECTION_MODE ,token=507
10-31 14:45:39.207 I/RILC    (  749): AT[1]> AT+COPS?
10-31 14:45:39.207 V/RILJ    (  907): <<<<<RIL Recv: 
10-31 14:45:39.207 D/RILJ    (  907): [0506]< REGISTRATION_STATE {1, 4262, 9714, 2}
10-31 14:45:39.215 I/RILC    (  749): monitor receive begin
10-31 14:45:39.215 I/RILC    (  749): monitor receive pCh[1]< 1 bytes 
10-31 14:45:39.215 I/RILC    (  749): monitor receive end
10-31 14:45:39.215 I/RILC    (  749): AT[1]< 
10-31 14:45:39.215 I/RILC    (  749): monitor receive begin
10-31 14:45:39.215 I/RILC    (  749): monitor receive pCh[1]< 1 bytes 
10-31 14:45:39.215 I/RILC    (  749): monitor receive end
10-31 14:45:39.215 I/RILC    (  749): AT[1]< 
10-31 14:45:39.215 I/RILC    (  749): monitor receive begin
10-31 14:45:39.215 I/RILC    (  749): monitor receive pCh[1]< 21 bytes +COPS: 0,2,"46000",0
10-31 14:45:39.215 I/RILC    (  749): monitor receive end
10-31 14:45:39.215 I/RILC    (  749): AT[1]< +COPS: 0,2,"46000",0
10-31 14:45:39.215 I/RILC    (  749): monitor receive begin
10-31 14:45:39.215 I/RILC    (  749): monitor receive pCh[1]< 1 bytes 
10-31 14:45:39.215 I/RILC    (  749): monitor receive end
10-31 14:45:39.215 I/RILC    (  749): AT[1]< 
10-31 14:45:39.215 I/RILC    (  749): monitor receive begin
10-31 14:45:39.215 I/RILC    (  749): monitor receive pCh[1]< 1 bytes 
10-31 14:45:39.215 I/RILC    (  749): monitor receive end
10-31 14:45:39.215 I/RILC    (  749): AT[1]< 
10-31 14:45:39.215 I/RILC    (  749): monitor receive begin
10-31 14:45:39.215 I/RILC    (  749): monitor receive pCh[1]< 1 bytes 
10-31 14:45:39.215 I/RILC    (  749): monitor receive end
10-31 14:45:39.215 I/RILC    (  749): AT[1]< 
10-31 14:45:39.215 I/RILC    (  749): monitor receive begin
10-31 14:45:39.215 I/RILC    (  749): monitor receive pCh[1]< 3 bytes OK
10-31 14:45:39.215 I/RILC    (  749): monitor receive end
10-31 14:45:39.215 I/RILC    (  749): AT[1]< OK
10-31 14:45:39.215 I/RILC    (  749): monitor receive begin
10-31 14:45:39.215 I/RILC    (  749): monitor receive pCh[1]< 1 bytes 
10-31 14:45:39.215 I/RILC    (  749): monitor receive end
10-31 14:45:39.215 I/RILC    (  749): AT[1]< 
10-31 14:45:39.215 I/RILC    (  749): [RILD:1] response ready = [OK]
10-31 14:45:39.215 I/RILC    (  749): onRequest: OPERATOR ,token=508
10-31 14:45:39.215 I/RILC    (  749): AT[1]> AT+COPS=3,0
10-31 14:45:39.215 V/RILJ    (  907): <<<<<RIL Recv: 
10-31 14:45:39.215 D/RILJ    (  907): [0507]< QUERY_NETWORK_SELECTION_MODE {0}
10-31 14:45:39.222 I/RILC    (  749): monitor receive begin
10-31 14:45:39.222 I/RILC    (  749): monitor receive pCh[1]< 1 bytes 
10-31 14:45:39.222 I/RILC    (  749): monitor receive end
10-31 14:45:39.222 I/RILC    (  749): AT[1]< 
10-31 14:45:39.222 I/RILC    (  749): monitor receive begin
10-31 14:45:39.222 I/RILC    (  749): monitor receive pCh[1]< 1 bytes 
10-31 14:45:39.222 I/RILC    (  749): monitor receive end
10-31 14:45:39.222 I/RILC    (  749): AT[1]< 
10-31 14:45:39.222 I/RILC    (  749): monitor receive begin
10-31 14:45:39.222 I/RILC    (  749): monitor receive pCh[1]< 3 bytes OK
10-31 14:45:39.222 I/RILC    (  749): monitor receive end
10-31 14:45:39.222 I/RILC    (  749): AT[1]< OK
10-31 14:45:39.222 I/RILC    (  749): monitor receive begin
10-31 14:45:39.222 I/RILC    (  749): monitor receive pCh[1]< 1 bytes 
10-31 14:45:39.222 I/RILC    (  749): monitor receive end
10-31 14:45:39.222 I/RILC    (  749): AT[1]< 
10-31 14:45:39.222 I/RILC    (  749): [RILD:1] response ready = [OK]
10-31 14:45:39.222 I/RILC    (  749): AT[1]> AT+COPS?
10-31 14:45:39.230 I/RILC    (  749): monitor receive begin
10-31 14:45:39.230 I/RILC    (  749): monitor receive pCh[1]< 1 bytes 
10-31 14:45:39.230 I/RILC    (  749): monitor receive end
10-31 14:45:39.230 I/RILC    (  749): AT[1]< 
10-31 14:45:39.230 I/RILC    (  749): monitor receive begin
10-31 14:45:39.230 I/RILC    (  749): monitor receive pCh[1]< 1 bytes 
10-31 14:45:39.230 I/RILC    (  749): monitor receive end
10-31 14:45:39.230 I/RILC    (  749): AT[1]< 
10-31 14:45:39.230 I/RILC    (  749): monitor receive begin
10-31 14:45:39.230 I/RILC    (  749): monitor receive pCh[1]< 29 bytes +COPS: 0,0,"CHINA  MOBILE",0
10-31 14:45:39.230 I/RILC    (  749): monitor receive end
10-31 14:45:39.230 I/RILC    (  749): AT[1]< +COPS: 0,0,"CHINA  MOBILE",0
10-31 14:45:39.230 I/RILC    (  749): monitor receive begin
10-31 14:45:39.230 I/RILC    (  749): monitor receive pCh[1]< 1 bytes 
10-31 14:45:39.230 I/RILC    (  749): monitor receive end
10-31 14:45:39.230 I/RILC    (  749): AT[1]< 
10-31 14:45:39.230 I/RILC    (  749): monitor receive begin
10-31 14:45:39.230 I/RILC    (  749): monitor receive pCh[1]< 1 bytes 
10-31 14:45:39.230 I/RILC    (  749): monitor receive end
10-31 14:45:39.230 I/RILC    (  749): AT[1]< 
10-31 14:45:39.230 I/RILC    (  749): monitor receive begin
10-31 14:45:39.230 I/RILC    (  749): monitor receive pCh[1]< 1 bytes 
10-31 14:45:39.230 I/RILC    (  749): monitor receive end
10-31 14:45:39.230 I/RILC    (  749): AT[1]< 
10-31 14:45:39.230 I/RILC    (  749): monitor receive begin
10-31 14:45:39.230 I/RILC    (  749): monitor receive pCh[1]< 3 bytes OK
10-31 14:45:39.230 I/RILC    (  749): monitor receive end
10-31 14:45:39.230 I/RILC    (  749): AT[1]< OK
10-31 14:45:39.230 I/RILC    (  749): [RILD:1] response ready = [OK]
10-31 14:45:39.230 I/RILC    (  749): BORQS DEBUG: response[0] = CHINA  MOBILE
10-31 14:45:39.230 I/RILC    (  749): AT[1]> AT+COPS=3,1
10-31 14:45:39.230 I/RILC    (  749): monitor receive begin
10-31 14:45:39.230 I/RILC    (  749): monitor receive pCh[1]< 1 bytes 
10-31 14:45:39.230 I/RILC    (  749): monitor receive end
10-31 14:45:39.230 I/RILC    (  749): AT[1]< 
10-31 14:45:39.238 I/RILC    (  749): monitor receive begin
10-31 14:45:39.238 I/RILC    (  749): monitor receive pCh[1]< 1 bytes 
10-31 14:45:39.238 I/RILC    (  749): monitor receive end
10-31 14:45:39.238 I/RILC    (  749): AT[1]< 
10-31 14:45:39.238 I/RILC    (  749): monitor receive begin
10-31 14:45:39.238 I/RILC    (  749): monitor receive pCh[1]< 1 bytes 
10-31 14:45:39.238 I/RILC    (  749): monitor receive end
10-31 14:45:39.238 I/RILC    (  749): AT[1]< 
