10-31 14:55:47.628 D/GSM     (  907): [DataConnectionTracker] netStatPollPeriod: 1000
10-31 14:55:47.628 D/GSM     (  907): [DataConnectionTracker]                                      
10-31 14:55:48.535 D/RILJ    (  907): [0521]> SCREEN_STATE: false
10-31 14:55:48.535 V/RILJ    (  907): >>>>RIL Send: 
10-31 14:55:48.535 I/RILC    (  749): onRequest: SCREEN_STATE ,token=521
10-31 14:55:48.535 I/RILC    (  749): OnRequest: RIL_REQUEST_SCREEN_STATE
10-31 14:55:48.535 I/RILC    (  749): AT[1]> AT+CREG=0
10-31 14:55:48.542 I/RILC    (  749): monitor receive begin
10-31 14:55:48.542 I/RILC    (  749): monitor receive pCh[1]< 1 bytes 
10-31 14:55:48.542 I/RILC    (  749): monitor receive end
10-31 14:55:48.542 I/RILC    (  749): AT[1]< 
10-31 14:55:48.542 I/RILC    (  749): monitor receive begin
10-31 14:55:48.542 I/RILC    (  749): monitor receive pCh[1]< 1 bytes 
10-31 14:55:48.542 I/RILC    (  749): monitor receive end
10-31 14:55:48.542 I/RILC    (  749): AT[1]< 
10-31 14:55:48.542 I/RILC    (  749): monitor receive begin
10-31 14:55:48.542 I/RILC    (  749): monitor receive pCh[1]< 3 bytes OK
10-31 14:55:48.542 I/RILC    (  749): monitor receive end
10-31 14:55:48.542 I/RILC    (  749): AT[1]< OK
10-31 14:55:48.542 I/RILC    (  749): monitor receive begin
10-31 14:55:48.542 I/RILC    (  749): monitor receive pCh[1]< 1 bytes 
10-31 14:55:48.542 I/RILC    (  749): monitor receive end
10-31 14:55:48.542 I/RILC    (  749): AT[1]< 
10-31 14:55:48.542 I/RILC    (  749): [RILD:1] response ready = [OK]
10-31 14:55:48.542 I/RILC    (  749): AT[1]> AT+CGREG=0
10-31 14:55:48.551 I/RILC    (  749): monitor receive begin
10-31 14:55:48.551 I/RILC    (  749): monitor receive pCh[1]< 1 bytes 
10-31 14:55:48.551 I/RILC    (  749): monitor receive end
10-31 14:55:48.551 I/RILC    (  749): AT[1]< 
10-31 14:55:48.551 I/RILC    (  749): monitor receive begin
10-31 14:55:48.551 I/RILC    (  749): monitor receive pCh[1]< 1 bytes 
10-31 14:55:48.551 I/RILC    (  749): monitor receive end
10-31 14:55:48.551 I/RILC    (  749): AT[1]< 
10-31 14:55:48.551 I/RILC    (  749): monitor receive begin
10-31 14:55:48.551 I/RILC    (  749): monitor receive pCh[1]< 3 bytes OK
10-31 14:55:48.551 I/RILC    (  749): monitor receive end
10-31 14:55:48.551 I/RILC    (  749): AT[1]< OK
10-31 14:55:48.551 I/RILC    (  749): monitor receive begin
10-31 14:55:48.551 I/RILC    (  749): monitor receive pCh[1]< 1 bytes 
10-31 14:55:48.551 I/RILC    (  749): monitor receive end
10-31 14:55:48.551 I/RILC    (  749): AT[1]< 
10-31 14:55:48.551 I/RILC    (  749): [RILD:1] response ready = [OK]
10-31 14:55:48.551 I/RILC    (  749): AT[1]> AT+ESQOPT=2
10-31 14:55:48.559 D/GSM     (  907): [DataConnectionTracker] Received Intent: android.intent.action.SCREEN_OFF
10-31 14:55:48.559 D/GSM     (  907): [DataConnectionTracker] Stop poll NetStat
10-31 14:55:48.559 D/GSM     (  907): [DataConnectionTracker] Start poll NetStat
10-31 14:55:48.559 I/RILC    (  749): monitor receive begin
10-31 14:55:48.559 I/RILC    (  749): monitor receive pCh[1]< 1 bytes 
10-31 14:55:48.559 I/RILC    (  749): monitor receive end
10-31 14:55:48.559 I/RILC    (  749): AT[1]< 
10-31 14:55:48.559 I/RILC    (  749): monitor receive begin
10-31 14:55:48.559 I/RILC    (  749): monitor receive pCh[1]< 1 bytes 
10-31 14:55:48.559 I/RILC    (  749): monitor receive end
10-31 14:55:48.559 I/RILC    (  749): AT[1]< 
10-31 14:55:48.574 D/GSM     (  907): [DataConnectionTracker] cid[0] rx:4525 preRx:-1, tx:3003 preTx:-1
10-31 14:55:48.582 I/RILC    (  749): monitor receive begin
10-31 14:55:48.582 I/RILC    (  749): monitor receive pCh[1]< 3 bytes OK
10-31 14:55:48.582 I/RILC    (  749): monitor receive end
10-31 14:55:48.582 I/RILC    (  749): AT[1]< OK
10-31 14:55:48.582 I/RILC    (  749): monitor receive begin
10-31 14:55:48.582 I/RILC    (  749): monitor receive pCh[1]< 1 bytes 
10-31 14:55:48.582 I/RILC    (  749): monitor receive end
10-31 14:55:48.582 I/RILC    (  749): AT[1]< 
10-31 14:55:48.582 I/RILC    (  749): [RILD:1] response ready = [OK]
10-31 14:55:48.582 I/RILC    (  749): AT[1]> AT+EEMOPT=0
10-31 14:55:48.582 I/RILC    (  749): monitor receive begin
10-31 14:55:48.582 I/RILC    (  749): monitor receive pCh[1]< 3 bytes OK
10-31 14:55:48.582 I/RILC    (  749): monitor receive end
10-31 14:55:48.582 I/RILC    (  749): AT[1]< OK
10-31 14:55:48.582 I/RILC    (  749): monitor receive begin
10-31 14:55:48.582 I/RILC    (  749): monitor receive pCh[1]< 1 bytes 
10-31 14:55:48.582 I/RILC    (  749): monitor receive end
10-31 14:55:48.582 I/RILC    (  749): AT[1]< 
10-31 14:55:48.590 I/RILC    (  749): [RILD:1] response ready = [OK]
10-31 14:55:48.590 V/RILJ    (  907): <<<<<RIL Recv: 
10-31 14:55:48.590 D/RILJ    (  907): [0521]< SCREEN_STATE 
10-31 14:55:48.636 D/GSM     (  907): [DataConnectionTracker] cid[1] rx:0 preRx:-1, tx:0 preTx:-1
10-31 14:55:48.809 D/GSM     (  907): [DataConnectionTracker] cid[2] rx:0 preRx:-1, tx:0 preTx:-1
10-31 14:55:49.012 D/GSM     (  907): [DataConnectionTracker] netStatPollPeriod: 600000
10-31 14:55:49.020 D/GSM     (  907): [DataConnectionTracker]                                      
10-31 14:56:46.191 D/RILJ    (  907): [0522]> SCREEN_STATE: true
10-31 14:56:46.191 V/RILJ    (  907): >>>>RIL Send: 
10-31 14:56:46.200 I/RILC    (  749): onRequest: SCREEN_STATE ,token=522
10-31 14:56:46.200 I/RILC    (  749): OnRequest: RIL_REQUEST_SCREEN_STATE
10-31 14:56:46.207 I/RILC    (  749): AT[1]> AT+CREG=2
10-31 14:56:46.207 I/RILC    (  749): monitor receive begin
10-31 14:56:46.207 I/RILC    (  749): monitor receive pCh[1]< 1 bytes 
10-31 14:56:46.207 I/RILC    (  749): monitor receive end
10-31 14:56:46.207 I/RILC    (  749): AT[1]< 
10-31 14:56:46.207 I/RILC    (  749): monitor receive begin
10-31 14:56:46.207 I/RILC    (  749): monitor receive pCh[1]< 1 bytes 
10-31 14:56:46.207 I/RILC    (  749): monitor receive end
10-31 14:56:46.207 I/RILC    (  749): AT[1]< 
10-31 14:56:46.207 I/RILC    (  749): monitor receive begin
10-31 14:56:46.207 I/RILC    (  749): monitor receive pCh[1]< 3 bytes OK
10-31 14:56:46.207 I/RILC    (  749): monitor receive end
10-31 14:56:46.207 I/RILC    (  749): AT[1]< OK
10-31 14:56:46.214 I/RILC    (  749): monitor receive begin
10-31 14:56:46.214 I/RILC    (  749): monitor receive pCh[1]< 1 bytes 
10-31 14:56:46.214 I/RILC    (  749): monitor receive end
10-31 14:56:46.214 I/RILC    (  749): AT[1]< 
10-31 14:56:46.214 I/RILC    (  749): [RILD:1] response ready = [OK]
10-31 14:56:46.214 I/RILC    (  749): AT[1]> AT+CGREG=2
10-31 14:56:46.222 I/RILC    (  749): monitor receive begin
10-31 14:56:46.222 I/RILC    (  749): monitor receive pCh[1]< 1 bytes 
10-31 14:56:46.222 I/RILC    (  749): monitor receive end
10-31 14:56:46.222 I/RILC    (  749): AT[1]< 
10-31 14:56:46.222 I/RILC    (  749): monitor receive begin
10-31 14:56:46.222 I/RILC    (  749): monitor receive pCh[1]< 1 bytes 
10-31 14:56:46.222 I/RILC    (  749): monitor receive end
10-31 14:56:46.222 I/RILC    (  749): AT[1]< 
10-31 14:56:46.222 I/RILC    (  749): monitor receive begin
10-31 14:56:46.222 I/RILC    (  749): monitor receive pCh[1]< 3 bytes OK
10-31 14:56:46.222 I/RILC    (  749): monitor receive end
10-31 14:56:46.222 I/RILC    (  749): AT[1]< OK
10-31 14:56:46.222 I/RILC    (  749): monitor receive begin
10-31 14:56:46.222 I/RILC    (  749): monitor receive pCh[1]< 1 bytes 
10-31 14:56:46.222 I/RILC    (  749): monitor receive end
10-31 14:56:46.222 I/RILC    (  749): AT[1]< 
10-31 14:56:46.222 I/RILC    (  749): [RILD:1] response ready = [OK]
10-31 14:56:46.222 I/RILC    (  749): AT[1]> AT+CREG?
10-31 14:56:46.231 D/GSM     (  907): [DataConnectionTracker] Received Intent: android.intent.action.SCREEN_ON
10-31 14:56:46.231 D/GSM     (  907): [DataConnectionTracker] Stop poll NetStat
10-31 14:56:46.231 D/GSM     (  907): [DataConnectionTracker] Start poll NetStat
10-31 14:56:46.238 I/RILC    (  749): monitor receive begin
10-31 14:56:46.238 I/RILC    (  749): monitor receive pCh[1]< 1 bytes 
10-31 14:56:46.238 I/RILC    (  749): monitor receive end
10-31 14:56:46.238 I/RILC    (  749): AT[1]< 
10-31 14:56:46.238 I/RILC    (  749): monitor receive begin
10-31 14:56:46.238 I/RILC    (  749): monitor receive pCh[1]< 1 bytes 
10-31 14:56:46.238 I/RILC    (  749): monitor receive end
10-31 14:56:46.238 I/RILC    (  749): AT[1]< 
10-31 14:56:46.238 I/RILC    (  749): monitor receive begin
10-31 14:56:46.238 I/RILC    (  749): monitor receive pCh[1]< 27 bytes +CREG: 2,1,"10A6","25F2",3
10-31 14:56:46.238 I/RILC    (  749): monitor receive end
10-31 14:56:46.238 I/RILC    (  749): AT[1]< +CREG: 2,1,"10A6","25F2",3
10-31 14:56:46.238 I/RILC    (  749): monitor receive begin
10-31 14:56:46.238 I/RILC    (  749): monitor receive pCh[1]< 1 bytes 
10-31 14:56:46.238 I/RILC    (  749): monitor receive end
10-31 14:56:46.238 I/RILC    (  749): AT[1]< 
10-31 14:56:46.238 I/RILC    (  749): monitor receive begin
10-31 14:56:46.238 I/RILC    (  749): monitor receive pCh[1]< 1 bytes 
10-31 14:56:46.238 I/RILC    (  749): monitor receive end
10-31 14:56:46.238 I/RILC    (  749): AT[1]< 
10-31 14:56:46.238 I/RILC    (  749): monitor receive begin
10-31 14:56:46.238 I/RILC    (  749): monitor receive pCh[1]< 1 bytes 
10-31 14:56:46.238 I/RILC    (  749): monitor receive end
10-31 14:56:46.238 I/RILC    (  749): AT[1]< 
10-31 14:56:46.238 I/RILC    (  749): monitor receive begin
10-31 14:56:46.238 I/RILC    (  749): monitor receive pCh[1]< 3 bytes OK
10-31 14:56:46.238 I/RILC    (  749): monitor receive end
10-31 14:56:46.238 I/RILC    (  749): AT[1]< OK
10-31 14:56:46.238 I/RILC    (  749): monitor receive begin
10-31 14:56:46.238 I/RILC    (  749): monitor receive pCh[1]< 1 bytes 
10-31 14:56:46.238 I/RILC    (  749): monitor receive end
10-31 14:56:46.238 I/RILC    (  749): AT[1]< 
10-31 14:56:46.238 I/RILC    (  749): [RILD:1] response ready = [OK]
10-31 14:56:46.238 I/RILC    (  749): processRegModeByScreenState CREG: statusO 1, lacO 4262, cidO 9714, actO 3, status 1, lac 4262, cid 9714,  act 3 
10-31 14:56:46.238 I/RILC    (  749): AT[1]> AT+CGREG?
10-31 14:56:46.238 D/GSM     (  907): [DataConnectionTracker] cid[0] rx:5075 preRx:-1, tx:3309 preTx:-1
10-31 14:56:46.262 I/RILC    (  749): monitor receive begin
10-31 14:56:46.262 I/RILC    (  749): monitor receive pCh[1]< 1 bytes 
10-31 14:56:46.262 I/RILC    (  749): monitor receive end
10-31 14:56:46.262 I/RILC    (  749): AT[1]< 
10-31 14:56:46.262 I/RILC    (  749): monitor receive begin
10-31 14:56:46.262 I/RILC    (  749): monitor receive pCh[1]< 1 bytes 
10-31 14:56:46.262 I/RILC    (  749): monitor receive end
10-31 14:56:46.262 I/RILC    (  749): AT[1]< 
10-31 14:56:46.262 I/RILC    (  749): monitor receive begin
10-31 14:56:46.262 I/RILC    (  749): monitor receive pCh[1]< 28 bytes +CGREG: 2,1,"10A6","25F2",3
10-31 14:56:46.262 I/RILC    (  749): monitor receive end
10-31 14:56:46.262 I/RILC    (  749): AT[1]< +CGREG: 2,1,"10A6","25F2",3
10-31 14:56:46.262 I/RILC    (  749): monitor receive begin
10-31 14:56:46.262 I/RILC    (  749): monitor receive pCh[1]< 1 bytes 
10-31 14:56:46.262 I/RILC    (  749): monitor receive end
10-31 14:56:46.262 I/RILC    (  749): AT[1]< 
10-31 14:56:46.262 I/RILC    (  749): monitor receive begin
10-31 14:56:46.262 I/RILC    (  749): monitor receive pCh[1]< 1 bytes 
10-31 14:56:46.262 I/RILC    (  749): monitor receive end
10-31 14:56:46.262 I/RILC    (  749): AT[1]< 
10-31 14:56:46.262 I/RILC    (  749): monitor receive begin
10-31 14:56:46.262 I/RILC    (  749): monitor receive pCh[1]< 1 bytes 
10-31 14:56:46.262 I/RILC    (  749): monitor receive end
10-31 14:56:46.262 I/RILC    (  749): AT[1]< 
10-31 14:56:46.262 I/RILC    (  749): monitor receive begin
10-31 14:56:46.262 I/RILC    (  749): monitor receive pCh[1]< 3 bytes OK
10-31 14:56:46.262 I/RILC    (  749): monitor receive end
10-31 14:56:46.262 I/RILC    (  749): AT[1]< OK
10-31 14:56:46.262 I/RILC    (  749): monitor receive begin
10-31 14:56:46.262 I/RILC    (  749): monitor receive pCh[1]< 1 bytes 
10-31 14:56:46.262 I/RILC    (  749): monitor receive end
10-31 14:56:46.262 I/RILC    (  749): AT[1]< 
10-31 14:56:46.262 I/RILC    (  749): [RILD:1] response ready = [OK]
10-31 14:56:46.262 I/RILC    (  749): processRegModeByScreenState CGREG: statusO 1, lacO 4262, cidO 9714, actO 3, status 1, lac 4262, cid 9714,  act 3 
10-31 14:56:46.262 I/RILC    (  749): AT[1]> AT+ESQOPT=1
10-31 14:56:46.269 I/RILC    (  749): monitor receive begin
10-31 14:56:46.269 I/RILC    (  749): monitor receive pCh[1]< 1 bytes 
10-31 14:56:46.269 I/RILC    (  749): monitor receive end
10-31 14:56:46.269 I/RILC    (  749): AT[1]< 
10-31 14:56:46.269 I/RILC    (  749): monitor receive begin
10-31 14:56:46.269 I/RILC    (  749): monitor receive pCh[1]< 1 bytes 
10-31 14:56:46.269 I/RILC    (  749): monitor receive end
10-31 14:56:46.269 I/RILC    (  749): AT[1]< 
10-31 14:56:46.269 I/RILC    (  749): monitor receive begin
10-31 14:56:46.269 I/RILC    (  749): monitor receive pCh[1]< 3 bytes OK
10-31 14:56:46.269 I/RILC    (  749): monitor receive end
10-31 14:56:46.269 I/RILC    (  749): AT[1]< OK
10-31 14:56:46.269 I/RILC    (  749): monitor receive begin
10-31 14:56:46.269 I/RILC    (  749): monitor receive pCh[1]< 1 bytes 
10-31 14:56:46.269 I/RILC    (  749): monitor receive end
10-31 14:56:46.269 I/RILC    (  749): AT[1]< 
10-31 14:56:46.269 I/RILC    (  749): [RILD:1] response ready = [OK]
10-31 14:56:46.269 I/RILC    (  749): AT[1]> AT+EEMOPT=2, 30
10-31 14:56:46.292 I/RILC    (  749): monitor receive begin
10-31 14:56:46.292 I/RILC    (  749): monitor receive pCh[1]< 3 bytes OK
10-31 14:56:46.292 I/RILC    (  749): monitor receive end
10-31 14:56:46.292 I/RILC    (  749): AT[1]< OK
10-31 14:56:46.292 I/RILC    (  749): monitor receive begin
10-31 14:56:46.292 I/RILC    (  749): monitor receive pCh[1]< 1 bytes 
10-31 14:56:46.292 I/RILC    (  749): monitor receive end
10-31 14:56:46.292 I/RILC    (  749): AT[1]< 
10-31 14:56:46.292 I/RILC    (  749): [RILD:1] response ready = [OK]
10-31 14:56:46.300 V/RILJ    (  907): <<<<<RIL Recv: 
10-31 14:56:46.300 D/RILJ    (  907): [0522]< SCREEN_STATE 
10-31 14:56:46.325 D/GSM     (  907): [DataConnectionTracker] cid[1] rx:0 preRx:-1, tx:0 preTx:-1
10-31 14:56:46.371 D/GSM     (  907): [DataConnectionTracker] cid[2] rx:0 preRx:-1, tx:0 preTx:-1
10-31 14:56:46.411 D/GSM     (  907): [DataConnectionTracker] netStatPollPeriod: 1000
10-31 14:56:46.417 D/GSM     (  907): [DataConnectionTracker]                                      
10-31 14:56:47.418 D/GSM     (  907): [DataConnectionTracker] cid[0] rx:5083 preRx:5075, tx:3314 preTx:3309
10-31 14:56:47.418 D/GSM     (  907): [DataConnectionTracker] cid[0] sent:5 received: 8 sentSinceLastRecv:0
10-31 14:56:47.457 D/GSM     (  907): [DataConnectionTracker] cid[1] rx:0 preRx:0, tx:0 preTx:0
10-31 14:56:47.496 D/GSM     (  907): [DataConnectionTracker] cid[2] rx:0 preRx:0, tx:0 preTx:0
10-31 14:56:47.754 D/GSM     (  907): [DataConnectionTracker] netStatPollPeriod: 1000
10-31 14:56:47.754 D/GSM     (  907): [DataConnectionTracker]                                      
10-31 14:56:48.777 D/GSM     (  907): [DataConnectionTracker] cid[0] rx:5095 preRx:5083, tx:3321 preTx:3314
10-31 14:56:48.777 D/GSM     (  907): [DataConnectionTracker] cid[0] sent:7 received: 12 sentSinceLastRecv:0
10-31 14:56:48.863 D/GSM     (  907): [DataConnectionTracker] cid[1] rx:0 preRx:0, tx:0 preTx:0
10-31 14:56:48.972 D/GSM     (  907): [DataConnectionTracker] cid[2] rx:0 preRx:0, tx:0 preTx:0
10-31 14:56:49.035 D/GSM     (  907): [DataConnectionTracker] netStatPollPeriod: 1000
10-31 14:56:49.035 D/GSM     (  907): [DataConnectionTracker]                                      
10-31 14:56:50.043 D/GSM     (  907): [DataConnectionTracker] cid[0] rx:5106 preRx:5095, tx:3329 preTx:3321
10-31 14:56:50.043 D/GSM     (  907): [DataConnectionTracker] cid[0] sent:8 received: 11 sentSinceLastRecv:0
10-31 14:56:50.075 D/GSM     (  907): [DataConnectionTracker] cid[1] rx:0 preRx:0, tx:0 preTx:0
10-31 14:56:50.106 D/GSM     (  907): [DataConnectionTracker] cid[2] rx:0 preRx:0, tx:0 preTx:0
10-31 14:56:50.137 D/GSM     (  907): [DataConnectionTracker] netStatPollPeriod: 1000
10-31 14:56:50.137 D/GSM     (  907): [DataConnectionTracker]                                      
10-31 14:56:51.145 D/GSM     (  907): [DataConnectionTracker] cid[0] rx:5114 preRx:5106, tx:3334 preTx:3329
10-31 14:56:51.145 D/GSM     (  907): [DataConnectionTracker] cid[0] sent:5 received: 8 sentSinceLastRecv:0
10-31 14:56:51.222 D/GSM     (  907): [DataConnectionTracker] cid[1] rx:0 preRx:0, tx:0 preTx:0
10-31 14:56:51.253 D/GSM     (  907): [DataConnectionTracker] cid[2] rx:0 preRx:0, tx:0 preTx:0
10-31 14:56:51.285 D/GSM     (  907): [DataConnectionTracker] netStatPollPeriod: 1000
10-31 14:56:51.285 D/GSM     (  907): [DataConnectionTracker]                                      
10-31 14:56:52.316 D/GSM     (  907): [DataConnectionTracker] cid[0] rx:5127 preRx:5114, tx:3342 preTx:3334
10-31 14:56:52.316 D/GSM     (  907): [DataConnectionTracker] cid[0] sent:8 received: 13 sentSinceLastRecv:0
10-31 14:56:52.386 D/GSM     (  907): [DataConnectionTracker] cid[1] rx:0 preRx:0, tx:0 preTx:0
10-31 14:56:52.433 D/GSM     (  907): [DataConnectionTracker] cid[2] rx:0 preRx:0, tx:0 preTx:0
10-31 14:56:52.472 D/GSM     (  907): [DataConnectionTracker] netStatPollPeriod: 1000
10-31 14:56:52.472 D/GSM     (  907): [DataConnectionTracker]                                      
10-31 14:56:53.496 D/GSM     (  907): [DataConnectionTracker] cid[0] rx:5134 preRx:5127, tx:3346 preTx:3342
10-31 14:56:53.496 D/GSM     (  907): [DataConnectionTracker] cid[0] sent:4 received: 7 sentSinceLastRecv:0
10-31 14:56:53.605 D/GSM     (  907): [DataConnectionTracker] cid[1] rx:0 preRx:0, tx:0 preTx:0
10-31 14:56:53.652 D/GSM     (  907): [DataConnectionTracker] cid[2] rx:0 preRx:0, tx:0 preTx:0
10-31 14:56:53.722 D/GSM     (  907): [DataConnectionTracker] netStatPollPeriod: 1000
10-31 14:56:53.722 D/GSM     (  907): [DataConnectionTracker]                                      
10-31 14:56:54.738 D/GSM     (  907): [DataConnectionTracker] cid[0] rx:5144 preRx:5134, tx:3352 preTx:3346
10-31 14:56:54.738 D/GSM     (  907): [DataConnectionTracker] cid[0] sent:6 received: 10 sentSinceLastRecv:0
10-31 14:56:54.863 D/GSM     (  907): [DataConnectionTracker] cid[1] rx:0 preRx:0, tx:0 preTx:0
10-31 14:56:54.895 D/GSM     (  907): [DataConnectionTracker] cid[2] rx:0 preRx:0, tx:0 preTx:0
10-31 14:56:54.925 D/GSM     (  907): [DataConnectionTracker] netStatPollPeriod: 1000
10-31 14:56:54.933 D/GSM     (  907): [DataConnectionTracker]                                      
10-31 14:56:55.941 D/GSM     (  907): [DataConnectionTracker] cid[0] rx:5158 preRx:5144, tx:3360 preTx:3352
10-31 14:56:55.941 D/GSM     (  907): [DataConnectionTracker] cid[0] sent:8 received: 14 sentSinceLastRecv:0
10-31 14:56:56.231 D/GSM     (  907): [DataConnectionTracker] cid[1] rx:0 preRx:0, tx:0 preTx:0
10-31 14:56:56.254 D/GSM     (  907): [DataConnectionTracker] cid[2] rx:0 preRx:0, tx:0 preTx:0
10-31 14:56:56.293 D/GSM     (  907): [DataConnectionTracker] netStatPollPeriod: 1000
10-31 14:56:56.293 D/GSM     (  907): [DataConnectionTracker]                                      
10-31 14:56:57.333 D/GSM     (  907): [DataConnectionTracker] cid[0] rx:5166 preRx:5158, tx:3363 preTx:3360
10-31 14:56:57.333 D/GSM     (  907): [DataConnectionTracker] cid[0] sent:3 received: 8 sentSinceLastRecv:0
10-31 14:56:57.441 D/GSM     (  907): [DataConnectionTracker] cid[1] rx:0 preRx:0, tx:0 preTx:0
10-31 14:56:57.528 D/GSM     (  907): [DataConnectionTracker] cid[2] rx:0 preRx:0, tx:0 preTx:0
10-31 14:56:57.597 D/GSM     (  907): [DataConnectionTracker] netStatPollPeriod: 1000
10-31 14:56:57.597 D/GSM     (  907): [DataConnectionTracker]                                      
10-31 14:56:58.621 D/GSM     (  907): [DataConnectionTracker] cid[0] rx:5178 preRx:5166, tx:3371 preTx:3363
10-31 14:56:58.621 D/GSM     (  907): [DataConnectionTracker] cid[0] sent:8 received: 12 sentSinceLastRecv:0
10-31 14:56:58.949 D/GSM     (  907): [DataConnectionTracker] cid[1] rx:0 preRx:0, tx:0 preTx:0
10-31 14:56:59.011 D/GSM     (  907): [DataConnectionTracker] cid[2] rx:0 preRx:0, tx:0 preTx:0
10-31 14:56:59.036 D/GSM     (  907): [DataConnectionTracker] netStatPollPeriod: 1000
10-31 14:56:59.036 D/GSM     (  907): [DataConnectionTracker]                                      
10-31 14:57:00.050 D/GSM     (  907): [DataConnectionTracker] cid[0] rx:5183 preRx:5178, tx:3374 preTx:3371
10-31 14:57:00.050 D/GSM     (  907): [DataConnectionTracker] cid[0] sent:3 received: 5 sentSinceLastRecv:0
10-31 14:57:00.082 D/GSM     (  907): [DataConnectionTracker] cid[1] rx:0 preRx:0, tx:0 preTx:0
10-31 14:57:00.113 D/GSM     (  907): [DataConnectionTracker] cid[2] rx:0 preRx:0, tx:0 preTx:0
10-31 14:57:00.145 D/GSM     (  907): [DataConnectionTracker] netStatPollPeriod: 1000
10-31 14:57:00.145 D/GSM     (  907): [DataConnectionTracker]                                      
10-31 14:57:01.160 D/GSM     (  907): [DataConnectionTracker] cid[0] rx:5195 preRx:5183, tx:3381 preTx:3374
10-31 14:57:01.160 D/GSM     (  907): [DataConnectionTracker] cid[0] sent:7 received: 12 sentSinceLastRecv:0
10-31 14:57:01.332 D/GSM     (  907): [DataConnectionTracker] cid[1] rx:0 preRx:0, tx:0 preTx:0
10-31 14:57:01.363 D/GSM     (  907): [DataConnectionTracker] cid[2] rx:0 preRx:0, tx:0 preTx:0
10-31 14:57:01.395 D/GSM     (  907): [DataConnectionTracker] netStatPollPeriod: 1000
10-31 14:57:01.395 D/GSM     (  907): [DataConnectionTracker]                                      
10-31 14:57:02.425 D/GSM     (  907): [DataConnectionTracker] cid[0] rx:5210 preRx:5195, tx:3390 preTx:3381
10-31 14:57:02.425 D/GSM     (  907): [DataConnectionTracker] cid[0] sent:9 received: 15 sentSinceLastRecv:0
10-31 14:57:02.528 D/GSM     (  907): [DataConnectionTracker] cid[1] rx:0 preRx:0, tx:0 preTx:0
10-31 14:57:02.566 D/GSM     (  907): [DataConnectionTracker] cid[2] rx:0 preRx:0, tx:0 preTx:0
10-31 14:57:02.598 D/GSM     (  907): [DataConnectionTracker] netStatPollPeriod: 1000
10-31 14:57:02.598 D/GSM     (  907): [DataConnectionTracker]                                      
10-31 14:57:03.605 D/GSM     (  907): [DataConnectionTracker] cid[0] rx:5226 preRx:5210, tx:3399 preTx:3390
10-31 14:57:03.605 D/GSM     (  907): [DataConnectionTracker] cid[0] sent:9 received: 16 sentSinceLastRecv:0
10-31 14:57:03.636 D/GSM     (  907): [DataConnectionTracker] cid[1] rx:0 preRx:0, tx:0 preTx:0
10-31 14:57:03.675 D/GSM     (  907): [DataConnectionTracker] cid[2] rx:0 preRx:0, tx:0 preTx:0
10-31 14:57:03.699 D/GSM     (  907): [DataConnectionTracker] netStatPollPeriod: 1000
10-31 14:57:03.699 D/GSM     (  907): [DataConnectionTracker]                                      
10-31 14:57:04.707 D/GSM     (  907): [DataConnectionTracker] cid[0] rx:5240 preRx:5226, tx:3406 preTx:3399
10-31 14:57:04.715 D/GSM     (  907): [DataConnectionTracker] cid[0] sent:7 received: 14 sentSinceLastRecv:0
10-31 14:57:04.785 D/GSM     (  907): [DataConnectionTracker] cid[1] rx:0 preRx:0, tx:0 preTx:0
10-31 14:57:04.839 D/GSM     (  907): [DataConnectionTracker] cid[2] rx:0 preRx:0, tx:0 preTx:0
10-31 14:57:04.886 D/GSM     (  907): [DataConnectionTracker] netStatPollPeriod: 1000
10-31 14:57:04.886 D/GSM     (  907): [DataConnectionTracker]                                      
10-31 14:57:05.895 D/GSM     (  907): [DataConnectionTracker] cid[0] rx:5258 preRx:5240, tx:3417 preTx:3406
10-31 14:57:05.895 D/GSM     (  907): [DataConnectionTracker] cid[0] sent:11 received: 18 sentSinceLastRecv:0
10-31 14:57:05.926 D/GSM     (  907): [DataConnectionTracker] cid[1] rx:0 preRx:0, tx:0 preTx:0
10-31 14:57:05.950 D/GSM     (  907): [DataConnectionTracker] cid[2] rx:0 preRx:0, tx:0 preTx:0
10-31 14:57:05.980 D/GSM     (  907): [DataConnectionTracker] netStatPollPeriod: 1000
10-31 14:57:05.980 D/GSM     (  907): [DataConnectionTracker]                                      
10-31 14:57:06.989 D/GSM     (  907): [DataConnectionTracker] cid[0] rx:5270 preRx:5258, tx:3424 preTx:3417
10-31 14:57:06.989 D/GSM     (  907): [DataConnectionTracker] cid[0] sent:7 received: 12 sentSinceLastRecv:0
10-31 14:57:07.035 D/GSM     (  907): [DataConnectionTracker] cid[1] rx:0 preRx:0, tx:0 preTx:0
10-31 14:57:07.121 D/GSM     (  907): [DataConnectionTracker] cid[2] rx:0 preRx:0, tx:0 preTx:0
10-31 14:57:07.175 D/GSM     (  907): [DataConnectionTracker] netStatPollPeriod: 1000
10-31 14:57:07.175 D/GSM     (  907): [DataConnectionTracker]                                      
10-31 14:57:08.184 D/GSM     (  907): [DataConnectionTracker] cid[0] rx:5288 preRx:5270, tx:3435 preTx:3424
10-31 14:57:08.184 D/GSM     (  907): [DataConnectionTracker] cid[0] sent:11 received: 18 sentSinceLastRecv:0
10-31 14:57:08.207 D/GSM     (  907): [DataConnectionTracker] cid[1] rx:0 preRx:0, tx:0 preTx:0
10-31 14:57:08.239 D/GSM     (  907): [DataConnectionTracker] cid[2] rx:0 preRx:0, tx:0 preTx:0
10-31 14:57:08.450 D/GSM     (  907): [DataConnectionTracker] netStatPollPeriod: 1000
10-31 14:57:08.450 D/GSM     (  907): [DataConnectionTracker]                                      
10-31 14:57:09.457 D/GSM     (  907): [DataConnectionTracker] cid[0] rx:5296 preRx:5288, tx:3441 preTx:3435
10-31 14:57:09.457 D/GSM     (  907): [DataConnectionTracker] cid[0] sent:6 received: 8 sentSinceLastRecv:0
10-31 14:57:09.488 D/GSM     (  907): [DataConnectionTracker] cid[1] rx:0 preRx:0, tx:0 preTx:0
10-31 14:57:09.723 D/GSM     (  907): [DataConnectionTracker] cid[2] rx:0 preRx:0, tx:0 preTx:0
10-31 14:57:09.792 D/GSM     (  907): [DataConnectionTracker] netStatPollPeriod: 1000
10-31 14:57:09.792 D/GSM     (  907): [DataConnectionTracker]                                      
10-31 14:57:10.808 D/GSM     (  907): [DataConnectionTracker] cid[0] rx:5298 preRx:5296, tx:3443 preTx:3441
10-31 14:57:10.808 D/GSM     (  907): [DataConnectionTracker] cid[0] sent:2 received: 2 sentSinceLastRecv:0
10-31 14:57:10.879 D/GSM     (  907): [DataConnectionTracker] cid[1] rx:0 preRx:0, tx:0 preTx:0
10-31 14:57:10.910 D/GSM     (  907): [DataConnectionTracker] cid[2] rx:0 preRx:0, tx:0 preTx:0
10-31 14:57:10.964 D/GSM     (  907): [DataConnectionTracker] netStatPollPeriod: 1000
10-31 14:57:10.972 D/GSM     (  907): [DataConnectionTracker]                                      
10-31 14:57:11.973 D/GSM     (  907): [DataConnectionTracker] cid[0] rx:5299 preRx:5298, tx:3444 preTx:3443
10-31 14:57:11.973 D/GSM     (  907): [DataConnectionTracker] cid[0] sent:1 received: 1 sentSinceLastRecv:0
10-31 14:57:12.020 D/GSM     (  907): [DataConnectionTracker] cid[1] rx:0 preRx:0, tx:0 preTx:0
10-31 14:57:12.042 D/GSM     (  907): [DataConnectionTracker] cid[2] rx:0 preRx:0, tx:0 preTx:0
10-31 14:57:12.075 D/GSM     (  907): [DataConnectionTracker] netStatPollPeriod: 1000
10-31 14:57:12.075 D/GSM     (  907): [DataConnectionTracker]                                      
10-31 14:57:13.089 D/GSM     (  907): [DataConnectionTracker] cid[0] rx:5299 preRx:5299, tx:3444 preTx:3444
10-31 14:57:13.089 D/GSM     (  907): [DataConnectionTracker] cid[0] sent:0 received: 0 sentSinceLastRecv:0
10-31 14:57:13.160 D/GSM     (  907): [DataConnectionTracker] cid[1] rx:0 preRx:0, tx:0 preTx:0
10-31 14:57:13.214 D/GSM     (  907): [DataConnectionTracker] cid[2] rx:0 preRx:0, tx:0 preTx:0
10-31 14:57:13.246 D/GSM     (  907): [DataConnectionTracker] netStatPollPeriod: 1000
10-31 14:57:13.246 D/GSM     (  907): [DataConnectionTracker]                                      
10-31 14:57:14.261 D/GSM     (  907): [DataConnectionTracker] cid[0] rx:5299 preRx:5299, tx:3444 preTx:3444
10-31 14:57:14.261 D/GSM     (  907): [DataConnectionTracker] cid[0] sent:0 received: 0 sentSinceLastRecv:0
10-31 14:57:14.332 D/GSM     (  907): [DataConnectionTracker] cid[1] rx:0 preRx:0, tx:0 preTx:0
10-31 14:57:14.402 D/GSM     (  907): [DataConnectionTracker] cid[2] rx:0 preRx:0, tx:0 preTx:0
10-31 14:57:14.441 D/GSM     (  907): [DataConnectionTracker] netStatPollPeriod: 1000
10-31 14:57:14.441 D/GSM     (  907): [DataConnectionTracker]                                      
10-31 14:57:15.457 D/GSM     (  907): [DataConnectionTracker] cid[0] rx:5299 preRx:5299, tx:3444 preTx:3444
10-31 14:57:15.457 D/GSM     (  907): [DataConnectionTracker] cid[0] sent:0 received: 0 sentSinceLastRecv:0
10-31 14:57:15.527 D/GSM     (  907): [DataConnectionTracker] cid[1] rx:0 preRx:0, tx:0 preTx:0
10-31 14:57:15.589 D/GSM     (  907): [DataConnectionTracker] cid[2] rx:0 preRx:0, tx:0 preTx:0
10-31 14:57:15.887 D/GSM     (  907): [DataConnectionTracker] netStatPollPeriod: 1000
10-31 14:57:15.887 D/GSM     (  907): [DataConnectionTracker]                                      
10-31 14:57:16.911 D/GSM     (  907): [DataConnectionTracker] cid[0] rx:5299 preRx:5299, tx:3444 preTx:3444
10-31 14:57:16.911 D/GSM     (  907): [DataConnectionTracker] cid[0] sent:0 received: 0 sentSinceLastRecv:0
10-31 14:57:16.972 D/GSM     (  907): [DataConnectionTracker] cid[1] rx:0 preRx:0, tx:0 preTx:0
10-31 14:57:17.011 D/GSM     (  907): [DataConnectionTracker] cid[2] rx:0 preRx:0, tx:0 preTx:0
10-31 14:57:17.042 D/GSM     (  907): [DataConnectionTracker] netStatPollPeriod: 1000
10-31 14:57:17.042 D/GSM     (  907): [DataConnectionTracker]                                      
10-31 14:57:18.066 D/GSM     (  907): [DataConnectionTracker] cid[0] rx:5299 preRx:5299, tx:3444 preTx:3444
10-31 14:57:18.066 D/GSM     (  907): [DataConnectionTracker] cid[0] sent:0 received: 0 sentSinceLastRecv:0
10-31 14:57:18.136 D/GSM     (  907): [DataConnectionTracker] cid[1] rx:0 preRx:0, tx:0 preTx:0
10-31 14:57:18.183 D/GSM     (  907): [DataConnectionTracker] cid[2] rx:0 preRx:0, tx:0 preTx:0
10-31 14:57:18.222 D/GSM     (  907): [DataConnectionTracker] netStatPollPeriod: 1000
10-31 14:57:18.222 D/GSM     (  907): [DataConnectionTracker]                                      
10-31 14:57:19.247 D/GSM     (  907): [DataConnectionTracker] cid[0] rx:5299 preRx:5299, tx:3444 preTx:3444
10-31 14:57:19.247 D/GSM     (  907): [DataConnectionTracker] cid[0] sent:0 received: 0 sentSinceLastRecv:0
10-31 14:57:19.316 D/GSM     (  907): [DataConnectionTracker] cid[1] rx:0 preRx:0, tx:0 preTx:0
10-31 14:57:19.363 D/GSM     (  907): [DataConnectionTracker] cid[2] rx:0 preRx:0, tx:0 preTx:0
10-31 14:57:19.411 D/GSM     (  907): [DataConnectionTracker] netStatPollPeriod: 1000
10-31 14:57:19.411 D/GSM     (  907): [DataConnectionTracker]                                      
10-31 14:57:20.425 D/GSM     (  907): [DataConnectionTracker] cid[0] rx:5299 preRx:5299, tx:3444 preTx:3444
10-31 14:57:20.425 D/GSM     (  907): [DataConnectionTracker] cid[0] sent:0 received: 0 sentSinceLastRecv:0
10-31 14:57:20.496 D/GSM     (  907): [DataConnectionTracker] cid[1] rx:0 preRx:0, tx:0 preTx:0
10-31 14:57:20.566 D/GSM     (  907): [DataConnectionTracker] cid[2] rx:0 preRx:0, tx:0 preTx:0
10-31 14:57:20.605 D/GSM     (  907): [DataConnectionTracker] netStatPollPeriod: 1000
10-31 14:57:20.605 D/GSM     (  907): [DataConnectionTracker]                                      
10-31 14:57:21.621 D/GSM     (  907): [DataConnectionTracker] cid[0] rx:5299 preRx:5299, tx:3444 preTx:3444
10-31 14:57:21.621 D/GSM     (  907): [DataConnectionTracker] cid[0] sent:0 received: 0 sentSinceLastRecv:0
10-31 14:57:21.691 D/GSM     (  907): [DataConnectionTracker] cid[1] rx:0 preRx:0, tx:0 preTx:0
10-31 14:57:21.738 D/GSM     (  907): [DataConnectionTracker] cid[2] rx:0 preRx:0, tx:0 preTx:0
10-31 14:57:21.785 D/GSM     (  907): [DataConnectionTracker] netStatPollPeriod: 1000
10-31 14:57:21.785 D/GSM     (  907): [DataConnectionTracker]                                      
10-31 14:57:22.793 D/GSM     (  907): [DataConnectionTracker] cid[0] rx:5299 preRx:5299, tx:3444 preTx:3444
10-31 14:57:22.793 D/GSM     (  907): [DataConnectionTracker] cid[0] sent:0 received: 0 sentSinceLastRecv:0
10-31 14:57:22.824 D/GSM     (  907): [DataConnectionTracker] cid[1] rx:0 preRx:0, tx:0 preTx:0
10-31 14:57:22.848 D/GSM     (  907): [DataConnectionTracker] cid[2] rx:0 preRx:0, tx:0 preTx:0
10-31 14:57:22.879 D/GSM     (  907): [DataConnectionTracker] netStatPollPeriod: 1000
10-31 14:57:22.879 D/GSM     (  907): [DataConnectionTracker]                                      
10-31 14:57:23.894 D/GSM     (  907): [DataConnectionTracker] cid[0] rx:5299 preRx:5299, tx:3444 preTx:3444
10-31 14:57:23.894 D/GSM     (  907): [DataConnectionTracker] cid[0] sent:0 received: 0 sentSinceLastRecv:0
10-31 14:57:24.200 D/GSM     (  907): [DataConnectionTracker] cid[1] rx:0 preRx:0, tx:0 preTx:0
10-31 14:57:24.223 D/GSM     (  907): [DataConnectionTracker] cid[2] rx:0 preRx:0, tx:0 preTx:0
10-31 14:57:24.457 D/GSM     (  907): [DataConnectionTracker] netStatPollPeriod: 1000
10-31 14:57:24.457 D/GSM     (  907): [DataConnectionTracker]                                      
10-31 14:57:25.465 D/GSM     (  907): [DataConnectionTracker] cid[0] rx:5299 preRx:5299, tx:3444 preTx:3444
10-31 14:57:25.465 D/GSM     (  907): [DataConnectionTracker] cid[0] sent:0 received: 0 sentSinceLastRecv:0
10-31 14:57:25.496 D/GSM     (  907): [DataConnectionTracker] cid[1] rx:0 preRx:0, tx:0 preTx:0
10-31 14:57:25.535 D/GSM     (  907): [DataConnectionTracker] cid[2] rx:0 preRx:0, tx:0 preTx:0
10-31 14:57:25.566 D/GSM     (  907): [DataConnectionTracker] netStatPollPeriod: 1000
10-31 14:57:25.566 D/GSM     (  907): [DataConnectionTracker]                                      
10-31 14:57:26.582 D/GSM     (  907): [DataConnectionTracker] cid[0] rx:5299 preRx:5299, tx:3444 preTx:3444
10-31 14:57:26.582 D/GSM     (  907): [DataConnectionTracker] cid[0] sent:0 received: 0 sentSinceLastRecv:0
10-31 14:57:26.652 D/GSM     (  907): [DataConnectionTracker] cid[1] rx:0 preRx:0, tx:0 preTx:0
10-31 14:57:26.699 D/GSM     (  907): [DataConnectionTracker] cid[2] rx:0 preRx:0, tx:0 preTx:0
10-31 14:57:26.730 D/GSM     (  907): [DataConnectionTracker] netStatPollPeriod: 1000
10-31 14:57:26.730 D/GSM     (  907): [DataConnectionTracker]                                      
10-31 14:57:27.746 D/GSM     (  907): [DataConnectionTracker] cid[0] rx:5299 preRx:5299, tx:3444 preTx:3444
10-31 14:57:27.746 D/GSM     (  907): [DataConnectionTracker] cid[0] sent:0 received: 0 sentSinceLastRecv:0
10-31 14:57:27.871 D/GSM     (  907): [DataConnectionTracker] cid[1] rx:0 preRx:0, tx:0 preTx:0
10-31 14:57:27.902 D/GSM     (  907): [DataConnectionTracker] cid[2] rx:0 preRx:0, tx:0 preTx:0
10-31 14:57:27.941 D/GSM     (  907): [DataConnectionTracker] netStatPollPeriod: 1000
10-31 14:57:27.941 D/GSM     (  907): [DataConnectionTracker]                                      
10-31 14:57:28.950 D/GSM     (  907): [DataConnectionTracker] cid[0] rx:5299 preRx:5299, tx:3444 preTx:3444
10-31 14:57:28.950 D/GSM     (  907): [DataConnectionTracker] cid[0] sent:0 received: 0 sentSinceLastRecv:0
10-31 14:57:28.996 D/GSM     (  907): [DataConnectionTracker] cid[1] rx:0 preRx:0, tx:0 preTx:0
10-31 14:57:29.043 D/GSM     (  907): [DataConnectionTracker] cid[2] rx:0 preRx:0, tx:0 preTx:0
10-31 14:57:29.075 D/GSM     (  907): [DataConnectionTracker] netStatPollPeriod: 1000
10-31 14:57:29.075 D/GSM     (  907): [DataConnectionTracker]                                      
10-31 14:57:30.089 D/GSM     (  907): [DataConnectionTracker] cid[0] rx:5299 preRx:5299, tx:3444 preTx:3444
10-31 14:57:30.089 D/GSM     (  907): [DataConnectionTracker] cid[0] sent:0 received: 0 sentSinceLastRecv:0
10-31 14:57:30.160 D/GSM     (  907): [DataConnectionTracker] cid[1] rx:0 preRx:0, tx:0 preTx:0
10-31 14:57:30.207 D/GSM     (  907): [DataConnectionTracker] cid[2] rx:0 preRx:0, tx:0 preTx:0
10-31 14:57:30.238 D/GSM     (  907): [DataConnectionTracker] netStatPollPeriod: 1000
10-31 14:57:30.238 D/GSM     (  907): [DataConnectionTracker]                                      
10-31 14:57:31.253 D/GSM     (  907): [DataConnectionTracker] cid[0] rx:5299 preRx:5299, tx:3444 preTx:3444
10-31 14:57:31.253 D/GSM     (  907): [DataConnectionTracker] cid[0] sent:0 received: 0 sentSinceLastRecv:0
10-31 14:57:31.324 D/GSM     (  907): [DataConnectionTracker] cid[1] rx:0 preRx:0, tx:0 preTx:0
10-31 14:57:31.371 D/GSM     (  907): [DataConnectionTracker] cid[2] rx:0 preRx:0, tx:0 preTx:0
10-31 14:57:31.410 D/GSM     (  907): [DataConnectionTracker] netStatPollPeriod: 1000
10-31 14:57:31.410 D/GSM     (  907): [DataConnectionTracker]                                      
10-31 14:57:32.425 D/GSM     (  907): [DataConnectionTracker] cid[0] rx:5299 preRx:5299, tx:3444 preTx:3444
10-31 14:57:32.425 D/GSM     (  907): [DataConnectionTracker] cid[0] sent:0 received: 0 sentSinceLastRecv:0
10-31 14:57:32.488 D/GSM     (  907): [DataConnectionTracker] cid[1] rx:0 preRx:0, tx:0 preTx:0
10-31 14:57:32.535 D/GSM     (  907): [DataConnectionTracker] cid[2] rx:0 preRx:0, tx:0 preTx:0
10-31 14:57:32.567 D/GSM     (  907): [DataConnectionTracker] netStatPollPeriod: 1000
10-31 14:57:32.574 D/GSM     (  907): [DataConnectionTracker]                                      
10-31 14:57:33.597 D/GSM     (  907): [DataConnectionTracker] cid[0] rx:5299 preRx:5299, tx:3445 preTx:3444
10-31 14:57:33.597 D/GSM     (  907): [DataConnectionTracker] cid[0] sent:1 received: 0 sentSinceLastRecv:1
10-31 14:57:33.675 D/GSM     (  907): [DataConnectionTracker] cid[1] rx:0 preRx:0, tx:0 preTx:0
10-31 14:57:33.761 D/GSM     (  907): [DataConnectionTracker] cid[2] rx:0 preRx:0, tx:0 preTx:0
10-31 14:57:33.792 D/GSM     (  907): [DataConnectionTracker] netStatPollPeriod: 1000
10-31 14:57:33.792 D/GSM     (  907): [DataConnectionTracker]                                      
10-31 14:57:34.816 D/GSM     (  907): [DataConnectionTracker] cid[0] rx:5301 preRx:5299, tx:3446 preTx:3445
10-31 14:57:34.816 D/GSM     (  907): [DataConnectionTracker] cid[0] sent:1 received: 2 sentSinceLastRecv:0
10-31 14:57:34.933 D/GSM     (  907): [DataConnectionTracker] cid[1] rx:0 preRx:0, tx:0 preTx:0
10-31 14:57:35.457 D/GSM     (  907): [DataConnectionTracker] cid[2] rx:0 preRx:0, tx:0 preTx:0
10-31 14:57:35.520 D/GSM     (  907): [DataConnectionTracker] netStatPollPeriod: 1000
10-31 14:57:35.520 D/GSM     (  907): [DataConnectionTracker]                                      
10-31 14:57:36.535 D/GSM     (  907): [DataConnectionTracker] cid[0] rx:5301 preRx:5301, tx:3446 preTx:3446
10-31 14:57:36.535 D/GSM     (  907): [DataConnectionTracker] cid[0] sent:0 received: 0 sentSinceLastRecv:0
10-31 14:57:36.621 D/GSM     (  907): [DataConnectionTracker] cid[1] rx:0 preRx:0, tx:0 preTx:0
10-31 14:57:36.660 D/GSM     (  907): [DataConnectionTracker] cid[2] rx:0 preRx:0, tx:0 preTx:0
10-31 14:57:36.691 D/GSM     (  907): [DataConnectionTracker] netStatPollPeriod: 1000
10-31 14:57:36.691 D/GSM     (  907): [DataConnectionTracker]                                      
10-31 14:57:37.707 D/GSM     (  907): [DataConnectionTracker] cid[0] rx:5301 preRx:5301, tx:3446 preTx:3446
10-31 14:57:37.707 D/GSM     (  907): [DataConnectionTracker] cid[0] sent:0 received: 0 sentSinceLastRecv:0
10-31 14:57:37.777 D/GSM     (  907): [DataConnectionTracker] cid[1] rx:0 preRx:0, tx:0 preTx:0
10-31 14:57:38.059 D/GSM     (  907): [DataConnectionTracker] cid[2] rx:0 preRx:0, tx:0 preTx:0
10-31 14:57:38.113 D/GSM     (  907): [DataConnectionTracker] netStatPollPeriod: 1000
10-31 14:57:38.113 D/GSM     (  907): [DataConnectionTracker]                                      
10-31 14:57:39.128 D/GSM     (  907): [DataConnectionTracker] cid[0] rx:5301 preRx:5301, tx:3446 preTx:3446
10-31 14:57:39.128 D/GSM     (  907): [DataConnectionTracker] cid[0] sent:0 received: 0 sentSinceLastRecv:0
10-31 14:57:39.199 D/GSM     (  907): [DataConnectionTracker] cid[1] rx:0 preRx:0, tx:0 preTx:0
10-31 14:57:39.269 D/GSM     (  907): [DataConnectionTracker] cid[2] rx:0 preRx:0, tx:0 preTx:0
10-31 14:57:39.308 D/GSM     (  907): [DataConnectionTracker] netStatPollPeriod: 1000
10-31 14:57:39.308 D/GSM     (  907): [DataConnectionTracker]                                      
10-31 14:57:40.332 D/GSM     (  907): [DataConnectionTracker] cid[0] rx:5301 preRx:5301, tx:3446 preTx:3446
10-31 14:57:40.332 D/GSM     (  907): [DataConnectionTracker] cid[0] sent:0 received: 0 sentSinceLastRecv:0
10-31 14:57:40.684 D/GSM     (  907): [DataConnectionTracker] cid[1] rx:0 preRx:0, tx:0 preTx:0
10-31 14:57:40.808 D/GSM     (  907): [DataConnectionTracker] cid[2] rx:0 preRx:0, tx:0 preTx:0
10-31 14:57:40.856 D/GSM     (  907): [DataConnectionTracker] netStatPollPeriod: 1000
10-31 14:57:40.878 D/GSM     (  907): [DataConnectionTracker]                                      
10-31 14:57:41.878 D/GSM     (  907): [DataConnectionTracker] cid[0] rx:5301 preRx:5301, tx:3446 preTx:3446
10-31 14:57:41.878 D/GSM     (  907): [DataConnectionTracker] cid[0] sent:0 received: 0 sentSinceLastRecv:0
10-31 14:57:42.082 D/GSM     (  907): [DataConnectionTracker] cid[1] rx:0 preRx:0, tx:0 preTx:0
10-31 14:57:42.129 D/GSM     (  907): [DataConnectionTracker] cid[2] rx:0 preRx:0, tx:0 preTx:0
10-31 14:57:42.191 D/GSM     (  907): [DataConnectionTracker] netStatPollPeriod: 1000
10-31 14:57:42.191 D/GSM     (  907): [DataConnectionTracker]                                      
10-31 14:57:43.208 D/GSM     (  907): [DataConnectionTracker] cid[0] rx:5301 preRx:5301, tx:3446 preTx:3446
10-31 14:57:43.208 D/GSM     (  907): [DataConnectionTracker] cid[0] sent:0 received: 0 sentSinceLastRecv:0
10-31 14:57:43.426 D/GSM     (  907): [DataConnectionTracker] cid[1] rx:0 preRx:0, tx:0 preTx:0
10-31 14:57:43.574 D/GSM     (  907): [DataConnectionTracker] cid[2] rx:0 preRx:0, tx:0 preTx:0
10-31 14:57:43.653 D/GSM     (  907): [DataConnectionTracker] netStatPollPeriod: 1000
10-31 14:57:43.653 D/GSM     (  907): [DataConnectionTracker]                                      
10-31 14:57:44.661 D/GSM     (  907): [DataConnectionTracker] cid[0] rx:5301 preRx:5301, tx:3446 preTx:3446
10-31 14:57:44.661 D/GSM     (  907): [DataConnectionTracker] cid[0] sent:0 received: 0 sentSinceLastRecv:0
10-31 14:57:44.707 D/GSM     (  907): [DataConnectionTracker] cid[1] rx:0 preRx:0, tx:0 preTx:0
10-31 14:57:44.997 D/GSM     (  907): [DataConnectionTracker] cid[2] rx:0 preRx:0, tx:0 preTx:0
10-31 14:57:45.028 D/GSM     (  907): [DataConnectionTracker] netStatPollPeriod: 1000
10-31 14:57:45.028 D/GSM     (  907): [DataConnectionTracker]                                      
10-31 14:57:46.042 D/GSM     (  907): [DataConnectionTracker] cid[0] rx:5301 preRx:5301, tx:3446 preTx:3446
10-31 14:57:46.042 D/GSM     (  907): [DataConnectionTracker] cid[0] sent:0 received: 0 sentSinceLastRecv:0
10-31 14:57:46.152 D/GSM     (  907): [DataConnectionTracker] cid[1] rx:0 preRx:0, tx:0 preTx:0
10-31 14:57:46.214 D/GSM     (  907): [DataConnectionTracker] cid[2] rx:0 preRx:0, tx:0 preTx:0
10-31 14:57:46.253 D/GSM     (  907): [DataConnectionTracker] netStatPollPeriod: 1000
10-31 14:57:46.253 D/GSM     (  907): [DataConnectionTracker]                                      
10-31 14:57:47.285 D/GSM     (  907): [DataConnectionTracker] cid[0] rx:5301 preRx:5301, tx:3446 preTx:3446
10-31 14:57:47.285 D/GSM     (  907): [DataConnectionTracker] cid[0] sent:0 received: 0 sentSinceLastRecv:0
10-31 14:57:47.378 D/GSM     (  907): [DataConnectionTracker] cid[1] rx:0 preRx:0, tx:0 preTx:0
10-31 14:57:47.441 D/GSM     (  907): [DataConnectionTracker] cid[2] rx:0 preRx:0, tx:0 preTx:0
10-31 14:57:47.504 D/GSM     (  907): [DataConnectionTracker] netStatPollPeriod: 1000
10-31 14:57:47.504 D/GSM     (  907): [DataConnectionTracker]                                      
10-31 14:57:48.542 D/GSM     (  907): [DataConnectionTracker] cid[0] rx:5301 preRx:5301, tx:3446 preTx:3446
10-31 14:57:48.542 D/GSM     (  907): [DataConnectionTracker] cid[0] sent:0 received: 0 sentSinceLastRecv:0
10-31 14:57:48.667 D/GSM     (  907): [DataConnectionTracker] cid[1] rx:0 preRx:0, tx:0 preTx:0
10-31 14:57:48.707 D/GSM     (  907): [DataConnectionTracker] cid[2] rx:0 preRx:0, tx:0 preTx:0
10-31 14:57:48.746 D/GSM     (  907): [DataConnectionTracker] netStatPollPeriod: 1000
10-31 14:57:48.746 D/GSM     (  907): [DataConnectionTracker]                                      
10-31 14:57:49.754 D/GSM     (  907): [DataConnectionTracker] cid[0] rx:5301 preRx:5301, tx:3446 preTx:3446
10-31 14:57:49.754 D/GSM     (  907): [DataConnectionTracker] cid[0] sent:0 received: 0 sentSinceLastRecv:0
10-31 14:57:49.808 D/GSM     (  907): [DataConnectionTracker] cid[1] rx:0 preRx:0, tx:0 preTx:0
10-31 14:57:49.847 D/GSM     (  907): [DataConnectionTracker] cid[2] rx:0 preRx:0, tx:0 preTx:0
10-31 14:57:49.894 D/GSM     (  907): [DataConnectionTracker] netStatPollPeriod: 1000
10-31 14:57:49.894 D/GSM     (  907): [DataConnectionTracker]                                      
10-31 14:57:50.910 D/GSM     (  907): [DataConnectionTracker] cid[0] rx:5301 preRx:5301, tx:3446 preTx:3446
10-31 14:57:50.910 D/GSM     (  907): [DataConnectionTracker] cid[0] sent:0 received: 0 sentSinceLastRecv:0
10-31 14:57:51.019 D/GSM     (  907): [DataConnectionTracker] cid[1] rx:0 preRx:0, tx:0 preTx:0
10-31 14:57:51.066 D/GSM     (  907): [DataConnectionTracker] cid[2] rx:0 preRx:0, tx:0 preTx:0
10-31 14:57:51.114 D/GSM     (  907): [DataConnectionTracker] netStatPollPeriod: 1000
10-31 14:57:51.114 D/GSM     (  907): [DataConnectionTracker]                                      
10-31 14:57:52.136 D/GSM     (  907): [DataConnectionTracker] cid[0] rx:5301 preRx:5301, tx:3446 preTx:3446
10-31 14:57:52.136 D/GSM     (  907): [DataConnectionTracker] cid[0] sent:0 received: 0 sentSinceLastRecv:0
10-31 14:57:52.230 D/GSM     (  907): [DataConnectionTracker] cid[1] rx:0 preRx:0, tx:0 preTx:0
10-31 14:57:52.278 D/GSM     (  907): [DataConnectionTracker] cid[2] rx:0 preRx:0, tx:0 preTx:0
10-31 14:57:52.503 D/GSM     (  907): [DataConnectionTracker] netStatPollPeriod: 1000
10-31 14:57:52.503 D/GSM     (  907): [DataConnectionTracker]                                      
10-31 14:57:53.519 D/GSM     (  907): [DataConnectionTracker] cid[0] rx:5301 preRx:5301, tx:3446 preTx:3446
10-31 14:57:53.519 D/GSM     (  907): [DataConnectionTracker] cid[0] sent:0 received: 0 sentSinceLastRecv:0
10-31 14:57:53.691 D/GSM     (  907): [DataConnectionTracker] cid[1] rx:0 preRx:0, tx:0 preTx:0
10-31 14:57:53.738 D/GSM     (  907): [DataConnectionTracker] cid[2] rx:0 preRx:0, tx:0 preTx:0
10-31 14:57:53.778 D/GSM     (  907): [DataConnectionTracker] netStatPollPeriod: 1000
10-31 14:57:53.778 D/GSM     (  907): [DataConnectionTracker]                                      
10-31 14:57:54.786 D/GSM     (  907): [DataConnectionTracker] cid[0] rx:5301 preRx:5301, tx:3446 preTx:3446
10-31 14:57:54.786 D/GSM     (  907): [DataConnectionTracker] cid[0] sent:0 received: 0 sentSinceLastRecv:0
10-31 14:57:54.832 D/GSM     (  907): [DataConnectionTracker] cid[1] rx:0 preRx:0, tx:0 preTx:0
10-31 14:57:54.871 D/GSM     (  907): [DataConnectionTracker] cid[2] rx:0 preRx:0, tx:0 preTx:0
10-31 14:57:54.911 D/GSM     (  907): [DataConnectionTracker] netStatPollPeriod: 1000
10-31 14:57:54.911 D/GSM     (  907): [DataConnectionTracker]                                      
10-31 14:57:55.918 D/GSM     (  907): [DataConnectionTracker] cid[0] rx:5301 preRx:5301, tx:3446 preTx:3446
10-31 14:57:55.918 D/GSM     (  907): [DataConnectionTracker] cid[0] sent:0 received: 0 sentSinceLastRecv:0
10-31 14:57:55.988 D/GSM     (  907): [DataConnectionTracker] cid[1] rx:0 preRx:0, tx:0 preTx:0
10-31 14:57:56.316 D/GSM     (  907): [DataConnectionTracker] cid[2] rx:0 preRx:0, tx:0 preTx:0
10-31 14:57:56.372 D/GSM     (  907): [DataConnectionTracker] netStatPollPeriod: 1000
10-31 14:57:56.372 D/GSM     (  907): [DataConnectionTracker]                                      
10-31 14:57:57.394 D/GSM     (  907): [DataConnectionTracker] cid[0] rx:5301 preRx:5301, tx:3446 preTx:3446
10-31 14:57:57.394 D/GSM     (  907): [DataConnectionTracker] cid[0] sent:0 received: 0 sentSinceLastRecv:0
10-31 14:57:57.622 D/GSM     (  907): [DataConnectionTracker] cid[1] rx:0 preRx:0, tx:0 preTx:0
10-31 14:57:57.676 D/GSM     (  907): [DataConnectionTracker] cid[2] rx:0 preRx:0, tx:0 preTx:0
10-31 14:57:57.739 D/GSM     (  907): [DataConnectionTracker] netStatPollPeriod: 1000
10-31 14:57:57.747 D/GSM     (  907): [DataConnectionTracker]                                      
10-31 14:57:58.769 D/GSM     (  907): [DataConnectionTracker] cid[0] rx:5301 preRx:5301, tx:3446 preTx:3446
10-31 14:57:58.769 D/GSM     (  907): [DataConnectionTracker] cid[0] sent:0 received: 0 sentSinceLastRecv:0
10-31 14:57:58.832 D/GSM     (  907): [DataConnectionTracker] cid[1] rx:0 preRx:0, tx:0 preTx:0
10-31 14:57:58.894 D/GSM     (  907): [DataConnectionTracker] cid[2] rx:0 preRx:0, tx:0 preTx:0
10-31 14:57:58.942 D/GSM     (  907): [DataConnectionTracker] netStatPollPeriod: 1000
10-31 14:57:58.942 D/GSM     (  907): [DataConnectionTracker]                                      
10-31 14:57:59.950 D/GSM     (  907): [DataConnectionTracker] cid[0] rx:5301 preRx:5301, tx:3446 preTx:3446
10-31 14:57:59.950 D/GSM     (  907): [DataConnectionTracker] cid[0] sent:0 received: 0 sentSinceLastRecv:0
10-31 14:57:59.972 I/RILC    (  749): monitor receive begin
10-31 14:57:59.972 I/RILC    (  749): monitor receive pCh[0]< 1 bytes 
10-31 14:57:59.972 I/RILC    (  749): monitor receive end
10-31 14:57:59.972 I/RILC    (  749): AT[0]< 
10-31 14:57:59.972 I/RILC    (  749): monitor receive begin
10-31 14:57:59.972 I/RILC    (  749): monitor receive pCh[0]< 1 bytes 
10-31 14:57:59.972 I/RILC    (  749): monitor receive end
10-31 14:57:59.972 I/RILC    (  749): AT[0]< 
10-31 14:57:59.972 I/RILC    (  749): monitor receive begin
10-31 14:57:59.972 I/RILC    (  749): monitor receive pCh[0]< 13 bytes +ECSQ: 16,99
10-31 14:57:59.972 I/RILC    (  749): monitor receive end
10-31 14:57:59.972 I/RILC    (  749): AT[0]< +ECSQ: 16,99
10-31 14:57:59.972 I/RILC    (  749): monitor receive begin
