10-31 14:48:51.808 D/GSM     (  907): [DataConnectionTracker]                                      
10-31 14:48:52.809 D/GSM     (  907): [DataConnectionTracker] cid[0] rx:1767 preRx:1755, tx:1244 preTx:1236
10-31 14:48:52.809 D/GSM     (  907): [DataConnectionTracker] cid[0] sent:8 received: 12 sentSinceLastRecv:0
10-31 14:48:52.878 D/GSM     (  907): [DataConnectionTracker] cid[1] rx:0 preRx:0, tx:0 preTx:0
10-31 14:48:52.934 D/GSM     (  907): [DataConnectionTracker] cid[2] rx:0 preRx:0, tx:0 preTx:0
10-31 14:48:52.964 D/GSM     (  907): [DataConnectionTracker] netStatPollPeriod: 1000
10-31 14:48:52.964 D/GSM     (  907): [DataConnectionTracker]                                      
10-31 14:48:53.973 D/GSM     (  907): [DataConnectionTracker] cid[0] rx:1779 preRx:1767, tx:1250 preTx:1244
10-31 14:48:53.973 D/GSM     (  907): [DataConnectionTracker] cid[0] sent:6 received: 12 sentSinceLastRecv:0
10-31 14:48:54.042 D/GSM     (  907): [DataConnectionTracker] cid[1] rx:0 preRx:0, tx:0 preTx:0
10-31 14:48:54.082 D/GSM     (  907): [DataConnectionTracker] cid[2] rx:0 preRx:0, tx:0 preTx:0
10-31 14:48:54.122 D/GSM     (  907): [DataConnectionTracker] netStatPollPeriod: 1000
10-31 14:48:54.122 D/GSM     (  907): [DataConnectionTracker]                                      
10-31 14:48:55.137 D/GSM     (  907): [DataConnectionTracker] cid[0] rx:1791 preRx:1779, tx:1257 preTx:1250
10-31 14:48:55.144 D/GSM     (  907): [DataConnectionTracker] cid[0] sent:7 received: 12 sentSinceLastRecv:0
10-31 14:48:55.176 D/GSM     (  907): [DataConnectionTracker] cid[1] rx:0 preRx:0, tx:0 preTx:0
10-31 14:48:55.207 D/GSM     (  907): [DataConnectionTracker] cid[2] rx:0 preRx:0, tx:0 preTx:0
10-31 14:48:55.239 D/GSM     (  907): [DataConnectionTracker] netStatPollPeriod: 1000
10-31 14:48:55.247 D/GSM     (  907): [DataConnectionTracker]                                      
10-31 14:48:56.254 D/GSM     (  907): [DataConnectionTracker] cid[0] rx:1798 preRx:1791, tx:1261 preTx:1257
10-31 14:48:56.254 D/GSM     (  907): [DataConnectionTracker] cid[0] sent:4 received: 7 sentSinceLastRecv:0
10-31 14:48:56.332 D/GSM     (  907): [DataConnectionTracker] cid[1] rx:0 preRx:0, tx:0 preTx:0
10-31 14:48:56.379 D/GSM     (  907): [DataConnectionTracker] cid[2] rx:0 preRx:0, tx:0 preTx:0
10-31 14:48:56.417 D/GSM     (  907): [DataConnectionTracker] netStatPollPeriod: 1000
10-31 14:48:56.417 D/GSM     (  907): [DataConnectionTracker]                                      
10-31 14:48:57.426 D/GSM     (  907): [DataConnectionTracker] cid[0] rx:1811 preRx:1798, tx:1268 preTx:1261
10-31 14:48:57.426 D/GSM     (  907): [DataConnectionTracker] cid[0] sent:7 received: 13 sentSinceLastRecv:0
10-31 14:48:57.465 D/GSM     (  907): [DataConnectionTracker] cid[1] rx:0 preRx:0, tx:0 preTx:0
10-31 14:48:57.497 D/GSM     (  907): [DataConnectionTracker] cid[2] rx:0 preRx:0, tx:0 preTx:0
10-31 14:48:57.528 D/GSM     (  907): [DataConnectionTracker] netStatPollPeriod: 1000
10-31 14:48:57.528 D/GSM     (  907): [DataConnectionTracker]                                      
10-31 14:48:58.543 D/GSM     (  907): [DataConnectionTracker] cid[0] rx:1824 preRx:1811, tx:1276 preTx:1268
10-31 14:48:58.543 D/GSM     (  907): [DataConnectionTracker] cid[0] sent:8 received: 13 sentSinceLastRecv:0
10-31 14:48:58.692 D/GSM     (  907): [DataConnectionTracker] cid[1] rx:0 preRx:0, tx:0 preTx:0
10-31 14:48:58.792 D/GSM     (  907): [DataConnectionTracker] cid[2] rx:0 preRx:0, tx:0 preTx:0
10-31 14:48:58.887 D/GSM     (  907): [DataConnectionTracker] netStatPollPeriod: 1000
10-31 14:48:58.887 D/GSM     (  907): [DataConnectionTracker]                                      
10-31 14:48:59.036 I/RILC    (  749): monitor receive begin
10-31 14:48:59.036 I/RILC    (  749): monitor receive pCh[0]< 1 bytes 
10-31 14:48:59.036 I/RILC    (  749): monitor receive end
10-31 14:48:59.036 I/RILC    (  749): AT[0]< 
10-31 14:48:59.036 I/RILC    (  749): monitor receive begin
10-31 14:48:59.036 I/RILC    (  749): monitor receive pCh[0]< 1 bytes 
10-31 14:48:59.036 I/RILC    (  749): monitor receive end
10-31 14:48:59.036 I/RILC    (  749): AT[0]< 
10-31 14:48:59.036 I/RILC    (  749): monitor receive begin
10-31 14:48:59.036 I/RILC    (  749): monitor receive pCh[0]< 13 bytes +ECSQ: 17,99
10-31 14:48:59.036 I/RILC    (  749): monitor receive end
10-31 14:48:59.036 I/RILC    (  749): AT[0]< +ECSQ: 17,99
10-31 14:48:59.036 I/RILC    (  749): monitor receive begin
10-31 14:48:59.036 I/RILC    (  749): monitor receive pCh[0]< 1 bytes 
10-31 14:48:59.036 I/RILC    (  749): monitor receive end
10-31 14:48:59.036 I/RILC    (  749): AT[0]< 
10-31 14:48:59.036 V/RILJ    (  907): <<<<<RIL Recv: 
10-31 14:48:59.903 D/GSM     (  907): [DataConnectionTracker] cid[0] rx:1826 preRx:1824, tx:1278 preTx:1276
10-31 14:48:59.903 D/GSM     (  907): [DataConnectionTracker] cid[0] sent:2 received: 2 sentSinceLastRecv:0
10-31 14:48:59.949 D/GSM     (  907): [DataConnectionTracker] cid[1] rx:0 preRx:0, tx:0 preTx:0
10-31 14:48:59.996 D/GSM     (  907): [DataConnectionTracker] cid[2] rx:0 preRx:0, tx:0 preTx:0
10-31 14:49:00.051 D/GSM     (  907): [DataConnectionTracker] netStatPollPeriod: 1000
10-31 14:49:00.051 D/GSM     (  907): [DataConnectionTracker]                                      
10-31 14:49:01.059 D/GSM     (  907): [DataConnectionTracker] cid[0] rx:1832 preRx:1826, tx:1282 preTx:1278
10-31 14:49:01.066 D/GSM     (  907): [DataConnectionTracker] cid[0] sent:4 received: 6 sentSinceLastRecv:0
10-31 14:49:01.113 D/GSM     (  907): [DataConnectionTracker] cid[1] rx:0 preRx:0, tx:0 preTx:0
10-31 14:49:01.191 D/GSM     (  907): [DataConnectionTracker] cid[2] rx:0 preRx:0, tx:0 preTx:0
10-31 14:49:01.230 D/GSM     (  907): [DataConnectionTracker] netStatPollPeriod: 1000
10-31 14:49:01.230 D/GSM     (  907): [DataConnectionTracker]                                      
10-31 14:49:02.246 D/GSM     (  907): [DataConnectionTracker] cid[0] rx:1832 preRx:1832, tx:1282 preTx:1282
10-31 14:49:02.246 D/GSM     (  907): [DataConnectionTracker] cid[0] sent:0 received: 0 sentSinceLastRecv:0
10-31 14:49:02.598 D/GSM     (  907): [DataConnectionTracker] cid[1] rx:0 preRx:0, tx:0 preTx:0
10-31 14:49:02.645 D/GSM     (  907): [DataConnectionTracker] cid[2] rx:0 preRx:0, tx:0 preTx:0
10-31 14:49:02.675 D/GSM     (  907): [DataConnectionTracker] netStatPollPeriod: 1000
10-31 14:49:02.675 D/GSM     (  907): [DataConnectionTracker]                                      
10-31 14:49:03.707 D/GSM     (  907): [DataConnectionTracker] cid[0] rx:1832 preRx:1832, tx:1282 preTx:1282
10-31 14:49:03.707 D/GSM     (  907): [DataConnectionTracker] cid[0] sent:0 received: 0 sentSinceLastRecv:0
10-31 14:49:04.012 D/GSM     (  907): [DataConnectionTracker] cid[1] rx:0 preRx:0, tx:0 preTx:0
10-31 14:49:04.082 D/GSM     (  907): [DataConnectionTracker] cid[2] rx:0 preRx:0, tx:0 preTx:0
10-31 14:49:04.122 D/GSM     (  907): [DataConnectionTracker] netStatPollPeriod: 1000
10-31 14:49:04.122 D/GSM     (  907): [DataConnectionTracker]                                      
10-31 14:49:05.136 D/GSM     (  907): [DataConnectionTracker] cid[0] rx:1832 preRx:1832, tx:1282 preTx:1282
10-31 14:49:05.136 D/GSM     (  907): [DataConnectionTracker] cid[0] sent:0 received: 0 sentSinceLastRecv:0
10-31 14:49:05.269 D/GSM     (  907): [DataConnectionTracker] cid[1] rx:0 preRx:0, tx:0 preTx:0
10-31 14:49:05.324 D/GSM     (  907): [DataConnectionTracker] cid[2] rx:0 preRx:0, tx:0 preTx:0
10-31 14:49:05.363 D/GSM     (  907): [DataConnectionTracker] netStatPollPeriod: 1000
10-31 14:49:05.363 D/GSM     (  907): [DataConnectionTracker]                                      
10-31 14:49:06.378 D/GSM     (  907): [DataConnectionTracker] cid[0] rx:1835 preRx:1832, tx:1285 preTx:1282
10-31 14:49:06.378 D/GSM     (  907): [DataConnectionTracker] cid[0] sent:3 received: 3 sentSinceLastRecv:0
10-31 14:49:06.441 D/GSM     (  907): [DataConnectionTracker] cid[1] rx:0 preRx:0, tx:0 preTx:0
10-31 14:49:06.480 D/GSM     (  907): [DataConnectionTracker] cid[2] rx:0 preRx:0, tx:0 preTx:0
10-31 14:49:06.511 D/GSM     (  907): [DataConnectionTracker] netStatPollPeriod: 1000
10-31 14:49:06.511 D/GSM     (  907): [DataConnectionTracker]                                      
10-31 14:49:07.535 D/GSM     (  907): [DataConnectionTracker] cid[0] rx:1841 preRx:1835, tx:1291 preTx:1285
10-31 14:49:07.535 D/GSM     (  907): [DataConnectionTracker] cid[0] sent:6 received: 6 sentSinceLastRecv:0
10-31 14:49:07.645 D/GSM     (  907): [DataConnectionTracker] cid[1] rx:0 preRx:0, tx:0 preTx:0
10-31 14:49:07.676 D/GSM     (  907): [DataConnectionTracker] cid[2] rx:0 preRx:0, tx:0 preTx:0
10-31 14:49:07.707 D/GSM     (  907): [DataConnectionTracker] netStatPollPeriod: 1000
10-31 14:49:07.707 D/GSM     (  907): [DataConnectionTracker]                                      
10-31 14:49:08.715 D/GSM     (  907): [DataConnectionTracker] cid[0] rx:1853 preRx:1841, tx:1297 preTx:1291
10-31 14:49:08.715 D/GSM     (  907): [DataConnectionTracker] cid[0] sent:6 received: 12 sentSinceLastRecv:0
10-31 14:49:08.832 D/GSM     (  907): [DataConnectionTracker] cid[1] rx:0 preRx:0, tx:0 preTx:0
10-31 14:49:09.051 D/GSM     (  907): [DataConnectionTracker] cid[2] rx:0 preRx:0, tx:0 preTx:0
10-31 14:49:09.105 D/GSM     (  907): [DataConnectionTracker] netStatPollPeriod: 1000
10-31 14:49:09.105 D/GSM     (  907): [DataConnectionTracker]                                      
10-31 14:49:10.136 D/GSM     (  907): [DataConnectionTracker] cid[0] rx:1867 preRx:1853, tx:1306 preTx:1297
10-31 14:49:10.136 D/GSM     (  907): [DataConnectionTracker] cid[0] sent:9 received: 14 sentSinceLastRecv:0
10-31 14:49:10.223 D/GSM     (  907): [DataConnectionTracker] cid[1] rx:0 preRx:0, tx:0 preTx:0
10-31 14:49:10.270 D/GSM     (  907): [DataConnectionTracker] cid[2] rx:0 preRx:0, tx:0 preTx:0
10-31 14:49:10.309 D/GSM     (  907): [DataConnectionTracker] netStatPollPeriod: 1000
10-31 14:49:10.317 D/GSM     (  907): [DataConnectionTracker]                                      
10-31 14:49:11.339 D/GSM     (  907): [DataConnectionTracker] cid[0] rx:1875 preRx:1867, tx:1311 preTx:1306
10-31 14:49:11.339 D/GSM     (  907): [DataConnectionTracker] cid[0] sent:5 received: 8 sentSinceLastRecv:0
10-31 14:49:11.425 D/GSM     (  907): [DataConnectionTracker] cid[1] rx:0 preRx:0, tx:0 preTx:0
10-31 14:49:11.511 D/GSM     (  907): [DataConnectionTracker] cid[2] rx:0 preRx:0, tx:0 preTx:0
10-31 14:49:11.551 D/GSM     (  907): [DataConnectionTracker] netStatPollPeriod: 1000
10-31 14:49:11.551 D/GSM     (  907): [DataConnectionTracker]                                      
10-31 14:49:12.567 D/GSM     (  907): [DataConnectionTracker] cid[0] rx:1887 preRx:1875, tx:1319 preTx:1311
10-31 14:49:12.567 D/GSM     (  907): [DataConnectionTracker] cid[0] sent:8 received: 12 sentSinceLastRecv:0
10-31 14:49:12.614 D/GSM     (  907): [DataConnectionTracker] cid[1] rx:0 preRx:0, tx:0 preTx:0
10-31 14:49:12.761 D/GSM     (  907): [DataConnectionTracker] cid[2] rx:0 preRx:0, tx:0 preTx:0
10-31 14:49:12.973 D/GSM     (  907): [DataConnectionTracker] netStatPollPeriod: 1000
10-31 14:49:12.973 D/GSM     (  907): [DataConnectionTracker]                                      
10-31 14:49:13.981 D/GSM     (  907): [DataConnectionTracker] cid[0] rx:1900 preRx:1887, tx:1327 preTx:1319
10-31 14:49:13.981 D/GSM     (  907): [DataConnectionTracker] cid[0] sent:8 received: 13 sentSinceLastRecv:0
10-31 14:49:14.035 D/GSM     (  907): [DataConnectionTracker] cid[1] rx:0 preRx:0, tx:0 preTx:0
10-31 14:49:14.082 D/GSM     (  907): [DataConnectionTracker] cid[2] rx:0 preRx:0, tx:0 preTx:0
10-31 14:49:14.207 D/GSM     (  907): [DataConnectionTracker] netStatPollPeriod: 1000
10-31 14:49:14.207 D/GSM     (  907): [DataConnectionTracker]                                      
10-31 14:49:15.230 D/GSM     (  907): [DataConnectionTracker] cid[0] rx:1907 preRx:1900, tx:1334 preTx:1327
10-31 14:49:15.230 D/GSM     (  907): [DataConnectionTracker] cid[0] sent:7 received: 7 sentSinceLastRecv:0
10-31 14:49:15.347 D/GSM     (  907): [DataConnectionTracker] cid[1] rx:0 preRx:0, tx:0 preTx:0
10-31 14:49:15.449 D/GSM     (  907): [DataConnectionTracker] cid[2] rx:0 preRx:0, tx:0 preTx:0
10-31 14:49:15.628 D/GSM     (  907): [DataConnectionTracker] netStatPollPeriod: 1000
10-31 14:49:15.628 D/GSM     (  907): [DataConnectionTracker]                                      
10-31 14:49:16.645 D/GSM     (  907): [DataConnectionTracker] cid[0] rx:1921 preRx:1907, tx:1348 preTx:1334
10-31 14:49:16.645 D/GSM     (  907): [DataConnectionTracker] cid[0] sent:14 received: 14 sentSinceLastRecv:0
10-31 14:49:16.691 D/GSM     (  907): [DataConnectionTracker] cid[1] rx:0 preRx:0, tx:0 preTx:0
10-31 14:49:16.722 D/GSM     (  907): [DataConnectionTracker] cid[2] rx:0 preRx:0, tx:0 preTx:0
10-31 14:49:16.777 D/GSM     (  907): [DataConnectionTracker] netStatPollPeriod: 1000
10-31 14:49:16.777 D/GSM     (  907): [DataConnectionTracker]                                      
10-31 14:49:17.808 D/GSM     (  907): [DataConnectionTracker] cid[0] rx:1934 preRx:1921, tx:1358 preTx:1348
10-31 14:49:17.808 D/GSM     (  907): [DataConnectionTracker] cid[0] sent:10 received: 13 sentSinceLastRecv:0
10-31 14:49:17.855 D/GSM     (  907): [DataConnectionTracker] cid[1] rx:0 preRx:0, tx:0 preTx:0
10-31 14:49:17.886 D/GSM     (  907): [DataConnectionTracker] cid[2] rx:0 preRx:0, tx:0 preTx:0
10-31 14:49:18.300 D/GSM     (  907): [DataConnectionTracker] netStatPollPeriod: 1000
10-31 14:49:18.300 D/GSM     (  907): [DataConnectionTracker]                                      
10-31 14:49:19.309 D/GSM     (  907): [DataConnectionTracker] cid[0] rx:1946 preRx:1934, tx:1365 preTx:1358
10-31 14:49:19.309 D/GSM     (  907): [DataConnectionTracker] cid[0] sent:7 received: 12 sentSinceLastRecv:0
10-31 14:49:19.402 D/GSM     (  907): [DataConnectionTracker] cid[1] rx:0 preRx:0, tx:0 preTx:0
10-31 14:49:19.503 D/GSM     (  907): [DataConnectionTracker] cid[2] rx:0 preRx:0, tx:0 preTx:0
10-31 14:49:19.574 D/GSM     (  907): [DataConnectionTracker] netStatPollPeriod: 1000
10-31 14:49:19.574 D/GSM     (  907): [DataConnectionTracker]                                      
10-31 14:49:20.519 I/RILC    (  749): monitor receive begin
10-31 14:49:20.519 I/RILC    (  749): monitor receive pCh[0]< 1 bytes 
10-31 14:49:20.519 I/RILC    (  749): monitor receive end
10-31 14:49:20.519 I/RILC    (  749): AT[0]< 
10-31 14:49:20.519 I/RILC    (  749): monitor receive begin
10-31 14:49:20.519 I/RILC    (  749): monitor receive pCh[0]< 1 bytes 
10-31 14:49:20.519 I/RILC    (  749): monitor receive end
10-31 14:49:20.519 I/RILC    (  749): AT[0]< 
10-31 14:49:20.519 I/RILC    (  749): monitor receive begin
10-31 14:49:20.519 I/RILC    (  749): monitor receive pCh[0]< 13 bytes +ECSQ: 19,99
10-31 14:49:20.519 I/RILC    (  749): monitor receive end
10-31 14:49:20.519 I/RILC    (  749): AT[0]< +ECSQ: 19,99
10-31 14:49:20.519 I/RILC    (  749): monitor receive begin
10-31 14:49:20.519 I/RILC    (  749): monitor receive pCh[0]< 1 bytes 
10-31 14:49:20.519 I/RILC    (  749): monitor receive end
10-31 14:49:20.519 I/RILC    (  749): AT[0]< 
10-31 14:49:20.535 V/RILJ    (  907): <<<<<RIL Recv: 
10-31 14:49:20.597 D/GSM     (  907): [DataConnectionTracker] cid[0] rx:1951 preRx:1946, tx:1368 preTx:1365
10-31 14:49:20.597 D/GSM     (  907): [DataConnectionTracker] cid[0] sent:3 received: 5 sentSinceLastRecv:0
10-31 14:49:20.675 D/GSM     (  907): [DataConnectionTracker] cid[1] rx:0 preRx:0, tx:0 preTx:0
10-31 14:49:20.715 D/GSM     (  907): [DataConnectionTracker] cid[2] rx:0 preRx:0, tx:0 preTx:0
10-31 14:49:20.777 D/GSM     (  907): [DataConnectionTracker] netStatPollPeriod: 1000
10-31 14:49:20.777 D/GSM     (  907): [DataConnectionTracker]                                      
10-31 14:49:21.800 D/GSM     (  907): [DataConnectionTracker] cid[0] rx:1959 preRx:1951, tx:1374 preTx:1368
10-31 14:49:21.800 D/GSM     (  907): [DataConnectionTracker] cid[0] sent:6 received: 8 sentSinceLastRecv:0
10-31 14:49:21.871 D/GSM     (  907): [DataConnectionTracker] cid[1] rx:0 preRx:0, tx:0 preTx:0
10-31 14:49:21.917 D/GSM     (  907): [DataConnectionTracker] cid[2] rx:0 preRx:0, tx:0 preTx:0
10-31 14:49:21.957 D/GSM     (  907): [DataConnectionTracker] netStatPollPeriod: 1000
10-31 14:49:21.957 D/GSM     (  907): [DataConnectionTracker]                                      
10-31 14:49:22.965 D/GSM     (  907): [DataConnectionTracker] cid[0] rx:1973 preRx:1959, tx:1382 preTx:1374
10-31 14:49:22.965 D/GSM     (  907): [DataConnectionTracker] cid[0] sent:8 received: 14 sentSinceLastRecv:0
10-31 14:49:22.997 D/GSM     (  907): [DataConnectionTracker] cid[1] rx:0 preRx:0, tx:0 preTx:0
10-31 14:49:23.028 D/GSM     (  907): [DataConnectionTracker] cid[2] rx:0 preRx:0, tx:0 preTx:0
10-31 14:49:23.325 D/GSM     (  907): [DataConnectionTracker] netStatPollPeriod: 1000
10-31 14:49:23.325 D/GSM     (  907): [DataConnectionTracker]                                      
10-31 14:49:24.332 D/GSM     (  907): [DataConnectionTracker] cid[0] rx:1986 preRx:1973, tx:1390 preTx:1382
10-31 14:49:24.332 D/GSM     (  907): [DataConnectionTracker] cid[0] sent:8 received: 13 sentSinceLastRecv:0
10-31 14:49:24.363 D/GSM     (  907): [DataConnectionTracker] cid[1] rx:0 preRx:0, tx:0 preTx:0
10-31 14:49:24.433 D/GSM     (  907): [DataConnectionTracker] cid[2] rx:0 preRx:0, tx:0 preTx:0
10-31 14:49:24.457 D/GSM     (  907): [DataConnectionTracker] netStatPollPeriod: 1000
10-31 14:49:24.457 D/GSM     (  907): [DataConnectionTracker]                                      
10-31 14:49:25.480 D/GSM     (  907): [DataConnectionTracker] cid[0] rx:1998 preRx:1986, tx:1398 preTx:1390
10-31 14:49:25.480 D/GSM     (  907): [DataConnectionTracker] cid[0] sent:8 received: 12 sentSinceLastRecv:0
10-31 14:49:25.519 D/GSM     (  907): [DataConnectionTracker] cid[1] rx:0 preRx:0, tx:0 preTx:0
10-31 14:49:25.559 D/GSM     (  907): [DataConnectionTracker] cid[2] rx:0 preRx:0, tx:0 preTx:0
10-31 14:49:25.589 D/GSM     (  907): [DataConnectionTracker] netStatPollPeriod: 1000
10-31 14:49:25.589 D/GSM     (  907): [DataConnectionTracker]                                      
10-31 14:49:26.605 D/GSM     (  907): [DataConnectionTracker] cid[0] rx:2003 preRx:1998, tx:1401 preTx:1398
10-31 14:49:26.605 D/GSM     (  907): [DataConnectionTracker] cid[0] sent:3 received: 5 sentSinceLastRecv:0
10-31 14:49:26.667 D/GSM     (  907): [DataConnectionTracker] cid[1] rx:0 preRx:0, tx:0 preTx:0
10-31 14:49:26.753 D/GSM     (  907): [DataConnectionTracker] cid[2] rx:0 preRx:0, tx:0 preTx:0
10-31 14:49:26.824 D/GSM     (  907): [DataConnectionTracker] netStatPollPeriod: 1000
10-31 14:49:26.824 D/GSM     (  907): [DataConnectionTracker]                                      
10-31 14:49:27.825 D/GSM     (  907): [DataConnectionTracker] cid[0] rx:2017 preRx:2003, tx:1409 preTx:1401
10-31 14:49:27.825 D/GSM     (  907): [DataConnectionTracker] cid[0] sent:8 received: 14 sentSinceLastRecv:0
10-31 14:49:27.855 D/GSM     (  907): [DataConnectionTracker] cid[1] rx:0 preRx:0, tx:0 preTx:0
10-31 14:49:27.879 D/GSM     (  907): [DataConnectionTracker] cid[2] rx:0 preRx:0, tx:0 preTx:0
10-31 14:49:27.911 D/GSM     (  907): [DataConnectionTracker] netStatPollPeriod: 1000
10-31 14:49:27.911 D/GSM     (  907): [DataConnectionTracker]                                      
10-31 14:49:28.925 D/GSM     (  907): [DataConnectionTracker] cid[0] rx:2026 preRx:2017, tx:1415 preTx:1409
10-31 14:49:28.925 D/GSM     (  907): [DataConnectionTracker] cid[0] sent:6 received: 9 sentSinceLastRecv:0
10-31 14:49:28.964 D/GSM     (  907): [DataConnectionTracker] cid[1] rx:0 preRx:0, tx:0 preTx:0
10-31 14:49:28.996 D/GSM     (  907): [DataConnectionTracker] cid[2] rx:0 preRx:0, tx:0 preTx:0
10-31 14:49:29.027 D/GSM     (  907): [DataConnectionTracker] netStatPollPeriod: 1000
10-31 14:49:29.027 D/GSM     (  907): [DataConnectionTracker]                                      
10-31 14:49:30.028 D/GSM     (  907): [DataConnectionTracker] cid[0] rx:2034 preRx:2026, tx:1420 preTx:1415
10-31 14:49:30.028 D/GSM     (  907): [DataConnectionTracker] cid[0] sent:5 received: 8 sentSinceLastRecv:0
10-31 14:49:30.082 D/GSM     (  907): [DataConnectionTracker] cid[1] rx:0 preRx:0, tx:0 preTx:0
10-31 14:49:30.128 D/GSM     (  907): [DataConnectionTracker] cid[2] rx:0 preRx:0, tx:0 preTx:0
10-31 14:49:30.191 D/GSM     (  907): [DataConnectionTracker] netStatPollPeriod: 1000
10-31 14:49:30.191 D/GSM     (  907): [DataConnectionTracker]                                      
10-31 14:49:31.222 D/GSM     (  907): [DataConnectionTracker] cid[0] rx:2050 preRx:2034, tx:1428 preTx:1420
10-31 14:49:31.222 D/GSM     (  907): [DataConnectionTracker] cid[0] sent:8 received: 16 sentSinceLastRecv:0
10-31 14:49:31.285 D/GSM     (  907): [DataConnectionTracker] cid[1] rx:0 preRx:0, tx:0 preTx:0
10-31 14:49:31.324 D/GSM     (  907): [DataConnectionTracker] cid[2] rx:0 preRx:0, tx:0 preTx:0
10-31 14:49:31.394 D/GSM     (  907): [DataConnectionTracker] netStatPollPeriod: 1000
10-31 14:49:31.394 D/GSM     (  907): [DataConnectionTracker]                                      
10-31 14:49:32.395 D/GSM     (  907): [DataConnectionTracker] cid[0] rx:2060 preRx:2050, tx:1437 preTx:1428
10-31 14:49:32.395 D/GSM     (  907): [DataConnectionTracker] cid[0] sent:9 received: 10 sentSinceLastRecv:0
10-31 14:49:32.683 D/GSM     (  907): [DataConnectionTracker] cid[1] rx:0 preRx:0, tx:0 preTx:0
10-31 14:49:32.739 D/GSM     (  907): [DataConnectionTracker] cid[2] rx:0 preRx:0, tx:0 preTx:0
10-31 14:49:32.769 D/GSM     (  907): [DataConnectionTracker] netStatPollPeriod: 1000
10-31 14:49:32.769 D/GSM     (  907): [DataConnectionTracker]                                      
10-31 14:49:33.778 D/GSM     (  907): [DataConnectionTracker] cid[0] rx:2076 preRx:2060, tx:1446 preTx:1437
10-31 14:49:33.778 D/GSM     (  907): [DataConnectionTracker] cid[0] sent:9 received: 16 sentSinceLastRecv:0
10-31 14:49:33.808 D/GSM     (  907): [DataConnectionTracker] cid[1] rx:0 preRx:0, tx:0 preTx:0
10-31 14:49:34.114 D/GSM     (  907): [DataConnectionTracker] cid[2] rx:0 preRx:0, tx:0 preTx:0
10-31 14:49:34.175 D/GSM     (  907): [DataConnectionTracker] netStatPollPeriod: 1000
10-31 14:49:34.175 D/GSM     (  907): [DataConnectionTracker]                                      
10-31 14:49:35.176 D/GSM     (  907): [DataConnectionTracker] cid[0] rx:2094 preRx:2076, tx:1457 preTx:1446
10-31 14:49:35.176 D/GSM     (  907): [DataConnectionTracker] cid[0] sent:11 received: 18 sentSinceLastRecv:0
10-31 14:49:35.207 D/GSM     (  907): [DataConnectionTracker] cid[1] rx:0 preRx:0, tx:0 preTx:0
10-31 14:49:35.246 D/GSM     (  907): [DataConnectionTracker] cid[2] rx:0 preRx:0, tx:0 preTx:0
10-31 14:49:35.277 D/GSM     (  907): [DataConnectionTracker] netStatPollPeriod: 1000
10-31 14:49:35.277 D/GSM     (  907): [DataConnectionTracker]                                      
10-31 14:49:36.286 D/GSM     (  907): [DataConnectionTracker] cid[0] rx:2107 preRx:2094, tx:1465 preTx:1457
10-31 14:49:36.286 D/GSM     (  907): [DataConnectionTracker] cid[0] sent:8 received: 13 sentSinceLastRecv:0
10-31 14:49:36.316 D/GSM     (  907): [DataConnectionTracker] cid[1] rx:0 preRx:0, tx:0 preTx:0
10-31 14:49:36.386 D/GSM     (  907): [DataConnectionTracker] cid[2] rx:0 preRx:0, tx:0 preTx:0
10-31 14:49:36.425 D/GSM     (  907): [DataConnectionTracker] netStatPollPeriod: 1000
10-31 14:49:36.425 D/GSM     (  907): [DataConnectionTracker]                                      
10-31 14:49:37.434 D/GSM     (  907): [DataConnectionTracker] cid[0] rx:2121 preRx:2107, tx:1474 preTx:1465
10-31 14:49:37.434 D/GSM     (  907): [DataConnectionTracker] cid[0] sent:9 received: 14 sentSinceLastRecv:0
10-31 14:49:37.472 D/GSM     (  907): [DataConnectionTracker] cid[1] rx:0 preRx:0, tx:0 preTx:0
10-31 14:49:37.566 D/GSM     (  907): [DataConnectionTracker] cid[2] rx:0 preRx:0, tx:0 preTx:0
10-31 14:49:37.629 D/GSM     (  907): [DataConnectionTracker] netStatPollPeriod: 1000
10-31 14:49:37.629 D/GSM     (  907): [DataConnectionTracker]                                      
10-31 14:49:38.636 D/GSM     (  907): [DataConnectionTracker] cid[0] rx:2136 preRx:2121, tx:1482 preTx:1474
10-31 14:49:38.636 D/GSM     (  907): [DataConnectionTracker] cid[0] sent:8 received: 15 sentSinceLastRecv:0
10-31 14:49:38.683 D/GSM     (  907): [DataConnectionTracker] cid[1] rx:0 preRx:0, tx:0 preTx:0
10-31 14:49:38.761 D/GSM     (  907): [DataConnectionTracker] cid[2] rx:0 preRx:0, tx:0 preTx:0
10-31 14:49:38.832 D/GSM     (  907): [DataConnectionTracker] netStatPollPeriod: 1000
10-31 14:49:38.832 D/GSM     (  907): [DataConnectionTracker]                                      
10-31 14:49:39.847 D/GSM     (  907): [DataConnectionTracker] cid[0] rx:2151 preRx:2136, tx:1490 preTx:1482
10-31 14:49:39.847 D/GSM     (  907): [DataConnectionTracker] cid[0] sent:8 received: 15 sentSinceLastRecv:0
10-31 14:49:39.980 D/GSM     (  907): [DataConnectionTracker] cid[1] rx:0 preRx:0, tx:0 preTx:0
10-31 14:49:40.043 D/GSM     (  907): [DataConnectionTracker] cid[2] rx:0 preRx:0, tx:0 preTx:0
10-31 14:49:40.075 D/GSM     (  907): [DataConnectionTracker] netStatPollPeriod: 1000
10-31 14:49:40.075 D/GSM     (  907): [DataConnectionTracker]                                      
10-31 14:49:41.089 D/GSM     (  907): [DataConnectionTracker] cid[0] rx:2162 preRx:2151, tx:1497 preTx:1490
10-31 14:49:41.089 D/GSM     (  907): [DataConnectionTracker] cid[0] sent:7 received: 11 sentSinceLastRecv:0
10-31 14:49:41.222 D/GSM     (  907): [DataConnectionTracker] cid[1] rx:0 preRx:0, tx:0 preTx:0
10-31 14:49:41.308 D/GSM     (  907): [DataConnectionTracker] cid[2] rx:0 preRx:0, tx:0 preTx:0
10-31 14:49:41.339 D/GSM     (  907): [DataConnectionTracker] netStatPollPeriod: 1000
10-31 14:49:41.339 D/GSM     (  907): [DataConnectionTracker]                                      
10-31 14:49:42.348 D/GSM     (  907): [DataConnectionTracker] cid[0] rx:2175 preRx:2162, tx:1505 preTx:1497
10-31 14:49:42.348 D/GSM     (  907): [DataConnectionTracker] cid[0] sent:8 received: 13 sentSinceLastRecv:0
10-31 14:49:42.379 D/GSM     (  907): [DataConnectionTracker] cid[1] rx:0 preRx:0, tx:0 preTx:0
10-31 14:49:42.403 D/GSM     (  907): [DataConnectionTracker] cid[2] rx:0 preRx:0, tx:0 preTx:0
10-31 14:49:42.433 D/GSM     (  907): [DataConnectionTracker] netStatPollPeriod: 1000
10-31 14:49:42.433 D/GSM     (  907): [DataConnectionTracker]                                      
10-31 14:49:43.457 D/GSM     (  907): [DataConnectionTracker] cid[0] rx:2187 preRx:2175, tx:1517 preTx:1505
10-31 14:49:43.457 D/GSM     (  907): [DataConnectionTracker] cid[0] sent:12 received: 12 sentSinceLastRecv:0
10-31 14:49:43.558 D/GSM     (  907): [DataConnectionTracker] cid[1] rx:0 preRx:0, tx:0 preTx:0
10-31 14:49:43.652 D/GSM     (  907): [DataConnectionTracker] cid[2] rx:0 preRx:0, tx:0 preTx:0
10-31 14:49:43.722 D/GSM     (  907): [DataConnectionTracker] netStatPollPeriod: 1000
10-31 14:49:43.722 D/GSM     (  907): [DataConnectionTracker]                                      
10-31 14:49:44.746 D/GSM     (  907): [DataConnectionTracker] cid[0] rx:2198 preRx:2187, tx:1526 preTx:1517
10-31 14:49:44.746 D/GSM     (  907): [DataConnectionTracker] cid[0] sent:9 received: 11 sentSinceLastRecv:0
10-31 14:49:45.075 D/GSM     (  907): [DataConnectionTracker] cid[1] rx:0 preRx:0, tx:0 preTx:0
10-31 14:49:45.106 D/GSM     (  907): [DataConnectionTracker] cid[2] rx:0 preRx:0, tx:0 preTx:0
10-31 14:49:45.160 D/GSM     (  907): [DataConnectionTracker] netStatPollPeriod: 1000
10-31 14:49:45.160 D/GSM     (  907): [DataConnectionTracker]                                      
10-31 14:49:46.175 D/GSM     (  907): [DataConnectionTracker] cid[0] rx:2212 preRx:2198, tx:1535 preTx:1526
10-31 14:49:46.175 D/GSM     (  907): [DataConnectionTracker] cid[0] sent:9 received: 14 sentSinceLastRecv:0
10-31 14:49:46.403 D/GSM     (  907): [DataConnectionTracker] cid[1] rx:0 preRx:0, tx:0 preTx:0
10-31 14:49:46.464 D/GSM     (  907): [DataConnectionTracker] cid[2] rx:0 preRx:0, tx:0 preTx:0
10-31 14:49:46.489 D/GSM     (  907): [DataConnectionTracker] netStatPollPeriod: 1000
10-31 14:49:46.489 D/GSM     (  907): [DataConnectionTracker]                                      
10-31 14:49:47.496 D/GSM     (  907): [DataConnectionTracker] cid[0] rx:2224 preRx:2212, tx:1543 preTx:1535
10-31 14:49:47.496 D/GSM     (  907): [DataConnectionTracker] cid[0] sent:8 received: 12 sentSinceLastRecv:0
10-31 14:49:47.542 D/GSM     (  907): [DataConnectionTracker] cid[1] rx:0 preRx:0, tx:0 preTx:0
10-31 14:49:47.621 D/GSM     (  907): [DataConnectionTracker] cid[2] rx:0 preRx:0, tx:0 preTx:0
10-31 14:49:47.700 D/GSM     (  907): [DataConnectionTracker] netStatPollPeriod: 1000
10-31 14:49:47.700 D/GSM     (  907): [DataConnectionTracker]                                      
10-31 14:49:48.714 D/GSM     (  907): [DataConnectionTracker] cid[0] rx:2238 preRx:2224, tx:1550 preTx:1543
10-31 14:49:48.714 D/GSM     (  907): [DataConnectionTracker] cid[0] sent:7 received: 14 sentSinceLastRecv:0
10-31 14:49:48.753 D/GSM     (  907): [DataConnectionTracker] cid[1] rx:0 preRx:0, tx:0 preTx:0
10-31 14:49:48.793 D/GSM     (  907): [DataConnectionTracker] cid[2] rx:0 preRx:0, tx:0 preTx:0
10-31 14:49:48.832 D/GSM     (  907): [DataConnectionTracker] netStatPollPeriod: 1000
10-31 14:49:48.832 D/GSM     (  907): [DataConnectionTracker]                                      
10-31 14:49:49.840 D/GSM     (  907): [DataConnectionTracker] cid[0] rx:2250 preRx:2238, tx:1558 preTx:1550
10-31 14:49:49.840 D/GSM     (  907): [DataConnectionTracker] cid[0] sent:8 received: 12 sentSinceLastRecv:0
10-31 14:49:49.878 D/GSM     (  907): [DataConnectionTracker] cid[1] rx:0 preRx:0, tx:0 preTx:0
10-31 14:49:49.917 D/GSM     (  907): [DataConnectionTracker] cid[2] rx:0 preRx:0, tx:0 preTx:0
10-31 14:49:49.949 D/GSM     (  907): [DataConnectionTracker] netStatPollPeriod: 1000
10-31 14:49:49.949 D/GSM     (  907): [DataConnectionTracker]                                      
10-31 14:49:50.957 D/GSM     (  907): [DataConnectionTracker] cid[0] rx:2258 preRx:2250, tx:1563 preTx:1558
10-31 14:49:50.957 D/GSM     (  907): [DataConnectionTracker] cid[0] sent:5 received: 8 sentSinceLastRecv:0
10-31 14:49:50.988 D/GSM     (  907): [DataConnectionTracker] cid[1] rx:0 preRx:0, tx:0 preTx:0
10-31 14:49:51.019 D/GSM     (  907): [DataConnectionTracker] cid[2] rx:0 preRx:0, tx:0 preTx:0
10-31 14:49:51.113 D/GSM     (  907): [DataConnectionTracker] netStatPollPeriod: 1000
10-31 14:49:51.113 D/GSM     (  907): [DataConnectionTracker]                                      
10-31 14:49:51.231 I/RILC    (  749): monitor receive begin
10-31 14:49:51.231 I/RILC    (  749): monitor receive pCh[0]< 1 bytes 
10-31 14:49:51.231 I/RILC    (  749): monitor receive end
10-31 14:49:51.231 I/RILC    (  749): AT[0]< 
10-31 14:49:51.231 I/RILC    (  749): monitor receive begin
10-31 14:49:51.231 I/RILC    (  749): monitor receive pCh[0]< 1 bytes 
10-31 14:49:51.231 I/RILC    (  749): monitor receive end
10-31 14:49:51.231 I/RILC    (  749): AT[0]< 
10-31 14:49:51.231 I/RILC    (  749): monitor receive begin
10-31 14:49:51.231 I/RILC    (  749): monitor receive pCh[0]< 13 bytes +ECSQ: 17,99
10-31 14:49:51.231 I/RILC    (  749): monitor receive end
10-31 14:49:51.231 I/RILC    (  749): AT[0]< +ECSQ: 17,99
10-31 14:49:51.231 I/RILC    (  749): monitor receive begin
10-31 14:49:51.231 I/RILC    (  749): monitor receive pCh[0]< 1 bytes 
10-31 14:49:51.231 I/RILC    (  749): monitor receive end
10-31 14:49:51.231 I/RILC    (  749): AT[0]< 
10-31 14:49:51.238 V/RILJ    (  907): <<<<<RIL Recv: 
10-31 14:49:52.122 D/GSM     (  907): [DataConnectionTracker] cid[0] rx:2270 preRx:2258, tx:1570 preTx:1563
10-31 14:49:52.122 D/GSM     (  907): [DataConnectionTracker] cid[0] sent:7 received: 12 sentSinceLastRecv:0
10-31 14:49:52.161 D/GSM     (  907): [DataConnectionTracker] cid[1] rx:0 preRx:0, tx:0 preTx:0
10-31 14:49:52.214 D/GSM     (  907): [DataConnectionTracker] cid[2] rx:0 preRx:0, tx:0 preTx:0
10-31 14:49:52.285 D/GSM     (  907): [DataConnectionTracker] netStatPollPeriod: 1000
10-31 14:49:52.285 D/GSM     (  907): [DataConnectionTracker]                                      
10-31 14:49:53.292 D/GSM     (  907): [DataConnectionTracker] cid[0] rx:2285 preRx:2270, tx:1580 preTx:1570
10-31 14:49:53.292 D/GSM     (  907): [DataConnectionTracker] cid[0] sent:10 received: 15 sentSinceLastRecv:0
10-31 14:49:53.324 D/GSM     (  907): [DataConnectionTracker] cid[1] rx:0 preRx:0, tx:0 preTx:0
10-31 14:49:53.356 D/GSM     (  907): [DataConnectionTracker] cid[2] rx:0 preRx:0, tx:0 preTx:0
10-31 14:49:53.386 D/GSM     (  907): [DataConnectionTracker] netStatPollPeriod: 1000
10-31 14:49:53.386 D/GSM     (  907): [DataConnectionTracker]                                      
10-31 14:49:54.410 D/GSM     (  907): [DataConnectionTracker] cid[0] rx:2299 preRx:2285, tx:1588 preTx:1580
10-31 14:49:54.410 D/GSM     (  907): [DataConnectionTracker] cid[0] sent:8 received: 14 sentSinceLastRecv:0
10-31 14:49:54.457 D/GSM     (  907): [DataConnectionTracker] cid[1] rx:0 preRx:0, tx:0 preTx:0
10-31 14:49:54.777 D/GSM     (  907): [DataConnectionTracker] cid[2] rx:0 preRx:0, tx:0 preTx:0
10-31 14:49:54.856 D/GSM     (  907): [DataConnectionTracker] netStatPollPeriod: 1000
10-31 14:49:54.871 D/GSM     (  907): [DataConnectionTracker]                                      
10-31 14:49:55.872 D/GSM     (  907): [DataConnectionTracker] cid[0] rx:2316 preRx:2299, tx:1599 preTx:1588
10-31 14:49:55.872 D/GSM     (  907): [DataConnectionTracker] cid[0] sent:11 received: 17 sentSinceLastRecv:0
10-31 14:49:55.925 D/GSM     (  907): [DataConnectionTracker] cid[1] rx:0 preRx:0, tx:0 preTx:0
10-31 14:49:55.996 D/GSM     (  907): [DataConnectionTracker] cid[2] rx:0 preRx:0, tx:0 preTx:0
10-31 14:49:56.042 D/GSM     (  907): [DataConnectionTracker] netStatPollPeriod: 1000
10-31 14:49:56.042 D/GSM     (  907): [DataConnectionTracker]                                      
10-31 14:49:57.051 D/GSM     (  907): [DataConnectionTracker] cid[0] rx:2330 preRx:2316, tx:1608 preTx:1599
10-31 14:49:57.051 D/GSM     (  907): [DataConnectionTracker] cid[0] sent:9 received: 14 sentSinceLastRecv:0
10-31 14:49:57.121 D/GSM     (  907): [DataConnectionTracker] cid[1] rx:0 preRx:0, tx:0 preTx:0
10-31 14:49:57.191 D/GSM     (  907): [DataConnectionTracker] cid[2] rx:0 preRx:0, tx:0 preTx:0
10-31 14:49:57.231 D/GSM     (  907): [DataConnectionTracker] netStatPollPeriod: 1000
10-31 14:49:57.231 D/GSM     (  907): [DataConnectionTracker]                                      
10-31 14:49:58.239 D/GSM     (  907): [DataConnectionTracker] cid[0] rx:2346 preRx:2330, tx:1618 preTx:1608
10-31 14:49:58.239 D/GSM     (  907): [DataConnectionTracker] cid[0] sent:10 received: 16 sentSinceLastRecv:0
10-31 14:49:58.269 D/GSM     (  907): [DataConnectionTracker] cid[1] rx:0 preRx:0, tx:0 preTx:0
10-31 14:49:58.308 D/GSM     (  907): [DataConnectionTracker] cid[2] rx:0 preRx:0, tx:0 preTx:0
10-31 14:49:58.339 D/GSM     (  907): [DataConnectionTracker] netStatPollPeriod: 1000
10-31 14:49:58.339 D/GSM     (  907): [DataConnectionTracker]                                      
10-31 14:49:59.355 D/GSM     (  907): [DataConnectionTracker] cid[0] rx:2360 preRx:2346, tx:1626 preTx:1618
10-31 14:49:59.355 D/GSM     (  907): [DataConnectionTracker] cid[0] sent:8 received: 14 sentSinceLastRecv:0
10-31 14:49:59.394 D/GSM     (  907): [DataConnectionTracker] cid[1] rx:0 preRx:0, tx:0 preTx:0
10-31 14:49:59.582 D/GSM     (  907): [DataConnectionTracker] cid[2] rx:0 preRx:0, tx:0 preTx:0
10-31 14:49:59.653 D/GSM     (  907): [DataConnectionTracker] netStatPollPeriod: 1000
10-31 14:49:59.653 D/GSM     (  907): [DataConnectionTracker]                                      
10-31 14:50:00.667 D/GSM     (  907): [DataConnectionTracker] cid[0] rx:2378 preRx:2360, tx:1636 preTx:1626
10-31 14:50:00.667 D/GSM     (  907): [DataConnectionTracker] cid[0] sent:10 received: 18 sentSinceLastRecv:0
10-31 14:50:00.715 D/GSM     (  907): [DataConnectionTracker] cid[1] rx:0 preRx:0, tx:0 preTx:0
10-31 14:50:00.770 D/GSM     (  907): [DataConnectionTracker] cid[2] rx:0 preRx:0, tx:0 preTx:0
10-31 14:50:00.801 D/GSM     (  907): [DataConnectionTracker] netStatPollPeriod: 1000
10-31 14:50:00.801 D/GSM     (  907): [DataConnectionTracker]                                      
10-31 14:50:01.824 D/GSM     (  907): [DataConnectionTracker] cid[0] rx:2382 preRx:2378, tx:1639 preTx:1636
10-31 14:50:01.824 D/GSM     (  907): [DataConnectionTracker] cid[0] sent:3 received: 4 sentSinceLastRecv:0
10-31 14:50:01.910 D/GSM     (  907): [DataConnectionTracker] cid[1] rx:0 preRx:0, tx:0 preTx:0
10-31 14:50:01.972 D/GSM     (  907): [DataConnectionTracker] cid[2] rx:0 preRx:0, tx:0 preTx:0
10-31 14:50:02.003 D/GSM     (  907): [DataConnectionTracker] netStatPollPeriod: 1000
10-31 14:50:02.003 D/GSM     (  907): [DataConnectionTracker]                                      
10-31 14:50:03.012 D/GSM     (  907): [DataConnectionTracker] cid[0] rx:2391 preRx:2382, tx:1644 preTx:1639
10-31 14:50:03.012 D/GSM     (  907): [DataConnectionTracker] cid[0] sent:5 received: 9 sentSinceLastRecv:0
10-31 14:50:03.074 D/GSM     (  907): [DataConnectionTracker] cid[1] rx:0 preRx:0, tx:0 preTx:0
10-31 14:50:03.113 D/GSM     (  907): [DataConnectionTracker] cid[2] rx:0 preRx:0, tx:0 preTx:0
10-31 14:50:03.183 D/GSM     (  907): [DataConnectionTracker] netStatPollPeriod: 1000
10-31 14:50:03.183 D/GSM     (  907): [DataConnectionTracker]                                      
10-31 14:50:04.192 D/GSM     (  907): [DataConnectionTracker] cid[0] rx:2410 preRx:2391, tx:1656 preTx:1644
10-31 14:50:04.192 D/GSM     (  907): [DataConnectionTracker] cid[0] sent:12 received: 19 sentSinceLastRecv:0
10-31 14:50:04.222 D/GSM     (  907): [DataConnectionTracker] cid[1] rx:0 preRx:0, tx:0 preTx:0
10-31 14:50:04.253 D/GSM     (  907): [DataConnectionTracker] cid[2] rx:0 preRx:0, tx:0 preTx:0
10-31 14:50:04.292 D/GSM     (  907): [DataConnectionTracker] netStatPollPeriod: 1000
10-31 14:50:04.292 D/GSM     (  907): [DataConnectionTracker]                                      
10-31 14:50:05.301 D/GSM     (  907): [DataConnectionTracker] cid[0] rx:2424 preRx:2410, tx:1664 preTx:1656
10-31 14:50:05.301 D/GSM     (  907): [DataConnectionTracker] cid[0] sent:8 received: 14 sentSinceLastRecv:0
10-31 14:50:05.590 D/GSM     (  907): [DataConnectionTracker] cid[1] rx:0 preRx:0, tx:0 preTx:0
10-31 14:50:05.628 D/GSM     (  907): [DataConnectionTracker] cid[2] rx:0 preRx:0, tx:0 preTx:0
10-31 14:50:05.653 D/GSM     (  907): [DataConnectionTracker] netStatPollPeriod: 1000
10-31 14:50:05.653 D/GSM     (  907): [DataConnectionTracker]                                      
10-31 14:50:06.660 D/GSM     (  907): [DataConnectionTracker] cid[0] rx:2442 preRx:2424, tx:1675 preTx:1664
10-31 14:50:06.660 D/GSM     (  907): [DataConnectionTracker] cid[0] sent:11 received: 18 sentSinceLastRecv:0
10-31 14:50:06.746 D/GSM     (  907): [DataConnectionTracker] cid[1] rx:0 preRx:0, tx:0 preTx:0
10-31 14:50:06.824 D/GSM     (  907): [DataConnectionTracker] cid[2] rx:0 preRx:0, tx:0 preTx:0
10-31 14:50:06.855 D/GSM     (  907): [DataConnectionTracker] netStatPollPeriod: 1000
10-31 14:50:06.855 D/GSM     (  907): [DataConnectionTracker]                                      
10-31 14:50:07.871 D/GSM     (  907): [DataConnectionTracker] cid[0] rx:2461 preRx:2442, tx:1686 preTx:1675
10-31 14:50:07.871 D/GSM     (  907): [DataConnectionTracker] cid[0] sent:11 received: 19 sentSinceLastRecv:0
10-31 14:50:07.902 D/GSM     (  907): [DataConnectionTracker] cid[1] rx:0 preRx:0, tx:0 preTx:0
10-31 14:50:07.933 D/GSM     (  907): [DataConnectionTracker] cid[2] rx:0 preRx:0, tx:0 preTx:0
10-31 14:50:07.980 D/GSM     (  907): [DataConnectionTracker] netStatPollPeriod: 1000
10-31 14:50:07.980 D/GSM     (  907): [DataConnectionTracker]                                      
10-31 14:50:08.996 D/GSM     (  907): [DataConnectionTracker] cid[0] rx:2478 preRx:2461, tx:1696 preTx:1686
10-31 14:50:08.996 D/GSM     (  907): [DataConnectionTracker] cid[0] sent:10 received: 17 sentSinceLastRecv:0
10-31 14:50:09.106 D/GSM     (  907): [DataConnectionTracker] cid[1] rx:0 preRx:0, tx:0 preTx:0
10-31 14:50:09.160 D/GSM     (  907): [DataConnectionTracker] cid[2] rx:0 preRx:0, tx:0 preTx:0
10-31 14:50:09.192 D/GSM     (  907): [DataConnectionTracker] netStatPollPeriod: 1000
10-31 14:50:09.192 D/GSM     (  907): [DataConnectionTracker]                                      
10-31 14:50:10.200 D/GSM     (  907): [DataConnectionTracker] cid[0] rx:2493 preRx:2478, tx:1705 preTx:1696
10-31 14:50:10.200 D/GSM     (  907): [DataConnectionTracker] cid[0] sent:9 received: 15 sentSinceLastRecv:0
10-31 14:50:10.277 D/GSM     (  907): [DataConnectionTracker] cid[1] rx:0 preRx:0, tx:0 preTx:0
10-31 14:50:10.317 D/GSM     (  907): [DataConnectionTracker] cid[2] rx:0 preRx:0, tx:0 preTx:0
10-31 14:50:10.356 D/GSM     (  907): [DataConnectionTracker] netStatPollPeriod: 1000
10-31 14:50:10.356 D/GSM     (  907): [DataConnectionTracker]                                      
10-31 14:50:10.442 I/RILC    (  749): monitor receive begin
10-31 14:50:10.442 I/RILC    (  749): monitor receive pCh[0]< 1 bytes 
10-31 14:50:10.442 I/RILC    (  749): monitor receive end
10-31 14:50:10.442 I/RILC    (  749): AT[0]< 
10-31 14:50:10.442 I/RILC    (  749): monitor receive begin
10-31 14:50:10.464 I/RILC    (  749): monitor receive pCh[0]< 1 bytes 
10-31 14:50:10.464 I/RILC    (  749): monitor receive end
10-31 14:50:10.464 I/RILC    (  749): AT[0]< 
10-31 14:50:10.464 I/RILC    (  749): monitor receive begin
10-31 14:50:10.464 I/RILC    (  749): monitor receive pCh[0]< 13 bytes +ECSQ: 14,99
10-31 14:50:10.464 I/RILC    (  749): monitor receive end
10-31 14:50:10.464 I/RILC    (  749): AT[0]< +ECSQ: 14,99
10-31 14:50:10.464 V/RILJ    (  907): <<<<<RIL Recv: 
10-31 14:50:10.464 I/RILC    (  749): monitor receive begin
10-31 14:50:10.464 I/RILC    (  749): monitor receive pCh[0]< 1 bytes 
10-31 14:50:10.464 I/RILC    (  749): monitor receive end
10-31 14:50:10.464 I/RILC    (  749): AT[0]< 
10-31 14:50:11.364 D/GSM     (  907): [DataConnectionTracker] cid[0] rx:2510 preRx:2493, tx:1716 preTx:1705
10-31 14:50:11.364 D/GSM     (  907): [DataConnectionTracker] cid[0] sent:11 received: 17 sentSinceLastRecv:0
10-31 14:50:11.403 D/GSM     (  907): [DataConnectionTracker] cid[1] rx:0 preRx:0, tx:0 preTx:0
10-31 14:50:11.449 D/GSM     (  907): [DataConnectionTracker] cid[2] rx:0 preRx:0, tx:0 preTx:0
10-31 14:50:11.504 D/GSM     (  907): [DataConnectionTracker] netStatPollPeriod: 1000
10-31 14:50:11.504 D/GSM     (  907): [DataConnectionTracker]                                      
10-31 14:50:12.512 D/GSM     (  907): [DataConnectionTracker] cid[0] rx:2527 preRx:2510, tx:1725 preTx:1716
10-31 14:50:12.512 D/GSM     (  907): [DataConnectionTracker] cid[0] sent:9 received: 17 sentSinceLastRecv:0
10-31 14:50:12.543 D/GSM     (  907): [DataConnectionTracker] cid[1] rx:0 preRx:0, tx:0 preTx:0
10-31 14:50:12.589 D/GSM     (  907): [DataConnectionTracker] cid[2] rx:0 preRx:0, tx:0 preTx:0
10-31 14:50:12.817 D/GSM     (  907): [DataConnectionTracker] netStatPollPeriod: 1000
10-31 14:50:12.817 D/GSM     (  907): [DataConnectionTracker]                                      
10-31 14:50:13.832 D/GSM     (  907): [DataConnectionTracker] cid[0] rx:2547 preRx:2527, tx:1738 preTx:1725
10-31 14:50:13.832 D/GSM     (  907): [DataConnectionTracker] cid[0] sent:13 received: 20 sentSinceLastRecv:0
10-31 14:50:13.894 D/GSM     (  907): [DataConnectionTracker] cid[1] rx:0 preRx:0, tx:0 preTx:0
10-31 14:50:13.942 D/GSM     (  907): [DataConnectionTracker] cid[2] rx:0 preRx:0, tx:0 preTx:0
10-31 14:50:13.980 D/GSM     (  907): [DataConnectionTracker] netStatPollPeriod: 1000
10-31 14:50:13.980 D/GSM     (  907): [DataConnectionTracker]                                      
10-31 14:50:14.989 D/GSM     (  907): [DataConnectionTracker] cid[0] rx:2563 preRx:2547, tx:1747 preTx:1738
10-31 14:50:14.989 D/GSM     (  907): [DataConnectionTracker] cid[0] sent:9 received: 16 sentSinceLastRecv:0
10-31 14:50:15.019 D/GSM     (  907): [DataConnectionTracker] cid[1] rx:0 preRx:0, tx:0 preTx:0
10-31 14:50:15.043 D/GSM     (  907): [DataConnectionTracker] cid[2] rx:0 preRx:0, tx:0 preTx:0
10-31 14:50:15.363 D/GSM     (  907): [DataConnectionTracker] netStatPollPeriod: 1000
10-31 14:50:15.363 D/GSM     (  907): [DataConnectionTracker]                                      
10-31 14:50:16.194 I/RILC    (  749): monitor receive begin
10-31 14:50:16.194 I/RILC    (  749): monitor receive pCh[0]< 1 bytes 
10-31 14:50:16.194 I/RILC    (  749): monitor receive end
10-31 14:50:16.194 I/RILC    (  749): AT[0]< 
10-31 14:50:16.194 I/RILC    (  749): monitor receive begin
10-31 14:50:16.194 I/RILC    (  749): monitor receive pCh[0]< 1 bytes 
10-31 14:50:16.194 I/RILC    (  749): monitor receive end
10-31 14:50:16.194 I/RILC    (  749): AT[0]< 
10-31 14:50:16.194 I/RILC    (  749): monitor receive begin
10-31 14:50:16.194 I/RILC    (  749): monitor receive pCh[0]< 13 bytes +ECSQ: 11,99
10-31 14:50:16.194 I/RILC    (  749): monitor receive end
10-31 14:50:16.199 I/RILC    (  749): AT[0]< +ECSQ: 11,99
10-31 14:50:16.207 I/RILC    (  749): monitor receive begin
10-31 14:50:16.207 I/RILC    (  749): monitor receive pCh[0]< 1 bytes 
10-31 14:50:16.207 I/RILC    (  749): monitor receive end
10-31 14:50:16.207 I/RILC    (  749): AT[0]< 
10-31 14:50:16.207 V/RILJ    (  907): <<<<<RIL Recv: 
10-31 14:50:16.395 D/GSM     (  907): [DataConnectionTracker] cid[0] rx:2583 preRx:2563, tx:1758 preTx:1747
10-31 14:50:16.395 D/GSM     (  907): [DataConnectionTracker] cid[0] sent:11 received: 20 sentSinceLastRecv:0
10-31 14:50:16.465 D/GSM     (  907): [DataConnectionTracker] cid[1] rx:0 preRx:0, tx:0 preTx:0
10-31 14:50:16.504 D/GSM     (  907): [DataConnectionTracker] cid[2] rx:0 preRx:0, tx:0 preTx:0
10-31 14:50:16.536 D/GSM     (  907): [DataConnectionTracker] netStatPollPeriod: 1000
10-31 14:50:16.536 D/GSM     (  907): [DataConnectionTracker]                                      
10-31 14:50:17.550 D/GSM     (  907): [DataConnectionTracker] cid[0] rx:2602 preRx:2583, tx:1768 preTx:1758
10-31 14:50:17.550 D/GSM     (  907): [DataConnectionTracker] cid[0] sent:10 received: 19 sentSinceLastRecv:0
10-31 14:50:17.597 D/GSM     (  907): [DataConnectionTracker] cid[1] rx:0 preRx:0, tx:0 preTx:0
10-31 14:50:17.628 D/GSM     (  907): [DataConnectionTracker] cid[2] rx:0 preRx:0, tx:0 preTx:0
10-31 14:50:17.661 D/GSM     (  907): [DataConnectionTracker] netStatPollPeriod: 1000
10-31 14:50:17.661 D/GSM     (  907): [DataConnectionTracker]                                      
10-31 14:50:18.597 D/RILJ    (  907): [0515]> SCREEN_STATE: false
10-31 14:50:18.644 V/RILJ    (  907): >>>>RIL Send: 
10-31 14:50:18.644 I/RILC    (  749): onRequest: SCREEN_STATE ,token=515
10-31 14:50:18.644 I/RILC    (  749): OnRequest: RIL_REQUEST_SCREEN_STATE
10-31 14:50:18.644 I/RILC    (  749): AT[1]> AT+CREG=0
10-31 14:50:18.660 D/GSM     (  907): [DataConnectionTracker] Received Intent: android.intent.action.SCREEN_OFF
10-31 14:50:18.660 D/GSM     (  907): [DataConnectionTracker] Stop poll NetStat
10-31 14:50:18.660 D/GSM     (  907): [DataConnectionTracker] Start poll NetStat
10-31 14:50:18.660 I/RILC    (  749): monitor receive begin
10-31 14:50:18.660 I/RILC    (  749): monitor receive pCh[1]< 1 bytes 
10-31 14:50:18.660 I/RILC    (  749): monitor receive end
10-31 14:50:18.660 I/RILC    (  749): AT[1]< 
10-31 14:50:18.660 I/RILC    (  749): monitor receive begin
10-31 14:50:18.660 I/RILC    (  749): monitor receive pCh[1]< 1 bytes 
10-31 14:50:18.660 I/RILC    (  749): monitor receive end
10-31 14:50:18.660 I/RILC    (  749): AT[1]< 
10-31 14:50:18.660 I/RILC    (  749): monitor receive begin
10-31 14:50:18.660 I/RILC    (  749): monitor receive pCh[1]< 3 bytes OK
10-31 14:50:18.660 I/RILC    (  749): monitor receive end
10-31 14:50:18.660 I/RILC    (  749): AT[1]< OK
10-31 14:50:18.660 I/RILC    (  749): monitor receive begin
10-31 14:50:18.660 I/RILC    (  749): monitor receive pCh[1]< 1 bytes 
10-31 14:50:18.660 I/RILC    (  749): monitor receive end
10-31 14:50:18.660 I/RILC    (  749): AT[1]< 
10-31 14:50:18.660 I/RILC    (  749): [RILD:1] response ready = [OK]
10-31 14:50:18.660 I/RILC    (  749): AT[1]> AT+CGREG=0
10-31 14:50:18.660 I/RILC    (  749): monitor receive begin
10-31 14:50:18.660 I/RILC    (  749): monitor receive pCh[1]< 1 bytes 
10-31 14:50:18.660 I/RILC    (  749): monitor receive end
10-31 14:50:18.660 I/RILC    (  749): AT[1]< 
10-31 14:50:18.660 I/RILC    (  749): monitor receive begin
10-31 14:50:18.660 I/RILC    (  749): monitor receive pCh[1]< 1 bytes 
10-31 14:50:18.660 I/RILC    (  749): monitor receive end
10-31 14:50:18.660 I/RILC    (  749): AT[1]< 
10-31 14:50:18.660 I/RILC    (  749): monitor receive begin
10-31 14:50:18.660 I/RILC    (  749): monitor receive pCh[1]< 3 bytes OK
10-31 14:50:18.660 I/RILC    (  749): monitor receive end
10-31 14:50:18.660 I/RILC    (  749): AT[1]< OK
10-31 14:50:18.660 I/RILC    (  749): monitor receive begin
10-31 14:50:18.660 I/RILC    (  749): monitor receive pCh[1]< 1 bytes 
10-31 14:50:18.660 I/RILC    (  749): monitor receive end
10-31 14:50:18.660 I/RILC    (  749): AT[1]< 
10-31 14:50:18.668 I/RILC    (  749): [RILD:1] response ready = [OK]
10-31 14:50:18.668 I/RILC    (  749): AT[1]> AT+ESQOPT=2
10-31 14:50:18.675 D/GSM     (  907): [DataConnectionTracker] cid[0] rx:2615 preRx:-1, tx:1777 preTx:-1
10-31 14:50:18.684 I/RILC    (  749): monitor receive begin
10-31 14:50:18.684 I/RILC    (  749): monitor receive pCh[1]< 1 bytes 
10-31 14:50:18.684 I/RILC    (  749): monitor receive end
10-31 14:50:18.684 I/RILC    (  749): AT[1]< 
10-31 14:50:18.684 I/RILC    (  749): monitor receive begin
